 screen

 Timestamp is 5ad5c41c (Tue Apr 17 17:53:32 2018)

 Preferred load address is 0000000180000000

 Start         Length     Name                   Class
 0001:00000000 000001e0H .text                   CODE
 0001:000001e0 0000ca80H .text$mn                CODE
 0001:0000cc60 00000020H .text$mn$00             CODE
 0001:0000cc80 00000260H .text$x                 CODE
 0002:00000000 00000260H .idata$5                DATA
 0002:00000260 00000010H .00cfg                  DATA
 0002:00000270 00000008H .CRT$XCA                DATA
 0002:00000278 00000008H .CRT$XCU                DATA
 0002:00000280 00000008H .CRT$XCZ                DATA
 0002:00000288 00000008H .CRT$XIA                DATA
 0002:00000290 00000018H .CRT$XIC                DATA
 0002:000002a8 00000008H .CRT$XIZ                DATA
 0002:000002b0 00000008H .CRT$XPA                DATA
 0002:000002b8 00000010H .CRT$XPX                DATA
 0002:000002c8 00000008H .CRT$XPXA               DATA
 0002:000002d0 00000008H .CRT$XPZ                DATA
 0002:000002d8 00000008H .CRT$XTA                DATA
 0002:000002e0 00000010H .CRT$XTZ                DATA
 0002:000002f0 00007368H .rdata                  DATA
 0002:00007658 000001f8H .rdata$r                DATA
 0002:00007850 00000010H .rdata$zETW0            DATA
 0002:00007860 00000077H .rdata$zETW1            DATA
 0002:000078d7 0000002cH .rdata$zETW2            DATA
 0002:00007903 00000001H .rdata$zETW9            DATA
 0002:00007904 0000044cH .rdata$zzzdbg           DATA
 0002:00007d50 00000008H .rtc$IAA                DATA
 0002:00007d58 00000008H .rtc$IZZ                DATA
 0002:00007d60 00000008H .rtc$TAA                DATA
 0002:00007d68 00000008H .rtc$TZZ                DATA
 0002:00007d70 00000c50H .xdata                  DATA
 0002:000089c0 000000ecH .xdata$x                DATA
 0002:00008aac 00000020H .didat$2                DATA
 0002:00008acc 00000024H .didat$3                DATA
 0002:00008af0 00000170H .didat$4                DATA
 0002:00008c60 00000a98H .didat$6                DATA
 0002:000096f8 00000178H .didat$7                DATA
 0002:00009870 00000050H .edata                  DATA
 0002:000098c0 00000028H .idata$2                DATA
 0002:000098e8 00000018H .idata$3                DATA
 0002:00009900 00000260H .idata$4                DATA
 0002:00009b60 00000586H .idata$6                DATA
 0003:00000000 00000978H .data                   DATA
 0003:00000978 000000a0H .data$r                 DATA
 0003:00000a18 00000178H .didat$5                DATA
 0003:00000b90 000011f8H .bss                    DATA
 0004:00000000 00000fccH .pdata                  DATA
 0005:00000000 00000080H .gfids$x                DATA
 0005:00000080 00000038H .gfids$y                DATA
 0006:00000000 00000060H .rsrc$01                DATA
 0006:00000060 00000180H .rsrc$02                DATA

  Address         Publics by Value              Rva+Base               Lib:Object

 0000:00000000       __guard_iat_table          0000000000000000     <absolute>
 0000:00000000       __dynamic_value_reloc_table 0000000000000000     <absolute>
 0000:00000000       __guard_iat_count          0000000000000000     <absolute>
 0000:00000000       __guard_longjmp_table      0000000000000000     <absolute>
 0000:00000000       __guard_longjmp_count      0000000000000000     <absolute>
 0000:00000000       __guard_fids_count         0000000000000000     <absolute>
 0000:00000000       ___safe_se_handler_table   0000000000000000     <absolute>
 0000:00000000       ___safe_se_handler_count   0000000000000000     <absolute>
 0000:00000000       __guard_fids_table         0000000000000000     <absolute>
 0000:00000100       __guard_flags              0000000000000100     <absolute>
 0000:00000000       __ImageBase                0000000180000000     <linker-defined>
 0001:00000000       ?TraceLoggingRegister@__vcrt_trace_logging_provider@@YAJPEBU_TlgProvider_t@1@PEBU_GUID@@P6AX1KE_K2PEAU_EVENT_FILTER_DESCRIPTOR@@PEAX@Z4@Z 0000000180001000 f i libvcruntime:telemetry.obj
 0001:0000007c       ?_TlgEnableCallback@__vcrt_trace_logging_provider@@YAXPEBU_GUID@@KE_K1PEAU_EVENT_FILTER_DESCRIPTOR@@PEAX@Z 000000018000107c f i libvcruntime:telemetry.obj
 0001:00000140       ?_TlgWrite@__vcrt_trace_logging_provider@@YAJPEBU_TlgProvider_t@1@PEFBXPEBU_GUID@@2IPEAU_EVENT_DATA_DESCRIPTOR@@@Z 0000000180001140 f i libvcruntime:telemetry.obj
 0001:000001e0       ?setHandle@IScreen@@UEAAXPEAVScreenHandle@@@Z 00000001800011e0 f   IScreen.obj
 0001:000002c0       ?New@?$Factory@VFunctionTemplate@v8@@@imp@Nan@@SA?AV?$Local@VFunctionTemplate@v8@@@v8@@P6AXAEBV?$FunctionCallbackInfo@VValue@v8@@@3@@ZV?$Local@VValue@v8@@@5@V?$Local@VSignature@v8@@@5@@Z 00000001800012c0 f i screen.obj
 0001:000004a0       ?Call@Callback@Nan@@QEBA?AV?$MaybeLocal@VValue@v8@@@v8@@HQEAV?$Local@VValue@v8@@@4@PEAVAsyncResource@2@@Z 00000001800014a0 f i screen.obj
 0001:000005a0       ??0AsyncWorker@Nan@@QEAA@PEAVCallback@1@PEBD@Z 00000001800015a0 f i screen.obj
 0001:00000670       ??1AsyncWorker@Nan@@UEAA@XZ 0000000180001670 f i screen.obj
 0001:00000730       ?WorkComplete@AsyncWorker@Nan@@UEAAXXZ 0000000180001730 f i screen.obj
 0001:00000810       ?Destroy@AsyncWorker@Nan@@UEAAXXZ 0000000180001810 f i screen.obj
 0001:00000830       ?HandleOKCallback@AsyncWorker@Nan@@MEAAXXZ 0000000180001830 f i screen.obj
 0001:00000880       ?HandleErrorCallback@AsyncWorker@Nan@@MEAAXXZ 0000000180001880 f i screen.obj
 0001:000009f0       ??_EAsyncWorker@Nan@@UEAAPEAXI@Z 00000001800019f0 f i * CIL library *:* CIL module *
 0001:000009f0       ??_GAsyncWorker@Nan@@UEAAPEAXI@Z 00000001800019f0 f i screen.obj
 0001:00000a30       ?Destroy@AsyncBareProgressWorkerBase@Nan@@UEAAXXZ 0000000180001a30 f i screen.obj
 0001:00000a50       ?AsyncProgress_@AsyncBareProgressWorkerBase@Nan@@CAXPEAUuv_async_s@@@Z 0000000180001a50 f i screen.obj
 0001:00000a60       ?AsyncClose_@AsyncBareProgressWorkerBase@Nan@@CAXPEAUuv_handle_s@@@Z 0000000180001a60 f i screen.obj
 0001:00000a80       ??_EAsyncBareProgressWorkerBase@Nan@@UEAAPEAXI@Z 0000000180001a80 f i * CIL library *:* CIL module *
 0001:00000a80       ??_GAsyncBareProgressWorkerBase@Nan@@UEAAPEAXI@Z 0000000180001a80 f i screen.obj
 0001:00000ac0       ?AsyncExecute@Nan@@YAXPEAUuv_work_s@@@Z 0000000180001ac0 f i screen.obj
 0001:00000b00       ?AsyncExecuteComplete@Nan@@YAXPEAUuv_work_s@@@Z 0000000180001b00 f i screen.obj
 0001:00000b30       ??0ScreenHook@@QEAA@PEAVCallback@Nan@@00@Z 0000000180001b30 f i screen.obj
 0001:00000bf0       ??1ScreenHook@@UEAA@XZ     0000000180001bf0 f i screen.obj
 0001:00000cb0       ?Execute@ScreenHook@@UEAAXAEBVExecutionProgress@?$AsyncBareProgressWorker@D@Nan@@@Z 0000000180001cb0 f i screen.obj
 0001:00000cc0       ?onShapeUpdate@ScreenHook@@UEAAXHH@Z 0000000180001cc0 f i screen.obj
 0001:00000d80       ?onMouseMove@ScreenHook@@UEAAXMM@Z 0000000180001d80 f i screen.obj
 0001:00000e40       ?HandleProgressCallback@ScreenHook@@UEAAXPEBD_K@Z 0000000180001e40 f i screen.obj
 0001:00001180       ??_GScreenHook@@UEAAPEAXI@Z 0000000180002180 f i screen.obj
 0001:00001180       ??_EScreenHook@@UEAAPEAXI@Z 0000000180002180 f i * CIL library *:* CIL module *
 0001:000011c0       ?getShape@@YAXAEBV?$FunctionCallbackInfo@VValue@v8@@@Nan@@@Z 00000001800021c0 f   screen.obj
 0001:00001460       ?start@@YAXAEBV?$FunctionCallbackInfo@VValue@v8@@@Nan@@@Z 0000000180002460 f   screen.obj
 0001:00001620       ?run@MSScreen@@UEAAXXZ     0000000180002620 f   MSScreen.obj
 0001:00001620       __except_validate_context_record 0000000180002620 f   libvcruntime:jbcxrval.obj
 0001:00001620       ?stop@@YAXAEBV?$FunctionCallbackInfo@VValue@v8@@@Nan@@@Z 0000000180002620 f   screen.obj
 0001:00001620       ?getCursorPos@MSScreen@@UEBAXAEAH0@Z 0000000180002620 f   MSScreen.obj
 0001:00001620       ?setCursorVisible@MSScreen@@UEAAX_N@Z 0000000180002620 f   MSScreen.obj
 0001:00001620       ?warpCursor@MSScreen@@UEAAXHH@Z 0000000180002620 f   MSScreen.obj
 0001:00001620       ?stop@MSScreen@@UEAAXXZ    0000000180002620 f   MSScreen.obj
 0001:00001620       _guard_check_icall_nop     0000000180002620 f   LIBCMT:guard_support.obj
 0001:00001630       ?setCursorVisible@@YAXAEBV?$FunctionCallbackInfo@VValue@v8@@@Nan@@@Z 0000000180002630 f   screen.obj
 0001:00001670       ?warpCursor@@YAXAEBV?$FunctionCallbackInfo@VValue@v8@@@Nan@@@Z 0000000180002670 f   screen.obj
 0001:000016e0       ?InitAll@@YAXV?$Local@VObject@v8@@@v8@@@Z 00000001800026e0 f   screen.obj
 0001:00001ad0       ?Execute@?$AsyncBareProgressWorker@D@Nan@@EEAAXXZ 0000000180002ad0 f i screen.obj
 0001:00001ae0       ?SendProgress_@?$AsyncProgressWorkerBase@D@Nan@@EEAAXPEBD_K@Z 0000000180002ae0 f i screen.obj
 0001:00001b80       ?WorkProgress@?$AsyncProgressWorkerBase@D@Nan@@UEAAXXZ 0000000180002b80 f i screen.obj
 0001:00001c00       ??_E?$AsyncProgressWorkerBase@D@Nan@@UEAAPEAXI@Z 0000000180002c00 f i * CIL library *:* CIL module *
 0001:00001c00       ??_G?$AsyncProgressWorkerBase@D@Nan@@UEAAPEAXI@Z 0000000180002c00 f i screen.obj
 0001:00001c70       ??_EIScreen@@UEAAPEAXI@Z   0000000180002c70 f i * CIL library *:* CIL module *
 0001:00001c70       ??_GIScreen@@UEAAPEAXI@Z   0000000180002c70 f i MSScreen.obj
 0001:00001ca0       ??_GMSScreen@@UEAAPEAXI@Z  0000000180002ca0 f i MSScreen.obj
 0001:00001ca0       ??_EMSScreen@@UEAAPEAXI@Z  0000000180002ca0 f i * CIL library *:* CIL module *
 0001:00001cd0       ?getShape@MSScreen@@UEBAXAEAH0@Z 0000000180002cd0 f   MSScreen.obj
 0001:00001d2c       __imp_load_uv_mutex_unlock 0000000180002d2c f   node:node.exe
 0001:00001d38       __tailMerge_node_exe       0000000180002d38 f i node:node.exe
 0001:00001db1       __imp_load_uv_queue_work   0000000180002db1 f   node:node.exe
 0001:00001dbd       __imp_load_?Global@Context@v8@@QEAA?AV?$Local@VObject@v8@@@2@XZ 0000000180002dbd f   node:node.exe
 0001:00001dc9       __imp_load_?Value@External@v8@@QEBAPEAXXZ 0000000180002dc9 f   node:node.exe
 0001:00001dd5       __imp_load_?New@External@v8@@SA?AV?$Local@VExternal@v8@@@2@PEAVIsolate@2@PEAX@Z 0000000180002dd5 f   node:node.exe
 0001:00001de1       __imp_load_?NewFromUnsigned@Integer@v8@@SA?AV?$Local@VInteger@v8@@@2@PEAVIsolate@2@I@Z 0000000180002de1 f   node:node.exe
 0001:00001ded       __imp_load_?New@Integer@v8@@SA?AV?$Local@VInteger@v8@@@2@PEAVIsolate@2@H@Z 0000000180002ded f   node:node.exe
 0001:00001df9       __imp_load_?GetCurrentContext@Isolate@v8@@QEAA?AV?$Local@VContext@v8@@@2@XZ 0000000180002df9 f   node:node.exe
 0001:00001e05       __imp_load_?GetCurrent@Isolate@v8@@SAPEAV12@XZ 0000000180002e05 f   node:node.exe
 0001:00001e11       __imp_load_?CreateHandle@HandleScope@v8@@KAPEAPEAVObject@internal@2@PEAVIsolate@42@PEAV342@@Z 0000000180002e11 f   node:node.exe
 0001:00001e1d       __imp_load_?CreateHandle@HandleScope@v8@@CAPEAPEAVObject@internal@2@PEAVHeapObject@42@PEAV342@@Z 0000000180002e1d f   node:node.exe
 0001:00001e29       __imp_load_??1HandleScope@v8@@QEAA@XZ 0000000180002e29 f   node:node.exe
 0001:00001e35       __imp_load_??0HandleScope@v8@@QEAA@PEAVIsolate@1@@Z 0000000180002e35 f   node:node.exe
 0001:00001e41       __imp_load_?Error@Exception@v8@@SA?AV?$Local@VValue@v8@@@2@V?$Local@VString@v8@@@2@@Z 0000000180002e41 f   node:node.exe
 0001:00001e4d       __imp_load_?GetFunction@FunctionTemplate@v8@@QEAA?AV?$Local@VFunction@v8@@@2@XZ 0000000180002e4d f   node:node.exe
 0001:00001e59       __imp_load_?GetFunction@FunctionTemplate@v8@@QEAA?AV?$MaybeLocal@VFunction@v8@@@2@V?$Local@VContext@v8@@@2@@Z 0000000180002e59 f   node:node.exe
 0001:00001e65       __imp_load_?New@FunctionTemplate@v8@@SA?AV?$Local@VFunctionTemplate@v8@@@2@PEAVIsolate@2@P6AXAEBV?$FunctionCallbackInfo@VValue@v8@@@2@@ZV?$Local@VValue@v8@@@2@V?$Local@VSignature@v8@@@2@HW4ConstructorBehavior@2@@Z 0000000180002e65 f   node:node.exe
 0001:00001e71       __imp_load_?ToLocalEmpty@V8@v8@@CAXXZ 0000000180002e71 f   node:node.exe
 0001:00001e7d       __imp_load_?DisposeGlobal@V8@v8@@CAXPEAPEAVObject@internal@2@@Z 0000000180002e7d f   node:node.exe
 0001:00001e89       __imp_load_?GlobalizeReference@V8@v8@@CAPEAPEAVObject@internal@2@PEAVIsolate@42@PEAPEAV342@@Z 0000000180002e89 f   node:node.exe
 0001:00001e95       __imp_load_?Int32Value@Value@v8@@QEBAHXZ 0000000180002e95 f   node:node.exe
 0001:00001ea1       __imp_load_?BooleanValue@Value@v8@@QEBA_NXZ 0000000180002ea1 f   node:node.exe
 0001:00001ead       __imp_load_?ToInt32@Value@v8@@QEBA?AV?$MaybeLocal@VInt32@v8@@@2@V?$Local@VContext@v8@@@2@@Z 0000000180002ead f   node:node.exe
 0001:00001eb9       __imp_load_?ToUint32@Value@v8@@QEBA?AV?$MaybeLocal@VUint32@v8@@@2@V?$Local@VContext@v8@@@2@@Z 0000000180002eb9 f   node:node.exe
 0001:00001ec5       __imp_load_?IsFunction@Value@v8@@QEBA_NXZ 0000000180002ec5 f   node:node.exe
 0001:00001ed1       __imp_load_?Escape@EscapableHandleScope@v8@@AEAAPEAPEAVObject@internal@2@PEAPEAV342@@Z 0000000180002ed1 f   node:node.exe
 0001:00001edd       __imp_load_??0EscapableHandleScope@v8@@QEAA@PEAVIsolate@1@@Z 0000000180002edd f   node:node.exe
 0001:00001ee9       __imp_load_?NewFromUtf8@String@v8@@SA?AV?$MaybeLocal@VString@v8@@@2@PEAVIsolate@2@PEBDW4NewStringType@2@H@Z 0000000180002ee9 f   node:node.exe
 0001:00001ef5       __imp_load_?New@Number@v8@@SA?AV?$Local@VNumber@v8@@@2@PEAVIsolate@2@N@Z 0000000180002ef5 f   node:node.exe
 0001:00001f01       __imp_load_?SlowGetInternalField@Object@v8@@AEAA?AV?$Local@VValue@v8@@@2@H@Z 0000000180002f01 f   node:node.exe
 0001:00001f0d       __imp_load_?New@Object@v8@@SA?AV?$Local@VObject@v8@@@2@PEAVIsolate@2@@Z 0000000180002f0d f   node:node.exe
 0001:00001f19       __imp_load_?SetInternalField@Object@v8@@QEAAXHV?$Local@VValue@v8@@@2@@Z 0000000180002f19 f   node:node.exe
 0001:00001f25       __imp_load_?Set@Object@v8@@QEAA?AV?$Maybe@_N@2@V?$Local@VContext@v8@@@2@V?$Local@VValue@v8@@@2@1@Z 0000000180002f25 f   node:node.exe
 0001:00001f31       __imp_load_?SetInternalFieldCount@ObjectTemplate@v8@@QEAAXH@Z 0000000180002f31 f   node:node.exe
 0001:00001f3d       __imp_load_?NewInstance@ObjectTemplate@v8@@QEAA?AV?$MaybeLocal@VObject@v8@@@2@V?$Local@VContext@v8@@@2@@Z 0000000180002f3d f   node:node.exe
 0001:00001f49       __imp_load_?New@ObjectTemplate@v8@@SA?AV?$Local@VObjectTemplate@v8@@@2@PEAVIsolate@2@V?$Local@VFunctionTemplate@v8@@@2@@Z 0000000180002f49 f   node:node.exe
 0001:00001f55       __imp_load_uv_mutex_lock   0000000180002f55 f   node:node.exe
 0001:00001f61       __imp_load_uv_close        0000000180002f61 f   node:node.exe
 0001:00001f6d       __imp_load_node_module_register 0000000180002f6d f   node:node.exe
 0001:00001f79       __imp_load_?MakeCallback@node@@YA?AV?$Local@VValue@v8@@@v8@@PEAVIsolate@3@V?$Local@VObject@v8@@@3@V?$Local@VFunction@v8@@@3@HPEAV23@@Z 0000000180002f79 f   node:node.exe
 0001:00001f85       __imp_load_uv_mutex_destroy 0000000180002f85 f   node:node.exe
 0001:00001f91       __imp_load_uv_mutex_init   0000000180002f91 f   node:node.exe
 0001:00001f9d       __imp_load_uv_async_send   0000000180002f9d f   node:node.exe
 0001:00001fa9       __imp_load_uv_async_init   0000000180002fa9 f   node:node.exe
 0001:00001fb5       __imp_load_uv_default_loop 0000000180002fb5 f   node:node.exe
 0001:00001fe0       __security_check_cookie    0000000180002fe0 f   LIBCMT:_amdsecgs_.obj
 0001:00002004       ??2@YAPEAX_K@Z             0000000180003004 f   LIBCMT:new_scalar.obj
 0001:00002040       ??_V@YAXPEAX@Z             0000000180003040 f   LIBCMT:delete_array.obj
 0001:00002040       ??3@YAXPEAX_K@Z            0000000180003040 f   LIBCMT:delete_scalar_size.obj
 0001:00002048       ??_U@YAPEAX_K@Z            0000000180003048 f   LIBCMT:new_array.obj
 0001:000023c0       _DllMainCRTStartup         00000001800033c0 f   LIBCMT:dll_dllmain.obj
 0001:00002400       __raise_securityfailure    0000000180003400 f   LIBCMT:gs_report.obj
 0001:00002434       __report_gsfailure         0000000180003434 f   LIBCMT:gs_report.obj
 0001:00002508       __report_rangecheckfailure 0000000180003508 f   LIBCMT:gs_report.obj
 0001:0000251c       __report_securityfailure   000000018000351c f   LIBCMT:gs_report.obj
 0001:0000269c       ??3@YAXPEAX@Z              000000018000369c f   LIBCMT:delete_scalar.obj
 0001:000026a4       ??0bad_alloc@std@@QEAA@AEBV01@@Z 00000001800036a4 f i LIBCMT:throw_bad_alloc.obj
 0001:000026e4       ??0bad_alloc@std@@QEAA@XZ  00000001800036e4 f i LIBCMT:throw_bad_alloc.obj
 0001:00002704       ??0bad_array_new_length@std@@QEAA@AEBV01@@Z 0000000180003704 f i LIBCMT:throw_bad_alloc.obj
 0001:00002744       ??0bad_array_new_length@std@@QEAA@XZ 0000000180003744 f i LIBCMT:throw_bad_alloc.obj
 0001:00002764       ??0exception@std@@QEAA@AEBV01@@Z 0000000180003764 f i LIBCMT:throw_bad_alloc.obj
 0001:0000279c       ??1bad_alloc@std@@UEAA@XZ  000000018000379c f i LIBCMT:throw_bad_alloc.obj
 0001:0000279c       ??1bad_array_new_length@std@@UEAA@XZ 000000018000379c f i LIBCMT:throw_bad_alloc.obj
 0001:000027b0       ??_Ebad_array_new_length@std@@UEAAPEAXI@Z 00000001800037b0 f i LIBCMT:throw_bad_alloc.obj
 0001:000027b0       ??_Ebad_alloc@std@@UEAAPEAXI@Z 00000001800037b0 f i LIBCMT:throw_bad_alloc.obj
 0001:000027b0       ??_Gbad_alloc@std@@UEAAPEAXI@Z 00000001800037b0 f i LIBCMT:throw_bad_alloc.obj
 0001:000027b0       ??_Gbad_array_new_length@std@@UEAAPEAXI@Z 00000001800037b0 f i LIBCMT:throw_bad_alloc.obj
 0001:000027b0       ??_Gexception@std@@UEAAPEAXI@Z 00000001800037b0 f i LIBCMT:throw_bad_alloc.obj
 0001:000027b0       ??_Eexception@std@@UEAAPEAXI@Z 00000001800037b0 f i LIBCMT:throw_bad_alloc.obj
 0001:000027f4       ?__scrt_throw_std_bad_alloc@@YAXXZ 00000001800037f4 f   LIBCMT:throw_bad_alloc.obj
 0001:00002814       ?__scrt_throw_std_bad_array_new_length@@YAXXZ 0000000180003814 f   LIBCMT:throw_bad_alloc.obj
 0001:00002834       ?what@exception@std@@UEBAPEBDXZ 0000000180003834 f i LIBCMT:throw_bad_alloc.obj
 0001:00002848       __scrt_acquire_startup_lock 0000000180003848 f   LIBCMT:utility.obj
 0001:00002884       __scrt_dllmain_after_initialize_c 0000000180003884 f   LIBCMT:utility.obj
 0001:000028b8       __scrt_dllmain_before_initialize_c 00000001800038b8 f   LIBCMT:utility.obj
 0001:000028d0       __scrt_dllmain_crt_thread_attach 00000001800038d0 f   LIBCMT:utility.obj
 0001:000028f8       __scrt_dllmain_crt_thread_detach 00000001800038f8 f   LIBCMT:utility.obj
 0001:00002910       __scrt_dllmain_exception_filter 0000000180003910 f   LIBCMT:utility.obj
 0001:00002974       __scrt_dllmain_uninitialize_c 0000000180003974 f   LIBCMT:utility.obj
 0001:000029a4       __scrt_dllmain_uninitialize_critical 00000001800039a4 f   LIBCMT:utility.obj
 0001:000029b8       __scrt_initialize_crt      00000001800039b8 f   LIBCMT:utility.obj
 0001:00002a04       __scrt_initialize_onexit_tables 0000000180003a04 f   LIBCMT:utility.obj
 0001:00002ad0       __scrt_is_nonwritable_in_current_image 0000000180003ad0 f   LIBCMT:utility.obj
 0001:00002b6c       __scrt_release_startup_lock 0000000180003b6c f   LIBCMT:utility.obj
 0001:00002b90       __scrt_uninitialize_crt    0000000180003b90 f   LIBCMT:utility.obj
 0001:00002bbc       _onexit                    0000000180003bbc f   LIBCMT:utility.obj
 0001:00002c0c       atexit                     0000000180003c0c f   LIBCMT:utility.obj
 0001:00002c24       __security_init_cookie     0000000180003c24 f   LIBCMT:gs_support.obj
 0001:00002cd0       DllMain                    0000000180003cd0 f   LIBCMT:dll_dllmain_stub.obj
 0001:00002cd0       _get_startup_argv_mode     0000000180003cd0 f   LIBCMT:argv_mode.obj
 0001:00002cd8       ?__scrt_initialize_type_info@@YAXXZ 0000000180003cd8 f   LIBCMT:tncleanup.obj
 0001:00002ce8       ?__scrt_uninitialize_type_info@@YAXXZ 0000000180003ce8 f   LIBCMT:tncleanup.obj
 0001:00002cf4       __local_stdio_printf_options 0000000180003cf4 f i LIBCMT:default_local_stdio_options.obj
 0001:00002cfc       __local_stdio_scanf_options 0000000180003cfc f i LIBCMT:default_local_stdio_options.obj
 0001:00002d04       __scrt_initialize_default_local_stdio_options 0000000180003d04 f   LIBCMT:default_local_stdio_options.obj
 0001:00002d20       __scrt_get_dyn_tls_init_callback 0000000180003d20 f   LIBCMT:dyn_tls_init.obj
 0001:00002d28       __crt_debugger_hook        0000000180003d28 f   LIBCMT:utility_desktop.obj
 0001:00002d30       __scrt_fastfail            0000000180003d30 f   LIBCMT:utility_desktop.obj
 0001:00002e78       _RTC_Initialize            0000000180003e78 f   LIBCMT:_initsect_.obj
 0001:00002ec4       _RTC_Terminate             0000000180003ec4 f   LIBCMT:_initsect_.obj
 0001:00002f10       _guard_check_icall         0000000180003f10 f i LIBCMT:checkcfg.obj
 0001:00002f18       ??_Gtype_info@@UEAAPEAXI@Z 0000000180003f18 f i LIBCMT:std_type_info_static.obj
 0001:00002f18       ??_Etype_info@@UEAAPEAXI@Z 0000000180003f18 f i LIBCMT:std_type_info_static.obj
 0001:00002f44       __isa_available_init       0000000180003f44 f   LIBCMT:_cpu_disp_.obj
 0001:00003108       __scrt_is_ucrt_dll_in_use  0000000180004108 f   LIBCMT:ucrt_detection.obj
 0001:00003130       memmove                    0000000180004130 f   libvcruntime:memcpy.obj
 0001:00003130       memcpy                     0000000180004130 f   libvcruntime:memcpy.obj
 0001:00003568       _purecall                  0000000180004568 f   libvcruntime:purevirt.obj
 0001:000035a8       __telemetry_main_invoke_trigger 00000001800045a8 f   libvcruntime:telemetry.obj
 0001:000036c0       __telemetry_main_return_trigger 00000001800046c0 f   libvcruntime:telemetry.obj
 0001:000037d8       __vcrt_initialize_telemetry_provider 00000001800047d8 f   libvcruntime:telemetry.obj
 0001:000037ec       __vcrt_uninitialize_telemetry_provider 00000001800047ec f   libvcruntime:telemetry.obj
 0001:0000380c       __C_specific_handler       000000018000480c f   libvcruntime:_chandler_.obj
 0001:00003a08       __std_exception_copy       0000000180004a08 f   libvcruntime:std_exception.obj
 0001:00003a98       __std_exception_destroy    0000000180004a98 f   libvcruntime:std_exception.obj
 0001:00003ac0       _CxxThrowException         0000000180004ac0 f   libvcruntime:throw.obj
 0001:00003b98       __vcrt_initialize          0000000180004b98 f   libvcruntime:initialization.obj
 0001:00003bd0       __vcrt_thread_attach       0000000180004bd0 f   libvcruntime:initialization.obj
 0001:00003be4       __vcrt_thread_detach       0000000180004be4 f   libvcruntime:initialization.obj
 0001:00003bf8       __vcrt_uninitialize        0000000180004bf8 f   libvcruntime:initialization.obj
 0001:00003c24       __vcrt_uninitialize_critical 0000000180004c24 f   libvcruntime:initialization.obj
 0001:00003c34       __std_type_info_destroy_list 0000000180004c34 f   libvcruntime:std_type_info.obj
 0001:00003c70       memset                     0000000180004c70 f   libvcruntime:memset.obj
 0001:00003e10       __vcrt_initialize_pure_virtual_call_handler 0000000180004e10 f   libvcruntime:purevirt_data.obj
 0001:00003ffc       __vcrt_EventRegister       0000000180004ffc f   libvcruntime:winapi_downlevel.obj
 0001:00004080       __vcrt_EventSetInformation 0000000180005080 f   libvcruntime:winapi_downlevel.obj
 0001:00004104       __vcrt_EventUnregister     0000000180005104 f   libvcruntime:winapi_downlevel.obj
 0001:00004158       __vcrt_EventWriteTransfer  0000000180005158 f   libvcruntime:winapi_downlevel.obj
 0001:000041f0       __vcrt_FlsAlloc            00000001800051f0 f   libvcruntime:winapi_downlevel.obj
 0001:00004244       __vcrt_FlsFree             0000000180005244 f   libvcruntime:winapi_downlevel.obj
 0001:00004298       __vcrt_FlsGetValue         0000000180005298 f   libvcruntime:winapi_downlevel.obj
 0001:000042ec       __vcrt_FlsSetValue         00000001800052ec f   libvcruntime:winapi_downlevel.obj
 0001:00004354       __vcrt_InitializeCriticalSectionEx 0000000180005354 f   libvcruntime:winapi_downlevel.obj
 0001:000043cc       __vcrt_initialize_winapi_thunks 00000001800053cc f   libvcruntime:winapi_downlevel.obj
 0001:00004404       __vcrt_uninitialize_winapi_thunks 0000000180005404 f   libvcruntime:winapi_downlevel.obj
 0001:00004460       _local_unwind              0000000180005460 f   libvcruntime:_jmpuwind_.obj
 0001:00004490       _NLG_Notify                0000000180005490 f   libvcruntime:_jmpuwind_.obj
 0001:000044b0       __NLG_Dispatch2            00000001800054b0 f   libvcruntime:_jmpuwind_.obj
 0001:000044c0       __NLG_Return2              00000001800054c0 f   libvcruntime:_jmpuwind_.obj
 0001:000044c4       __vcrt_freefls             00000001800054c4 f   libvcruntime:per_thread_data.obj
 0001:000044e4       __vcrt_freeptd             00000001800054e4 f   libvcruntime:per_thread_data.obj
 0001:00004534       __vcrt_getptd_noexit       0000000180005534 f   libvcruntime:per_thread_data.obj
 0001:000045ec       __vcrt_initialize_ptd      00000001800055ec f   libvcruntime:per_thread_data.obj
 0001:0000462c       __vcrt_uninitialize_ptd    000000018000562c f   libvcruntime:per_thread_data.obj
 0001:00004650       __vcrt_initialize_locks    0000000180005650 f   libvcruntime:locks.obj
 0001:00004698       __vcrt_uninitialize_locks  0000000180005698 f   libvcruntime:locks.obj
 0001:000046d0       ??0_LocaleUpdate@@QEAA@QEAU__crt_locale_pointers@@@Z 00000001800056d0 f i libucrt:stricmp.obj
 0001:00004760       __ascii_stricmp            0000000180005760 f   libucrt:stricmp.obj
 0001:0000479c       _stricmp                   000000018000579c f   libucrt:stricmp.obj
 0001:000047e4       _stricmp_l                 00000001800057e4 f   libucrt:stricmp.obj
 0001:00004898       __acrt_initialize_new_handler 0000000180005898 f   libucrt:new_handler.obj
 0001:000048a0       _callnewh                  00000001800058a0 f   libucrt:new_handler.obj
 0001:000048e0       _query_new_handler         00000001800058e0 f   libucrt:new_handler.obj
 0001:00004914       malloc                     0000000180005914 f   libucrt:malloc.obj
 0001:0000491c       _initterm                  000000018000591c f   libucrt:initterm.obj
 0001:00004994       _initterm_e                0000000180005994 f   libucrt:initterm.obj
 0001:000049e0       free                       00000001800059e0 f   libucrt:free.obj
 0001:000049e8       _seh_filter_dll            00000001800059e8 f   libucrt:exception_filter.obj
 0001:000049fc       _seh_filter_exe            00000001800059fc f   libucrt:exception_filter.obj
 0001:00004dbc       __acrt_initialize_thread_local_exit_callback 0000000180005dbc f   libucrt:exit.obj
 0001:00004dc4       _cexit                     0000000180005dc4 f   libucrt:exit.obj
 0001:00004dd4       _exit                      0000000180005dd4 f   libucrt:exit.obj
 0001:00004de0       _is_c_termination_complete 0000000180005de0 f   libucrt:exit.obj
 0001:00004fa4       __acrt_allocate_buffer_for_argv 0000000180005fa4 f   libucrt:argv_parsing.obj
 0001:00005008       _configure_narrow_argv     0000000180006008 f   libucrt:argv_parsing.obj
 0001:00005364       __dcrt_uninitialize_environments_nolock 0000000180006364 f   libucrt:environment_initialization.obj
 0001:0000539c       _initialize_narrow_environment 000000018000639c f   libucrt:environment_initialization.obj
 0001:000053a4       ??$?RV<lambda_b8c45f8f788dd370798f47cfe8ac3a86>@@AEAV<lambda_4e60a939b0d047cfe11ddc22648dfba9>@@V<lambda_332c3edc96d0294ec56c57d38c1cdfd5>@@@?$__crt_seh_guarded_call@H@@QEAAH$$QEAV<lambda_b8c45f8f788dd370798f47cfe8ac3a86>@@AEAV<lambda_4e60a939b0d047cfe11ddc22648dfba9>@@$$QEAV<lambda_332c3edc96d0294ec56c57d38c1cdfd5>@@@Z 00000001800063a4 f i libucrt:onexit.obj
 0001:000053e0       ??$?RV<lambda_e24bbb7b643b32fcea6fa61b31d4c984>@@AEAV<lambda_275893d493268fdec8709772e3fcec0e>@@V<lambda_9d71df4d7cf3f480f8d633942495c3b0>@@@?$__crt_seh_guarded_call@H@@QEAAH$$QEAV<lambda_e24bbb7b643b32fcea6fa61b31d4c984>@@AEAV<lambda_275893d493268fdec8709772e3fcec0e>@@$$QEAV<lambda_9d71df4d7cf3f480f8d633942495c3b0>@@@Z 00000001800063e0 f i libucrt:onexit.obj
 0001:0000575c       _crt_atexit                000000018000675c f   libucrt:onexit.obj
 0001:0000576c       _execute_onexit_table      000000018000676c f   libucrt:onexit.obj
 0001:000057a8       _initialize_onexit_table   00000001800067a8 f   libucrt:onexit.obj
 0001:000057e8       _register_onexit_function  00000001800067e8 f   libucrt:onexit.obj
 0001:00005878       __acrt_uninitialize_command_line 0000000180006878 f   libucrt:argv_data.obj
 0001:00005968       __acrt_initialize          0000000180006968 f   libucrt:initialization.obj
 0001:0000597c       __acrt_thread_attach       000000018000697c f   libucrt:initialization.obj
 0001:00005990       __acrt_thread_detach       0000000180006990 f   libucrt:initialization.obj
 0001:000059a0       __acrt_uninitialize        00000001800069a0 f   libucrt:initialization.obj
 0001:000059b4       __acrt_uninitialize_critical 00000001800069b4 f   libucrt:initialization.obj
 0001:000059c4       terminate                  00000001800069c4 f   libucrt:terminate.obj
 0001:000059ec       abort                      00000001800069ec f   libucrt:abort.obj
 0001:00005a44       strcpy_s                   0000000180006a44 f   libucrt:strcpy_s.obj
 0001:00005aa4       _free_base                 0000000180006aa4 f   libucrt:free_base.obj
 0001:00005ae4       _malloc_base               0000000180006ae4 f   libucrt:malloc_base.obj
 0001:00005b44       _calloc_base               0000000180006b44 f   libucrt:calloc_base.obj
 0001:00005bbc       __acrt_call_reportfault    0000000180006bbc f   libucrt:invalid_parameter.obj
 0001:00005d18       __acrt_initialize_invalid_parameter_handler 0000000180006d18 f   libucrt:invalid_parameter.obj
 0001:00005d20       _invalid_parameter         0000000180006d20 f   libucrt:invalid_parameter.obj
 0001:00005dc8       _invalid_parameter_noinfo  0000000180006dc8 f   libucrt:invalid_parameter.obj
 0001:00005de8       _invoke_watson             0000000180006de8 f   libucrt:invalid_parameter.obj
 0001:00005e30       __acrt_errno_from_os_error 0000000180006e30 f   libucrt:errno.obj
 0001:00005e78       __acrt_errno_map_os_error  0000000180006e78 f   libucrt:errno.obj
 0001:00005ec8       __doserrno                 0000000180006ec8 f   libucrt:errno.obj
 0001:00005ee8       _errno                     0000000180006ee8 f   libucrt:errno.obj
 0001:00005f58       _tolower_l                 0000000180006f58 f   libucrt:tolower_toupper.obj
 0001:00006098       ??$?RV<lambda_46352004c1216016012b18bd6f87e700>@@AEAV<lambda_3bd07e1a1191394380780325891bf33f>@@V<lambda_334532d3f185bcaa59b5be82d7d22bff>@@@?$__crt_seh_guarded_call@X@@QEAAX$$QEAV<lambda_46352004c1216016012b18bd6f87e700>@@AEAV<lambda_3bd07e1a1191394380780325891bf33f>@@$$QEAV<lambda_334532d3f185bcaa59b5be82d7d22bff>@@@Z 0000000180007098 f i libucrt:per_thread_data.obj
 0001:000060f8       ??$?RV<lambda_5e887d1dcbef67a5eb4283622ba103bf>@@AEAV<lambda_4466841279450cc726390878d4a41900>@@V<lambda_341c25c0346d94847f1f3c463c57e077>@@@?$__crt_seh_guarded_call@X@@QEAAX$$QEAV<lambda_5e887d1dcbef67a5eb4283622ba103bf>@@AEAV<lambda_4466841279450cc726390878d4a41900>@@$$QEAV<lambda_341c25c0346d94847f1f3c463c57e077>@@@Z 00000001800070f8 f i libucrt:per_thread_data.obj
 0001:00006140       ??$?RV<lambda_72d1df2b273a38828b1ce30cbf4cdab5>@@AEAV<lambda_876a65b173b8412d3a47c70a915b0cf4>@@V<lambda_41932305e351933ebe8f8be3ed8bb5dc>@@@?$__crt_seh_guarded_call@X@@QEAAX$$QEAV<lambda_72d1df2b273a38828b1ce30cbf4cdab5>@@AEAV<lambda_876a65b173b8412d3a47c70a915b0cf4>@@$$QEAV<lambda_41932305e351933ebe8f8be3ed8bb5dc>@@@Z 0000000180007140 f i libucrt:per_thread_data.obj
 0001:00006180       ??$?RV<lambda_fb3a7dec4e47f37f22dae91bb15c9095>@@AEAV<lambda_698284760c8add0bfb0756c19673e34b>@@V<lambda_dfb8eca1e75fef3034a8fb18dd509707>@@@?$__crt_seh_guarded_call@X@@QEAAX$$QEAV<lambda_fb3a7dec4e47f37f22dae91bb15c9095>@@AEAV<lambda_698284760c8add0bfb0756c19673e34b>@@$$QEAV<lambda_dfb8eca1e75fef3034a8fb18dd509707>@@@Z 0000000180007180 f i libucrt:per_thread_data.obj
 0001:00006410       __acrt_freeptd             0000000180007410 f   libucrt:per_thread_data.obj
 0001:00006454       __acrt_getptd              0000000180007454 f   libucrt:per_thread_data.obj
 0001:000064e8       __acrt_getptd_noexit       00000001800074e8 f   libucrt:per_thread_data.obj
 0001:00006588       __acrt_initialize_ptd      0000000180007588 f   libucrt:per_thread_data.obj
 0001:000065c4       __acrt_uninitialize_ptd    00000001800075c4 f   libucrt:per_thread_data.obj
 0001:000065e8       __acrt_update_locale_info  00000001800075e8 f   libucrt:locale_update.obj
 0001:0000661c       __acrt_update_multibyte_info 000000018000761c f   libucrt:locale_update.obj
 0001:00006650       __acrt_set_locale_changed  0000000180007650 f   libucrt:wsetlocale.obj
 0001:0000665c       __acrt_uninitialize_locale 000000018000765c f   libucrt:wsetlocale.obj
 0001:000066a4       __acrt_initialize_locks    00000001800076a4 f   libucrt:locks.obj
 0001:000066ec       __acrt_lock                00000001800076ec f   libucrt:locks.obj
 0001:00006708       __acrt_uninitialize_locks  0000000180007708 f   libucrt:locks.obj
 0001:00006740       __acrt_unlock              0000000180007740 f   libucrt:locks.obj
 0001:000068fc       __acrt_FlsAlloc            00000001800078fc f   libucrt:winapi_thunks.obj
 0001:00006954       __acrt_FlsFree             0000000180007954 f   libucrt:winapi_thunks.obj
 0001:000069ac       __acrt_FlsGetValue         00000001800079ac f   libucrt:winapi_thunks.obj
 0001:00006a04       __acrt_FlsSetValue         0000000180007a04 f   libucrt:winapi_thunks.obj
 0001:00006a6c       __acrt_InitializeCriticalSectionEx 0000000180007a6c f   libucrt:winapi_thunks.obj
 0001:00006ae4       __acrt_LCMapStringEx       0000000180007ae4 f   libucrt:winapi_thunks.obj
 0001:00006bd4       __acrt_LocaleNameToLCID    0000000180007bd4 f   libucrt:winapi_thunks.obj
 0001:00006c3c       __acrt_initialize_winapi_thunks 0000000180007c3c f   libucrt:winapi_thunks.obj
 0001:00006c74       __acrt_is_packaged_app     0000000180007c74 f   libucrt:winapi_thunks.obj
 0001:00006cfc       __acrt_uninitialize_winapi_thunks 0000000180007cfc f   libucrt:winapi_thunks.obj
 0001:0000721c       ?expand_if_necessary@?$argument_list@D@?A0xca0879c4@@AEAAHXZ 000000018000821c f i libucrt:argv_wildcards.obj
 0001:000072e4       __acrt_expand_narrow_argv_wildcards 00000001800082e4 f   libucrt:argv_wildcards.obj
 0001:000072ec       ??$?RV<lambda_99476a1ad63dd22509b5d3e65b0ffc95>@@AEAV<lambda_ad1ced32f4ac17aa236e5ef05d6b3b7c>@@V<lambda_f7424dd8d45958661754dc4f2697e9c3>@@@?$__crt_seh_guarded_call@X@@QEAAX$$QEAV<lambda_99476a1ad63dd22509b5d3e65b0ffc95>@@AEAV<lambda_ad1ced32f4ac17aa236e5ef05d6b3b7c>@@$$QEAV<lambda_f7424dd8d45958661754dc4f2697e9c3>@@@Z 00000001800082ec f i libucrt:mbctype.obj
 0001:000079e8       __acrt_initialize_multibyte 00000001800089e8 f   libucrt:mbctype.obj
 0001:00007a10       __acrt_update_thread_multibyte_data 0000000180008a10 f   libucrt:mbctype.obj
 0001:00007ad0       _setmbcp_nolock            0000000180008ad0 f   libucrt:mbctype.obj
 0001:00007df0       _ismbblead                 0000000180008df0 f   libucrt:ismbbyte.obj
 0001:00007e04       __acrt_initialize_command_line 0000000180008e04 f   libucrt:argv_data.obj
 0001:00007e2c       __dcrt_get_narrow_environment_from_os 0000000180008e2c f   libucrt:get_environment_from_os.obj
 0001:00007f30       _recalloc                  0000000180008f30 f   libucrt:recalloc.obj
 0001:00007f38       _recalloc_base             0000000180008f38 f   libucrt:recalloc.obj
 0001:00007fd0       __acrt_initialize_heap     0000000180008fd0 f   libucrt:heap_handle.obj
 0001:00007fec       __acrt_uninitialize_heap   0000000180008fec f   libucrt:heap_handle.obj
 0001:000081e0       __acrt_initialize_lowio    00000001800091e0 f   libucrt:ioinit.obj
 0001:0000821c       __acrt_uninitialize_lowio  000000018000921c f   libucrt:ioinit.obj
 0001:0000825c       __acrt_execute_initializers 000000018000925c f   libucrt:shared_initialization.obj
 0001:000082f0       __acrt_execute_uninitializers 00000001800092f0 f   libucrt:shared_initialization.obj
 0001:00008340       ??$?RV<lambda_c36588078e9f5dfd39652860aa6b3aaf>@@AEAV<lambda_ec61778202f4f5fc7e7711acc23c3bca>@@V<lambda_dc9d2797ccde5d239b4a0efae8ebd7db>@@@?$__crt_seh_guarded_call@P6AXH@Z@@QEAAP6AXH@Z$$QEAV<lambda_c36588078e9f5dfd39652860aa6b3aaf>@@AEAV<lambda_ec61778202f4f5fc7e7711acc23c3bca>@@$$QEAV<lambda_dc9d2797ccde5d239b4a0efae8ebd7db>@@@Z 0000000180009340 f i libucrt:signal.obj
 0001:00008388       __acrt_get_sigabrt_handler 0000000180009388 f   libucrt:signal.obj
 0001:000083b8       __acrt_initialize_signal_handlers 00000001800093b8 f   libucrt:signal.obj
 0001:000083d8       raise                      00000001800093d8 f   libucrt:signal.obj
 0001:00008674       __acrt_has_user_matherr    0000000180009674 f   libucrt:matherr.obj
 0001:00008694       __acrt_initialize_user_matherr 0000000180009694 f   libucrt:matherr.obj
 0001:0000869c       __acrt_invoke_user_matherr 000000018000969c f   libucrt:matherr.obj
 0001:000086e4       _query_new_mode            00000001800096e4 f   libucrt:new_mode.obj
 0001:000086ec       _mbtowc_l                  00000001800096ec f   libucrt:mbtowc.obj
 0001:00008834       mbtowc                     0000000180009834 f   libucrt:mbtowc.obj
 0001:0000883c       _fileno                    000000018000983c f   libucrt:fileno.obj
 0001:00008864       __acrt_initialize_stdio    0000000180009864 f   libucrt:_file.obj
 0001:00008984       __acrt_uninitialize_stdio  0000000180009984 f   libucrt:_file.obj
 0001:000089e0       _lock_file                 00000001800099e0 f   libucrt:_file.obj
 0001:000089ec       _unlock_file               00000001800099ec f   libucrt:_file.obj
 0001:000089f8       __pctype_func              00000001800099f8 f   libucrt:ctype.obj
 0001:00008a28       _isctype_l                 0000000180009a28 f   libucrt:isctype.obj
 0001:00008b38       _isleadbyte_l              0000000180009b38 f i libucrt:_wctype.obj
 0001:00008ed4       __acrt_LCMapStringA        0000000180009ed4 f   libucrt:lcmapstringa.obj
 0001:00008f6c       __acrt_add_locale_ref      0000000180009f6c f   libucrt:locale_refcounting.obj
 0001:00008ff8       __acrt_free_locale         0000000180009ff8 f   libucrt:locale_refcounting.obj
 0001:00009170       __acrt_locale_add_lc_time_reference 000000018000a170 f   libucrt:locale_refcounting.obj
 0001:00009198       __acrt_locale_free_lc_time_if_unreferenced 000000018000a198 f   libucrt:locale_refcounting.obj
 0001:000091d0       __acrt_locale_release_lc_time_reference 000000018000a1d0 f   libucrt:locale_refcounting.obj
 0001:000091f8       __acrt_release_locale_ref  000000018000a1f8 f   libucrt:locale_refcounting.obj
 0001:000092a0       __acrt_update_thread_locale_data 000000018000a2a0 f   libucrt:locale_refcounting.obj
 0001:00009310       _updatetlocinfoEx_nolock   000000018000a310 f   libucrt:locale_refcounting.obj
 0001:00009378       __acrt_locale_free_monetary 000000018000a378 f   libucrt:initmon.obj
 0001:00009484       __acrt_locale_free_numeric 000000018000a484 f   libucrt:initnum.obj
 0001:00009548       __acrt_locale_free_time    000000018000a548 f   libucrt:inittime.obj
 0001:00009650       __acrt_GetStringTypeA      000000018000a650 f   libucrt:getstringtypea.obj
 0001:000098cc       __acrt_DownlevelLocaleNameToLCID 000000018000a8cc f   libucrt:lcidtoname_downlevel.obj
 0001:000099d0       qsort                      000000018000a9d0 f   libucrt:qsort.obj
 0001:00009d04       strncpy_s                  000000018000ad04 f   libucrt:strncpy_s.obj
 0001:00009dd8       strpbrk                    000000018000add8 f   libucrt:strpbrk.obj
 0001:00009e78       _mbsdec                    000000018000ae78 f   libucrt:mbsdec.obj
 0001:00009e80       _mbsdec_l                  000000018000ae80 f   libucrt:mbsdec.obj
 0001:00009f30       _msize                     000000018000af30 f   libucrt:msize.obj
 0001:00009f6c       _realloc_base              000000018000af6c f   libucrt:realloc_base.obj
 0001:00009ff0       __acrt_lowio_create_handle_array 000000018000aff0 f   libucrt:osfinfo.obj
 0001:0000a088       __acrt_lowio_destroy_handle_array 000000018000b088 f   libucrt:osfinfo.obj
 0001:0000a0d8       __acrt_lowio_ensure_fh_exists 000000018000b0d8 f   libucrt:osfinfo.obj
 0001:0000a190       __acrt_lowio_lock_fh       000000018000b190 f   libucrt:osfinfo.obj
 0001:0000a1b4       __acrt_lowio_unlock_fh     000000018000b1b4 f   libucrt:osfinfo.obj
 0001:0000a1d8       _free_osfhnd               000000018000b1d8 f   libucrt:osfinfo.obj
 0001:0000a294       _get_osfhandle             000000018000b294 f   libucrt:osfinfo.obj
 0001:0000a30c       _isatty                    000000018000b30c f   libucrt:isatty.obj
 0001:0000a36c       __acrt_stdio_flush_nolock  000000018000b36c f   libucrt:fflush.obj
 0001:0000a3e4       _fflush_nolock             000000018000b3e4 f   libucrt:fflush.obj
 0001:0000a430       _flushall                  000000018000b430 f   libucrt:fflush.obj
 0001:0000a520       _fcloseall                 000000018000b520 f   libucrt:closeall.obj
 0001:0000a5d4       __acrt_stdio_free_buffer_nolock 000000018000b5d4 f   libucrt:_freebuf.obj
 0001:0000a614       __strncnt                  000000018000b614 f   libucrt:strncnt.obj
 0001:0000a62c       _query_app_type            000000018000b62c f   libucrt:report_runtime_error.obj
 0001:0000a634       ??$?RV<lambda_b521505b218e5242e90febf6bfebc422>@@AEAV<lambda_6978c1fb23f02e42e1d9e99668cc68aa>@@V<lambda_314360699dd331753a4119843814e9a7>@@@?$__crt_seh_guarded_call@H@@QEAAH$$QEAV<lambda_b521505b218e5242e90febf6bfebc422>@@AEAV<lambda_6978c1fb23f02e42e1d9e99668cc68aa>@@$$QEAV<lambda_314360699dd331753a4119843814e9a7>@@@Z 000000018000b634 f i libucrt:commit.obj
 0001:0000a6c0       _commit                    000000018000b6c0 f   libucrt:commit.obj
 0001:0000acf4       _write                     000000018000bcf4 f   libucrt:write.obj
 0001:0000ade0       _write_nolock              000000018000bde0 f   libucrt:write.obj
 0001:0000b0d0       log10                      000000018000c0d0 f   libucrt:log10.obj
 0001:0000b718       _lseeki64_nolock           000000018000c718 f   libucrt:lseek.obj
 0001:0000b720       _fclose_nolock             000000018000c720 f   libucrt:fclose.obj
 0001:0000b7a4       fclose                     000000018000c7a4 f   libucrt:fclose.obj
 0001:0000b810       _putwch_nolock             000000018000c810 f   libucrt:putwch.obj
 0001:0000b990       _handle_error              000000018000c990 f   libucrt:libm_error.obj
 0001:0000bac0       __acrt_initialize_fma3     000000018000cac0 f   libucrt:fma3_available.obj
 0001:0000bb30       _log10_special             000000018000cb30 f   libucrt:log_special.obj
 0001:0000bbe8       ??$?RV<lambda_bfedae4ebbf01fab1bb6dcc6a9e276e0>@@AEAV<lambda_2fe9b910cf3cbf4a0ab98a02ba45b3ec>@@V<lambda_237c231691f317818eb88cc1d5d642d6>@@@?$__crt_seh_guarded_call@H@@QEAAH$$QEAV<lambda_bfedae4ebbf01fab1bb6dcc6a9e276e0>@@AEAV<lambda_2fe9b910cf3cbf4a0ab98a02ba45b3ec>@@$$QEAV<lambda_237c231691f317818eb88cc1d5d642d6>@@@Z 000000018000cbe8 f i libucrt:close.obj
 0001:0000bc5c       _close                     000000018000cc5c f   libucrt:close.obj
 0001:0000bd00       _close_nolock              000000018000cd00 f   libucrt:close.obj
 0001:0000bdbc       ?__acrt_stdio_free_stream@@YAXV__crt_stdio_stream@@@Z 000000018000cdbc f   libucrt:stream.obj
 0001:0000be00       __dcrt_lowio_initialize_console_output 000000018000ce00 f   libucrt:initcon.obj
 0001:0000be3c       __dcrt_terminate_console_output 000000018000ce3c f   libucrt:initcon.obj
 0001:0000be70       _get_fpsr                  000000018000ce70 f   libucrt:fpsr.obj
 0001:0000be80       _set_fpsr                  000000018000ce80 f   libucrt:fpsr.obj
 0001:0000be8a       _fclrf                     000000018000ce8a f   libucrt:fpsr.obj
 0001:0000be9e       _frnd                      000000018000ce9e f   libucrt:fpsr.obj
 0001:0000bec0       _raise_exc                 000000018000cec0 f   libucrt:fpexcept.obj
 0001:0000bee8       _raise_exc_ex              000000018000cee8 f   libucrt:fpexcept.obj
 0001:0000c1f0       _set_errno_from_matherr    000000018000d1f0 f   libucrt:fpexcept.obj
 0001:0000c220       _clrfp                     000000018000d220 f   libucrt:fpctrl.obj
 0001:0000c240       _ctrlfp                    000000018000d240 f   libucrt:fpctrl.obj
 0001:0000c2bc       _set_statfp                000000018000d2bc f   libucrt:fpctrl.obj
 0001:0000c2dc       _statfp                    000000018000d2dc f   libucrt:fpctrl.obj
 0001:0000c2ee       IsProcessorFeaturePresent  000000018000d2ee f   kernel32:KERNEL32.dll
 0001:0000c2f4       RtlUnwindEx                000000018000d2f4 f   kernel32:KERNEL32.dll
 0001:0000c2fa       SystemFunction036          000000018000d2fa f   advapi32:ADVAPI32.dll
 0001:0000c300       ?DloadAcquireSectionWriteAccess@@YAXXZ 000000018000d300 f i DelayImp:delayhlp.obj
 0001:0000c3bc       ?DloadGetSRWLockFunctionPointers@@YAEXZ 000000018000d3bc f i DelayImp:delayhlp.obj
 0001:0000c458       ?DloadMakePermanentImageCommit@@YAXPEAX_K@Z 000000018000d458 f i DelayImp:delayhlp.obj
 0001:0000c4f0       ?DloadObtainSection@@YAPEAXPEAK0@Z 000000018000d4f0 f i DelayImp:delayhlp.obj
 0001:0000c588       ?DloadProtectSection@@YAXKPEAK@Z 000000018000d588 f i DelayImp:delayhlp.obj
 0001:0000c618       ?DloadReleaseSectionWriteAccess@@YAXXZ 000000018000d618 f i DelayImp:delayhlp.obj
 0001:0000c6bc       __delayLoadHelper2         000000018000d6bc f   DelayImp:delayhlp.obj
 0001:0000c9c4       __GSHandlerCheck           000000018000d9c4 f   LIBCMT:_gshandler_.obj
 0001:0000c9e4       __GSHandlerCheckCommon     000000018000d9e4 f   LIBCMT:_gshandler_.obj
 0001:0000ca40       _FindPESection             000000018000da40 f   LIBCMT:pesect.obj
 0001:0000ca90       _IsNonwritableInCurrentImage 000000018000da90 f   LIBCMT:pesect.obj
 0001:0000cae0       _ValidateImageBase         000000018000dae0 f   LIBCMT:pesect.obj
 0001:0000cb20       _alloca_probe              000000018000db20 f   LIBCMT:_chkstk_.obj
 0001:0000cb20       __chkstk                   000000018000db20 f   LIBCMT:_chkstk_.obj
 0001:0000cb90       memcmp                     000000018000db90 f   libvcruntime:memcmp.obj
 0001:0000cc70       _guard_dispatch_icall_nop  000000018000dc70 f   LIBCMT:_guard_dispatch_.obj
 0002:00000000       __imp_SystemFunction036    000000018000e000     advapi32:ADVAPI32.dll
 0002:00000008       \177ADVAPI32_NULL_THUNK_DATA 000000018000e008     advapi32:ADVAPI32.dll
 0002:00000010       __imp_RtlCaptureContext    000000018000e010     kernel32:KERNEL32.dll
 0002:00000018       __imp_RtlLookupFunctionEntry 000000018000e018     kernel32:KERNEL32.dll
 0002:00000020       __imp_RtlVirtualUnwind     000000018000e020     kernel32:KERNEL32.dll
 0002:00000028       __imp_UnhandledExceptionFilter 000000018000e028     kernel32:KERNEL32.dll
 0002:00000030       __imp_SetUnhandledExceptionFilter 000000018000e030     kernel32:KERNEL32.dll
 0002:00000038       __imp_GetCurrentProcess    000000018000e038     kernel32:KERNEL32.dll
 0002:00000040       __imp_TerminateProcess     000000018000e040     kernel32:KERNEL32.dll
 0002:00000048       __imp_IsProcessorFeaturePresent 000000018000e048     kernel32:KERNEL32.dll
 0002:00000050       __imp_QueryPerformanceCounter 000000018000e050     kernel32:KERNEL32.dll
 0002:00000058       __imp_GetCurrentProcessId  000000018000e058     kernel32:KERNEL32.dll
 0002:00000060       __imp_GetCurrentThreadId   000000018000e060     kernel32:KERNEL32.dll
 0002:00000068       __imp_GetSystemTimeAsFileTime 000000018000e068     kernel32:KERNEL32.dll
 0002:00000070       __imp_InitializeSListHead  000000018000e070     kernel32:KERNEL32.dll
 0002:00000078       __imp_IsDebuggerPresent    000000018000e078     kernel32:KERNEL32.dll
 0002:00000080       __imp_GetStartupInfoW      000000018000e080     kernel32:KERNEL32.dll
 0002:00000088       __imp_GetModuleHandleW     000000018000e088     kernel32:KERNEL32.dll
 0002:00000090       __imp_GetLastError         000000018000e090     kernel32:KERNEL32.dll
 0002:00000098       __imp_GetModuleFileNameW   000000018000e098     kernel32:KERNEL32.dll
 0002:000000a0       __imp_RtlUnwindEx          000000018000e0a0     kernel32:KERNEL32.dll
 0002:000000a8       __imp_RtlPcToFileHeader    000000018000e0a8     kernel32:KERNEL32.dll
 0002:000000b0       __imp_RaiseException       000000018000e0b0     kernel32:KERNEL32.dll
 0002:000000b8       __imp_InterlockedFlushSList 000000018000e0b8     kernel32:KERNEL32.dll
 0002:000000c0       __imp_InitializeCriticalSectionAndSpinCount 000000018000e0c0     kernel32:KERNEL32.dll
 0002:000000c8       __imp_TlsAlloc             000000018000e0c8     kernel32:KERNEL32.dll
 0002:000000d0       __imp_TlsGetValue          000000018000e0d0     kernel32:KERNEL32.dll
 0002:000000d8       __imp_TlsSetValue          000000018000e0d8     kernel32:KERNEL32.dll
 0002:000000e0       __imp_TlsFree              000000018000e0e0     kernel32:KERNEL32.dll
 0002:000000e8       __imp_FreeLibrary          000000018000e0e8     kernel32:KERNEL32.dll
 0002:000000f0       __imp_GetProcAddress       000000018000e0f0     kernel32:KERNEL32.dll
 0002:000000f8       __imp_LoadLibraryExW       000000018000e0f8     kernel32:KERNEL32.dll
 0002:00000100       __imp_SetLastError         000000018000e100     kernel32:KERNEL32.dll
 0002:00000108       __imp_EnterCriticalSection 000000018000e108     kernel32:KERNEL32.dll
 0002:00000110       __imp_LeaveCriticalSection 000000018000e110     kernel32:KERNEL32.dll
 0002:00000118       __imp_DeleteCriticalSection 000000018000e118     kernel32:KERNEL32.dll
 0002:00000120       __imp_ExitProcess          000000018000e120     kernel32:KERNEL32.dll
 0002:00000128       __imp_GetModuleHandleExW   000000018000e128     kernel32:KERNEL32.dll
 0002:00000130       __imp_GetModuleFileNameA   000000018000e130     kernel32:KERNEL32.dll
 0002:00000138       __imp_MultiByteToWideChar  000000018000e138     kernel32:KERNEL32.dll
 0002:00000140       __imp_WideCharToMultiByte  000000018000e140     kernel32:KERNEL32.dll
 0002:00000148       __imp_HeapFree             000000018000e148     kernel32:KERNEL32.dll
 0002:00000150       __imp_HeapAlloc            000000018000e150     kernel32:KERNEL32.dll
 0002:00000158       __imp_GetACP               000000018000e158     kernel32:KERNEL32.dll
 0002:00000160       __imp_LCMapStringW         000000018000e160     kernel32:KERNEL32.dll
 0002:00000168       __imp_FindClose            000000018000e168     kernel32:KERNEL32.dll
 0002:00000170       __imp_FindFirstFileExA     000000018000e170     kernel32:KERNEL32.dll
 0002:00000178       __imp_FindNextFileA        000000018000e178     kernel32:KERNEL32.dll
 0002:00000180       __imp_IsValidCodePage      000000018000e180     kernel32:KERNEL32.dll
 0002:00000188       __imp_GetOEMCP             000000018000e188     kernel32:KERNEL32.dll
 0002:00000190       __imp_GetCPInfo            000000018000e190     kernel32:KERNEL32.dll
 0002:00000198       __imp_GetCommandLineA      000000018000e198     kernel32:KERNEL32.dll
 0002:000001a0       __imp_GetCommandLineW      000000018000e1a0     kernel32:KERNEL32.dll
 0002:000001a8       __imp_GetEnvironmentStringsW 000000018000e1a8     kernel32:KERNEL32.dll
 0002:000001b0       __imp_FreeEnvironmentStringsW 000000018000e1b0     kernel32:KERNEL32.dll
 0002:000001b8       __imp_GetProcessHeap       000000018000e1b8     kernel32:KERNEL32.dll
 0002:000001c0       __imp_GetStdHandle         000000018000e1c0     kernel32:KERNEL32.dll
 0002:000001c8       __imp_GetFileType          000000018000e1c8     kernel32:KERNEL32.dll
 0002:000001d0       __imp_GetStringTypeW       000000018000e1d0     kernel32:KERNEL32.dll
 0002:000001d8       __imp_HeapSize             000000018000e1d8     kernel32:KERNEL32.dll
 0002:000001e0       __imp_HeapReAlloc          000000018000e1e0     kernel32:KERNEL32.dll
 0002:000001e8       __imp_SetStdHandle         000000018000e1e8     kernel32:KERNEL32.dll
 0002:000001f0       __imp_WriteFile            000000018000e1f0     kernel32:KERNEL32.dll
 0002:000001f8       __imp_FlushFileBuffers     000000018000e1f8     kernel32:KERNEL32.dll
 0002:00000200       __imp_GetConsoleCP         000000018000e200     kernel32:KERNEL32.dll
 0002:00000208       __imp_GetConsoleMode       000000018000e208     kernel32:KERNEL32.dll
 0002:00000210       __imp_SetFilePointerEx     000000018000e210     kernel32:KERNEL32.dll
 0002:00000218       __imp_CloseHandle          000000018000e218     kernel32:KERNEL32.dll
 0002:00000220       __imp_WriteConsoleW        000000018000e220     kernel32:KERNEL32.dll
 0002:00000228       __imp_CreateFileW          000000018000e228     kernel32:KERNEL32.dll
 0002:00000230       __imp_GetModuleHandleA     000000018000e230     kernel32:KERNEL32.dll
 0002:00000238       __imp_GetSystemInfo        000000018000e238     kernel32:KERNEL32.dll
 0002:00000240       __imp_VirtualProtect       000000018000e240     kernel32:KERNEL32.dll
 0002:00000248       __imp_VirtualQuery         000000018000e248     kernel32:KERNEL32.dll
 0002:00000250       __imp_LoadLibraryExA       000000018000e250     kernel32:KERNEL32.dll
 0002:00000258       \177KERNEL32_NULL_THUNK_DATA 000000018000e258     kernel32:KERNEL32.dll
 0002:00000260       __guard_check_icall_fptr   000000018000e260     LIBCMT:guard_support.obj
 0002:00000268       __guard_dispatch_icall_fptr 000000018000e268     LIBCMT:guard_support.obj
 0002:00000270       __xc_a                     000000018000e270     LIBCMT:initializers.obj
 0002:00000278       _register_screen_          000000018000e278     screen.obj
 0002:00000280       __xc_z                     000000018000e280     LIBCMT:initializers.obj
 0002:00000288       __xi_a                     000000018000e288     LIBCMT:initializers.obj
 0002:00000290       __acrt_multibyte_initializer 000000018000e290     libucrt:multibyte_initializer.obj
 0002:00000298       __acrt_stdio_initializer   000000018000e298     libucrt:stdio_initializer.obj
 0002:000002a0       __acrt_tran_fma3_initializer 000000018000e2a0     libucrt:fma3_initializer.obj
 0002:000002a8       __xi_z                     000000018000e2a8     LIBCMT:initializers.obj
 0002:000002b0       __xp_a                     000000018000e2b0     LIBCMT:initializers.obj
 0002:000002b8       __acrt_locale_terminator   000000018000e2b8     libucrt:locale_initializer.obj
 0002:000002c0       __dcrt_console_output_terminator 000000018000e2c0     libucrt:console_output_initializer.obj
 0002:000002c8       __acrt_stdio_terminator    000000018000e2c8     libucrt:stdio_initializer.obj
 0002:000002d0       __xp_z                     000000018000e2d0     LIBCMT:initializers.obj
 0002:000002d8       __xt_a                     000000018000e2d8     LIBCMT:initializers.obj
 0002:000002e0       __xt_z                     000000018000e2e0     LIBCMT:initializers.obj
 0002:000002f0       __sz_node_exe              000000018000e2f0     node:node.exe
 0002:00000300       _pRawDllMain               000000018000e300     LIBCMT:dll_dllmain.obj
 0002:00000300       _pDefaultRawDllMain        000000018000e300     LIBCMT:dll_dllmain.obj
 0002:00000320       ??_7exception@std@@6B@     000000018000e320     LIBCMT:throw_bad_alloc.obj
 0002:00000330       ??_C@_0BC@EOODALEL@Unknown?5exception?$AA@ 000000018000e330     LIBCMT:throw_bad_alloc.obj
 0002:00000350       ??_7bad_alloc@std@@6B@     000000018000e350     LIBCMT:throw_bad_alloc.obj
 0002:00000360       ??_C@_0P@GHFPNOJB@bad?5allocation?$AA@ 000000018000e360     LIBCMT:throw_bad_alloc.obj
 0002:00000378       ??_7bad_array_new_length@std@@6B@ 000000018000e378     LIBCMT:throw_bad_alloc.obj
 0002:00000388       ??_C@_0BF@KINCDENJ@bad?5array?5new?5length?$AA@ 000000018000e388     LIBCMT:throw_bad_alloc.obj
 0002:000003a8       ??_7type_info@@6B@         000000018000e3a8     LIBCMT:std_type_info_static.obj
 0002:000003b0       _Microsoft_CRTProvider     000000018000e3b0     libvcruntime:telemetry.obj
 0002:000003b8       ??_C@_00CNPNBAHC@?$AA@     000000018000e3b8     libvcruntime:telemetry.obj
 0002:000003bc       ??_C@_11LOCGONAA@?$AA?$AA@ 000000018000e3bc     libvcruntime:telemetry.obj
 0002:000003c0       ??_C@_0O@JEOPJOMI@Main?5Invoked?4?$AA@ 000000018000e3c0     libvcruntime:telemetry.obj
 0002:000003d0       ??_C@_0P@NEAEIBDO@Main?5Returned?4?$AA@ 000000018000e3d0     libvcruntime:telemetry.obj
 0002:00000440       ??_C@_1BC@DNHGCMLG@?$AAa?$AAd?$AAv?$AAa?$AAp?$AAi?$AA3?$AA2?$AA?$AA@ 000000018000e440     libvcruntime:winapi_downlevel.obj
 0002:00000458       ??_C@_1DM@KHCHBNEB@?$AAa?$AAp?$AAi?$AA?9?$AAm?$AAs?$AA?9?$AAw?$AAi?$AAn?$AA?9?$AAc?$AAo?$AAr?$AAe?$AA?9?$AAf?$AAi?$AAb?$AAe?$AAr?$AAs?$AA?9?$AAl?$AA1?$AA?9?$AA1?$AA?9?$AA1?$AA?$AA@ 000000018000e458     libvcruntime:winapi_downlevel.obj
 0002:00000498       ??_C@_1DK@LPPGFMPP@?$AAa?$AAp?$AAi?$AA?9?$AAm?$AAs?$AA?9?$AAw?$AAi?$AAn?$AA?9?$AAc?$AAo?$AAr?$AAe?$AA?9?$AAs?$AAy?$AAn?$AAc?$AAh?$AA?9?$AAl?$AA1?$AA?9?$AA2?$AA?9?$AA0?$AA?$AA@ 000000018000e498     libvcruntime:winapi_downlevel.obj
 0002:000004d8       ??_C@_1BC@GDMECMAK@?$AAk?$AAe?$AAr?$AAn?$AAe?$AAl?$AA3?$AA2?$AA?$AA@ 000000018000e4d8     libvcruntime:winapi_downlevel.obj
 0002:000004f0       ??_C@_0O@BAMBGLIE@EventRegister?$AA@ 000000018000e4f0     libvcruntime:winapi_downlevel.obj
 0002:00000508       ??_C@_0BE@BJEEGHGK@EventSetInformation?$AA@ 000000018000e508     libvcruntime:winapi_downlevel.obj
 0002:00000520       ??_C@_0BA@FAKLIPIC@EventUnregister?$AA@ 000000018000e520     libvcruntime:winapi_downlevel.obj
 0002:00000538       ??_C@_0BD@PKLHJPHD@EventWriteTransfer?$AA@ 000000018000e538     libvcruntime:winapi_downlevel.obj
 0002:00000558       ??_C@_08KNHFBNJ@FlsAlloc?$AA@ 000000018000e558     libvcruntime:winapi_downlevel.obj
 0002:00000570       ??_C@_07PEJMOBNF@FlsFree?$AA@ 000000018000e570     libvcruntime:winapi_downlevel.obj
 0002:00000580       ??_C@_0M@GDNOONDI@FlsGetValue?$AA@ 000000018000e580     libvcruntime:winapi_downlevel.obj
 0002:00000598       ??_C@_0M@JCPCPOEF@FlsSetValue?$AA@ 000000018000e598     libvcruntime:winapi_downlevel.obj
 0002:000005b0       ??_C@_0BM@HCFOFFN@InitializeCriticalSectionEx?$AA@ 000000018000e5b0     libvcruntime:winapi_downlevel.obj
 0002:000008f0       ??_C@_08EHJDFFNH@__based?$CI?$AA@ 000000018000e8f0     libvcruntime:undname.obj
 0002:00000900       ??_C@_07KOLFKCDI@__cdecl?$AA@ 000000018000e900     libvcruntime:undname.obj
 0002:00000908       ??_C@_08GHMPAG@__pascal?$AA@ 000000018000e908     libvcruntime:undname.obj
 0002:00000918       ??_C@_09IFJBGAPI@__stdcall?$AA@ 000000018000e918     libvcruntime:undname.obj
 0002:00000928       ??_C@_0L@NPHFGOKO@__thiscall?$AA@ 000000018000e928     libvcruntime:undname.obj
 0002:00000938       ??_C@_0L@JMKHOMEK@__fastcall?$AA@ 000000018000e938     libvcruntime:undname.obj
 0002:00000948       ??_C@_0N@BCKKPABJ@__vectorcall?$AA@ 000000018000e948     libvcruntime:undname.obj
 0002:00000958       ??_C@_09HIJEGCPM@__clrcall?$AA@ 000000018000e958     libvcruntime:undname.obj
 0002:00000964       ??_C@_06GHPCKEAG@__eabi?$AA@ 000000018000e964     libvcruntime:undname.obj
 0002:00000970       ??_C@_07JOMMBBKO@__ptr64?$AA@ 000000018000e970     libvcruntime:undname.obj
 0002:00000978       ??_C@_0L@PILCLIHE@__restrict?$AA@ 000000018000e978     libvcruntime:undname.obj
 0002:00000988       ??_C@_0M@GFIIJFMG@__unaligned?$AA@ 000000018000e988     libvcruntime:undname.obj
 0002:00000998       ??_C@_09DHDLOLLB@restrict?$CI?$AA@ 000000018000e998     libvcruntime:undname.obj
 0002:000009a4       ??_C@_04NIHEBCM@?5new?$AA@ 000000018000e9a4     libvcruntime:undname.obj
 0002:000009b0       ??_C@_07FPCDHGMM@?5delete?$AA@ 000000018000e9b0     libvcruntime:undname.obj
 0002:000009b8       ??_C@_01NEMOKFLO@?$DN?$AA@ 000000018000e9b8     libvcruntime:undname.obj
 0002:000009bc       ??_C@_02GPIOPFAK@?$DO?$DO?$AA@ 000000018000e9bc     libvcruntime:undname.obj
 0002:000009c0       ??_C@_02FODMEDOG@?$DM?$DM?$AA@ 000000018000e9c0     libvcruntime:undname.obj
 0002:000009c4       ??_C@_01DCLJPIOD@?$CB?$AA@ 000000018000e9c4     libvcruntime:undname.obj
 0002:000009c8       ??_C@_02EGOFBIJA@?$DN?$DN?$AA@ 000000018000e9c8     libvcruntime:undname.obj
 0002:000009cc       ??_C@_02FDNJECIE@?$CB?$DN?$AA@ 000000018000e9cc     libvcruntime:undname.obj
 0002:000009d0       ??_C@_02GPECMEKF@?$FL?$FN?$AA@ 000000018000e9d0     libvcruntime:undname.obj
 0002:000009d8       ??_C@_08LHJFAFGD@operator?$AA@ 000000018000e9d8     libvcruntime:undname.obj
 0002:000009e4       ??_C@_02HBOOOICD@?9?$DO?$AA@ 000000018000e9e4     libvcruntime:undname.obj
 0002:000009e8       ??_C@_01NBENCBCI@?$CK?$AA@ 000000018000e9e8     libvcruntime:undname.obj
 0002:000009ec       ??_C@_02ECNGHCIF@?$CL?$CL?$AA@ 000000018000e9ec     libvcruntime:undname.obj
 0002:000009f0       ??_C@_02BAABKJLB@?9?9?$AA@ 000000018000e9f0     libvcruntime:undname.obj
 0002:000009f4       ??_C@_01JOAMLHOP@?9?$AA@   000000018000e9f4     libvcruntime:undname.obj
 0002:000009f8       ??_C@_01MIFGBAGJ@?$CL?$AA@ 000000018000e9f8     libvcruntime:undname.obj
 0002:000009fc       ??_C@_01HNPIGOCE@?$CG?$AA@ 000000018000e9fc     libvcruntime:undname.obj
 0002:00000a00       ??_C@_03MNHNFDLC@?9?$DO?$CK?$AA@ 000000018000ea00     libvcruntime:undname.obj
 0002:00000a04       ??_C@_01KMDKNFGN@?1?$AA@   000000018000ea04     libvcruntime:undname.obj
 0002:00000a08       ??_C@_01FGNFDNOH@?$CF?$AA@ 000000018000ea08     libvcruntime:undname.obj
 0002:00000a0c       ??_C@_01MNNFJEPP@?$DM?$AA@ 000000018000ea0c     libvcruntime:undname.obj
 0002:00000a10       ??_C@_02EHCHHCKH@?$DM?$DN?$AA@ 000000018000ea10     libvcruntime:undname.obj
 0002:00000a14       ??_C@_01PPODPGHN@?$DO?$AA@ 000000018000ea14     libvcruntime:undname.obj
 0002:00000a18       ??_C@_02EEKDKGMJ@?$DO?$DN?$AA@ 000000018000ea18     libvcruntime:undname.obj
 0002:00000a1c       ??_C@_01IHBHIGKO@?0?$AA@   000000018000ea1c     libvcruntime:undname.obj
 0002:00000a20       ??_C@_02HCKGKOFO@?$CI?$CJ?$AA@ 000000018000ea20     libvcruntime:undname.obj
 0002:00000a24       ??_C@_01PJKLJHI@?$HO?$AA@  000000018000ea24     libvcruntime:undname.obj
 0002:00000a28       ??_C@_01JKBOJNNK@?$FO?$AA@ 000000018000ea28     libvcruntime:undname.obj
 0002:00000a2c       ??_C@_01DNKMNLPK@?$HM?$AA@ 000000018000ea2c     libvcruntime:undname.obj
 0002:00000a30       ??_C@_02PPKAJPJL@?$CG?$CG?$AA@ 000000018000ea30     libvcruntime:undname.obj
 0002:00000a34       ??_C@_02NONPIBCD@?$HM?$HM?$AA@ 000000018000ea34     libvcruntime:undname.obj
 0002:00000a38       ??_C@_02FPIMKNGF@?$CK?$DN?$AA@ 000000018000ea38     libvcruntime:undname.obj
 0002:00000a3c       ??_C@_02FOEOMHFC@?$CL?$DN?$AA@ 000000018000ea3c     libvcruntime:undname.obj
 0002:00000a40       ??_C@_02FKMDLLOA@?9?$DN?$AA@ 000000018000ea40     libvcruntime:undname.obj
 0002:00000a44       ??_C@_02FJEHGPIO@?1?$DN?$AA@ 000000018000ea44     libvcruntime:undname.obj
 0002:00000a48       ??_C@_02FENAOKFI@?$CF?$DN?$AA@ 000000018000ea48     libvcruntime:undname.obj
 0002:00000a4c       ??_C@_03IKFCCPFF@?$DO?$DO?$DN?$AA@ 000000018000ea4c     libvcruntime:undname.obj
 0002:00000a50       ??_C@_03CDNPDDLA@?$DM?$DM?$DN?$AA@ 000000018000ea50     libvcruntime:undname.obj
 0002:00000a54       ??_C@_02FGJGFEAB@?$CG?$DN?$AA@ 000000018000ea54     libvcruntime:undname.obj
 0002:00000a58       ??_C@_02DHLNPPGH@?$HM?$DN?$AA@ 000000018000ea58     libvcruntime:undname.obj
 0002:00000a5c       ??_C@_02MHEGNOJ@?$FO?$DN?$AA@ 000000018000ea5c     libvcruntime:undname.obj
 0002:00000a60       ??_C@_09IFPLHPGF@?$GAvftable?8?$AA@ 000000018000ea60     libvcruntime:undname.obj
 0002:00000a70       ??_C@_09BLBHBJP@?$GAvbtable?8?$AA@ 000000018000ea70     libvcruntime:undname.obj
 0002:00000a80       ??_C@_07FEEIOKP@?$GAvcall?8?$AA@ 000000018000ea80     libvcruntime:undname.obj
 0002:00000a88       ??_C@_08LLFFHHDJ@?$GAtypeof?8?$AA@ 000000018000ea88     libvcruntime:undname.obj
 0002:00000a98       ??_C@_0BF@KDPPACIK@?$GAlocal?5static?5guard?8?$AA@ 000000018000ea98     libvcruntime:undname.obj
 0002:00000ab0       ??_C@_08OBABFOLI@?$GAstring?8?$AA@ 000000018000eab0     libvcruntime:undname.obj
 0002:00000ac0       ??_C@_0BD@JDLKDPAB@?$GAvbase?5destructor?8?$AA@ 000000018000eac0     libvcruntime:undname.obj
 0002:00000ad8       ??_C@_0BN@DEGPLNFK@?$GAvector?5deleting?5destructor?8?$AA@ 000000018000ead8     libvcruntime:undname.obj
 0002:00000af8       ??_C@_0BO@OBMKPJIG@?$GAdefault?5constructor?5closure?8?$AA@ 000000018000eaf8     libvcruntime:undname.obj
 0002:00000b18       ??_C@_0BN@IMDCHIKM@?$GAscalar?5deleting?5destructor?8?$AA@ 000000018000eb18     libvcruntime:undname.obj
 0002:00000b38       ??_C@_0BO@PFGOCPJJ@?$GAvector?5constructor?5iterator?8?$AA@ 000000018000eb38     libvcruntime:undname.obj
 0002:00000b58       ??_C@_0BN@LFPFMEDL@?$GAvector?5destructor?5iterator?8?$AA@ 000000018000eb58     libvcruntime:undname.obj
 0002:00000b78       ??_C@_0CE@IKBNEHA@?$GAvector?5vbase?5constructor?5iterat@ 000000018000eb78     libvcruntime:undname.obj
 0002:00000ba0       ??_C@_0BL@NILFHHPC@?$GAvirtual?5displacement?5map?8?$AA@ 000000018000eba0     libvcruntime:undname.obj
 0002:00000bc0       ??_C@_0CB@JONCMFFK@?$GAeh?5vector?5constructor?5iterator?8@ 000000018000ebc0     libvcruntime:undname.obj
 0002:00000be8       ??_C@_0CA@GCEOPDGL@?$GAeh?5vector?5destructor?5iterator?8?$AA@ 000000018000ebe8     libvcruntime:undname.obj
 0002:00000c08       ??_C@_0CH@OOJPLCPH@?$GAeh?5vector?5vbase?5constructor?5ite@ 000000018000ec08     libvcruntime:undname.obj
 0002:00000c30       ??_C@_0BL@LLKPOHJI@?$GAcopy?5constructor?5closure?8?$AA@ 000000018000ec30     libvcruntime:undname.obj
 0002:00000c50       ??_C@_0BA@KBCDOMBN@?$GAudt?5returning?8?$AA@ 000000018000ec50     libvcruntime:undname.obj
 0002:00000c60       ??_C@_03KLGMFNMG@?$GAEH?$AA@ 000000018000ec60     libvcruntime:undname.obj
 0002:00000c64       ??_C@_05KHLCHHI@?$GARTTI?$AA@ 000000018000ec64     libvcruntime:undname.obj
 0002:00000c70       ??_C@_0BA@KKLDJDLB@?$GAlocal?5vftable?8?$AA@ 000000018000ec70     libvcruntime:undname.obj
 0002:00000c80       ??_C@_0CE@IIHCMGGL@?$GAlocal?5vftable?5constructor?5closu@ 000000018000ec80     libvcruntime:undname.obj
 0002:00000ca4       ??_C@_06FHBGPFGH@?5new?$FL?$FN?$AA@ 000000018000eca4     libvcruntime:undname.obj
 0002:00000cb0       ??_C@_09LBNFPBCA@?5delete?$FL?$FN?$AA@ 000000018000ecb0     libvcruntime:undname.obj
 0002:00000cc0       ??_C@_0P@HJKNJFNN@?$GAomni?5callsig?8?$AA@ 000000018000ecc0     libvcruntime:undname.obj
 0002:00000cd0       ??_C@_0BL@CNOONJFP@?$GAplacement?5delete?5closure?8?$AA@ 000000018000ecd0     libvcruntime:undname.obj
 0002:00000cf0       ??_C@_0BN@CKNJLHMB@?$GAplacement?5delete?$FL?$FN?5closure?8?$AA@ 000000018000ecf0     libvcruntime:undname.obj
 0002:00000d10       ??_C@_0CG@CFDHKGGD@?$GAmanaged?5vector?5constructor?5iter@ 000000018000ed10     libvcruntime:undname.obj
 0002:00000d38       ??_C@_0CF@IMGKMJNO@?$GAmanaged?5vector?5destructor?5itera@ 000000018000ed38     libvcruntime:undname.obj
 0002:00000d60       ??_C@_0CG@HLDDJMAG@?$GAeh?5vector?5copy?5constructor?5iter@ 000000018000ed60     libvcruntime:undname.obj
 0002:00000d88       ??_C@_0CM@FCBBDIGB@?$GAeh?5vector?5vbase?5copy?5constructo@ 000000018000ed88     libvcruntime:undname.obj
 0002:00000db8       ??_C@_0BL@CLIPGLGB@?$GAdynamic?5initializer?5for?5?8?$AA@ 000000018000edb8     libvcruntime:undname.obj
 0002:00000dd8       ??_C@_0CB@PDBIFEP@?$GAdynamic?5atexit?5destructor?5for?5?8@ 000000018000edd8     libvcruntime:undname.obj
 0002:00000e00       ??_C@_0CD@CGAJBKEJ@?$GAvector?5copy?5constructor?5iterato@ 000000018000ee00     libvcruntime:undname.obj
 0002:00000e28       ??_C@_0CJ@GJELGAMM@?$GAvector?5vbase?5copy?5constructor?5i@ 000000018000ee28     libvcruntime:undname.obj
 0002:00000e58       ??_C@_0CL@FGIJHLCE@?$GAmanaged?5vector?5copy?5constructor@ 000000018000ee58     libvcruntime:undname.obj
 0002:00000e88       ??_C@_0BM@PMGGMLDN@?$GAlocal?5static?5thread?5guard?8?$AA@ 000000018000ee88     libvcruntime:undname.obj
 0002:00000ea8       ??_C@_0N@BDNMDMOL@operator?5?$CC?$CC?5?$AA@ 000000018000eea8     libvcruntime:undname.obj
 0002:00000eb8       ??_C@_0BC@DAFEJGAK@?5Type?5Descriptor?8?$AA@ 000000018000eeb8     libvcruntime:undname.obj
 0002:00000ed0       ??_C@_0BM@LDKODKLH@?5Base?5Class?5Descriptor?5at?5?$CI?$AA@ 000000018000eed0     libvcruntime:undname.obj
 0002:00000ef0       ??_C@_0BD@LGICGFMM@?5Base?5Class?5Array?8?$AA@ 000000018000eef0     libvcruntime:undname.obj
 0002:00000f08       ??_C@_0BN@MECKDCOJ@?5Class?5Hierarchy?5Descriptor?8?$AA@ 000000018000ef08     libvcruntime:undname.obj
 0002:00000f28       ??_C@_0BK@CFCOFLF@?5Complete?5Object?5Locator?8?$AA@ 000000018000ef28     libvcruntime:undname.obj
 0002:00000f50       __acrt_exception_action_table 000000018000ef50     libucrt:exception_filter.obj
 0002:00001010       __acrt_signal_action_table_count 000000018000f010     libucrt:exception_filter.obj
 0002:00001018       __acrt_signal_action_first_fpe_index 000000018000f018     libucrt:exception_filter.obj
 0002:00001020       __acrt_signal_action_fpe_count 000000018000f020     libucrt:exception_filter.obj
 0002:00001028       ??_C@_1BI@BGOHAHKC@?$AAm?$AAs?$AAc?$AAo?$AAr?$AAe?$AAe?$AA?4?$AAd?$AAl?$AAl?$AA?$AA@ 000000018000f028     libucrt:exit.obj
 0002:00001040       ??_C@_0P@MIGLKIOC@CorExitProcess?$AA@ 000000018000f040     libucrt:exit.obj
 0002:000012b0       __lc_time_c                000000018000f2b0     libucrt:nlsdata.obj
 0002:00001570       ??_C@_03KOEHGMDN@Sun?$AA@  000000018000f570     libucrt:nlsdata.obj
 0002:00001574       ??_C@_03PDAGKDH@Mon?$AA@   000000018000f574     libucrt:nlsdata.obj
 0002:00001578       ??_C@_03NAGEINEP@Tue?$AA@  000000018000f578     libucrt:nlsdata.obj
 0002:0000157c       ??_C@_03MHOMLAJA@Wed?$AA@  000000018000f57c     libucrt:nlsdata.obj
 0002:00001580       ??_C@_03IOFIKPDN@Thu?$AA@  000000018000f580     libucrt:nlsdata.obj
 0002:00001584       ??_C@_03IDIOELNC@Fri?$AA@  000000018000f584     libucrt:nlsdata.obj
 0002:00001588       ??_C@_03FEFJNEK@Sat?$AA@   000000018000f588     libucrt:nlsdata.obj
 0002:0000158c       ??_C@_06OOPIFAJ@Sunday?$AA@ 000000018000f58c     libucrt:nlsdata.obj
 0002:00001594       ??_C@_06JLEDEDGH@Monday?$AA@ 000000018000f594     libucrt:nlsdata.obj
 0002:000015a0       ??_C@_07BAAGCFCM@Tuesday?$AA@ 000000018000f5a0     libucrt:nlsdata.obj
 0002:000015a8       ??_C@_09DLIGFAKA@Wednesday?$AA@ 000000018000f5a8     libucrt:nlsdata.obj
 0002:000015b8       ??_C@_08HACCIKIA@Thursday?$AA@ 000000018000f5b8     libucrt:nlsdata.obj
 0002:000015c4       ??_C@_06JECMNKMI@Friday?$AA@ 000000018000f5c4     libucrt:nlsdata.obj
 0002:000015d0       ??_C@_08INBOOONO@Saturday?$AA@ 000000018000f5d0     libucrt:nlsdata.obj
 0002:000015dc       ??_C@_03JIHJHPIE@Jan?$AA@  000000018000f5dc     libucrt:nlsdata.obj
 0002:000015e0       ??_C@_03HJBDCHOM@Feb?$AA@  000000018000f5e0     libucrt:nlsdata.obj
 0002:000015e4       ??_C@_03ODNJBKGA@Mar?$AA@  000000018000f5e4     libucrt:nlsdata.obj
 0002:000015e8       ??_C@_03LEOLGMJP@Apr?$AA@  000000018000f5e8     libucrt:nlsdata.obj
 0002:000015ec       ??_C@_03CNMDKL@May?$AA@    000000018000f5ec     libucrt:nlsdata.obj
 0002:000015f0       ??_C@_03IDFGHECI@Jun?$AA@  000000018000f5f0     libucrt:nlsdata.obj
 0002:000015f4       ??_C@_03LBGABGKK@Jul?$AA@  000000018000f5f4     libucrt:nlsdata.obj
 0002:000015f8       ??_C@_03IFJFEIGA@Aug?$AA@  000000018000f5f8     libucrt:nlsdata.obj
 0002:000015fc       ??_C@_03GGCAPAJC@Sep?$AA@  000000018000f5fc     libucrt:nlsdata.obj
 0002:00001600       ??_C@_03BMAOKBAD@Oct?$AA@  000000018000f600     libucrt:nlsdata.obj
 0002:00001604       ??_C@_03JPJOFNIA@Nov?$AA@  000000018000f604     libucrt:nlsdata.obj
 0002:00001608       ??_C@_03MKABNOCG@Dec?$AA@  000000018000f608     libucrt:nlsdata.obj
 0002:00001610       ??_C@_07CGJPFGJA@January?$AA@ 000000018000f610     libucrt:nlsdata.obj
 0002:00001618       ??_C@_08GNJGEPFN@February?$AA@ 000000018000f618     libucrt:nlsdata.obj
 0002:00001624       ??_C@_05HPCKOFNC@March?$AA@ 000000018000f624     libucrt:nlsdata.obj
 0002:0000162c       ??_C@_05DMJDNLEJ@April?$AA@ 000000018000f62c     libucrt:nlsdata.obj
 0002:00001634       ??_C@_04CNLMGBGM@June?$AA@ 000000018000f634     libucrt:nlsdata.obj
 0002:0000163c       ??_C@_04MIEPOIFP@July?$AA@ 000000018000f63c     libucrt:nlsdata.obj
 0002:00001644       ??_C@_06LBBHFDDG@August?$AA@ 000000018000f644     libucrt:nlsdata.obj
 0002:00001650       ??_C@_09BHHEALKD@September?$AA@ 000000018000f650     libucrt:nlsdata.obj
 0002:00001660       ??_C@_07JJNFCEND@October?$AA@ 000000018000f660     libucrt:nlsdata.obj
 0002:00001668       ??_C@_08HCHEGEOA@November?$AA@ 000000018000f668     libucrt:nlsdata.obj
 0002:00001678       ??_C@_08EDHMEBNP@December?$AA@ 000000018000f678     libucrt:nlsdata.obj
 0002:00001684       ??_C@_02DEDBPAFC@AM?$AA@   000000018000f684     libucrt:nlsdata.obj
 0002:00001688       ??_C@_02CJNFDJBF@PM?$AA@   000000018000f688     libucrt:nlsdata.obj
 0002:00001690       ??_C@_08BPBNCDIB@MM?1dd?1yy?$AA@ 000000018000f690     libucrt:nlsdata.obj
 0002:000016a0       ??_C@_0BE@CKGJFCPC@dddd?0?5MMMM?5dd?0?5yyyy?$AA@ 000000018000f6a0     libucrt:nlsdata.obj
 0002:000016b8       ??_C@_08JCCMCCIL@HH?3mm?3ss?$AA@ 000000018000f6b8     libucrt:nlsdata.obj
 0002:000016c8       ??_C@_17MBGCMIPB@?$AAS?$AAu?$AAn?$AA?$AA@ 000000018000f6c8     libucrt:nlsdata.obj
 0002:000016d0       ??_C@_17KBOMKBF@?$AAM?$AAo?$AAn?$AA?$AA@ 000000018000f6d0     libucrt:nlsdata.obj
 0002:000016d8       ??_C@_17BMKGEGOJ@?$AAT?$AAu?$AAe?$AA?$AA@ 000000018000f6d8     libucrt:nlsdata.obj
 0002:000016e0       ??_C@_17CJEDCEPE@?$AAW?$AAe?$AAd?$AA?$AA@ 000000018000f6e0     libucrt:nlsdata.obj
 0002:000016e8       ??_C@_17PDPHAADD@?$AAT?$AAh?$AAu?$AA?$AA@ 000000018000f6e8     libucrt:nlsdata.obj
 0002:000016f0       ??_C@_17HFOLPPLP@?$AAF?$AAr?$AAi?$AA?$AA@ 000000018000f6f0     libucrt:nlsdata.obj
 0002:000016f8       ??_C@_17GGIBDPIH@?$AAS?$AAa?$AAt?$AA?$AA@ 000000018000f6f8     libucrt:nlsdata.obj
 0002:00001700       ??_C@_1O@IHNHDHPB@?$AAS?$AAu?$AAn?$AAd?$AAa?$AAy?$AA?$AA@ 000000018000f700     libucrt:nlsdata.obj
 0002:00001710       ??_C@_1O@MMNBFLIA@?$AAM?$AAo?$AAn?$AAd?$AAa?$AAy?$AA?$AA@ 000000018000f710     libucrt:nlsdata.obj
 0002:00001720       ??_C@_1BA@ENFBFFEK@?$AAT?$AAu?$AAe?$AAs?$AAd?$AAa?$AAy?$AA?$AA@ 000000018000f720     libucrt:nlsdata.obj
 0002:00001730       ??_C@_1BE@EBOGMDOH@?$AAW?$AAe?$AAd?$AAn?$AAe?$AAs?$AAd?$AAa?$AAy?$AA?$AA@ 000000018000f730     libucrt:nlsdata.obj
 0002:00001748       ??_C@_1BC@HHMNLIHE@?$AAT?$AAh?$AAu?$AAr?$AAs?$AAd?$AAa?$AAy?$AA?$AA@ 000000018000f748     libucrt:nlsdata.obj
 0002:00001760       ??_C@_1O@PDICJHAG@?$AAF?$AAr?$AAi?$AAd?$AAa?$AAy?$AA?$AA@ 000000018000f760     libucrt:nlsdata.obj
 0002:00001770       ??_C@_1BC@ENMNNPAJ@?$AAS?$AAa?$AAt?$AAu?$AAr?$AAd?$AAa?$AAy?$AA?$AA@ 000000018000f770     libucrt:nlsdata.obj
 0002:00001788       ??_C@_17DKNBKCHM@?$AAJ?$AAa?$AAn?$AA?$AA@ 000000018000f788     libucrt:nlsdata.obj
 0002:00001790       ??_C@_17LMDJEKJN@?$AAF?$AAe?$AAb?$AA?$AA@ 000000018000f790     libucrt:nlsdata.obj
 0002:00001798       ??_C@_17CKNLEDEC@?$AAM?$AAa?$AAr?$AA?$AA@ 000000018000f798     libucrt:nlsdata.obj
 0002:000017a0       ??_C@_17LFPOIHDD@?$AAA?$AAp?$AAr?$AA?$AA@ 000000018000f7a0     libucrt:nlsdata.obj
 0002:000017a8       ??_C@_17PNNKMEED@?$AAM?$AAa?$AAy?$AA?$AA@ 000000018000f7a8     libucrt:nlsdata.obj
 0002:000017b0       ??_C@_17KCJGOCPB@?$AAJ?$AAu?$AAn?$AA?$AA@ 000000018000f7b0     libucrt:nlsdata.obj
 0002:000017b8       ??_C@_17IJPCKHK@?$AAJ?$AAu?$AAl?$AA?$AA@ 000000018000f7b8     libucrt:nlsdata.obj
 0002:000017c0       ??_C@_17ICPELBCN@?$AAA?$AAu?$AAg?$AA?$AA@ 000000018000f7c0     libucrt:nlsdata.obj
 0002:000017c8       ??_C@_17HCHCOKMG@?$AAS?$AAe?$AAp?$AA?$AA@ 000000018000f7c8     libucrt:nlsdata.obj
 0002:000017d0       ??_C@_17FNLKOI@?$AAO?$AAc?$AAt?$AA?$AA@ 000000018000f7d0     libucrt:nlsdata.obj
 0002:000017d8       ??_C@_17BBDMLCIG@?$AAN?$AAo?$AAv?$AA?$AA@ 000000018000f7d8     libucrt:nlsdata.obj
 0002:000017e0       ??_C@_17EGKACKIF@?$AAD?$AAe?$AAc?$AA?$AA@ 000000018000f7e0     libucrt:nlsdata.obj
 0002:000017e8       ??_C@_1BA@EFMEIEBA@?$AAJ?$AAa?$AAn?$AAu?$AAa?$AAr?$AAy?$AA?$AA@ 000000018000f7e8     libucrt:nlsdata.obj
 0002:000017f8       ??_C@_1BC@JGDDFFAM@?$AAF?$AAe?$AAb?$AAr?$AAu?$AAa?$AAr?$AAy?$AA?$AA@ 000000018000f7f8     libucrt:nlsdata.obj
 0002:00001810       ??_C@_1M@IKEENEDF@?$AAM?$AAa?$AAr?$AAc?$AAh?$AA?$AA@ 000000018000f810     libucrt:nlsdata.obj
 0002:00001820       ??_C@_1M@GJNLMHFD@?$AAA?$AAp?$AAr?$AAi?$AAl?$AA?$AA@ 000000018000f820     libucrt:nlsdata.obj
 0002:00001830       ??_C@_19EPFLPGAP@?$AAJ?$AAu?$AAn?$AAe?$AA?$AA@ 000000018000f830     libucrt:nlsdata.obj
 0002:00001840       ??_C@_19BIFMLPCD@?$AAJ?$AAu?$AAl?$AAy?$AA?$AA@ 000000018000f840     libucrt:nlsdata.obj
 0002:00001850       ??_C@_1O@PAHLKOAC@?$AAA?$AAu?$AAg?$AAu?$AAs?$AAt?$AA?$AA@ 000000018000f850     libucrt:nlsdata.obj
 0002:00001860       ??_C@_1BE@DKAAMBJL@?$AAS?$AAe?$AAp?$AAt?$AAe?$AAm?$AAb?$AAe?$AAr?$AA?$AA@ 000000018000f860     libucrt:nlsdata.obj
 0002:00001878       ??_C@_1BA@EPANDLNG@?$AAO?$AAc?$AAt?$AAo?$AAb?$AAe?$AAr?$AA?$AA@ 000000018000f878     libucrt:nlsdata.obj
 0002:00001888       ??_C@_1BC@BGLIFPF@?$AAN?$AAo?$AAv?$AAe?$AAm?$AAb?$AAe?$AAr?$AA?$AA@ 000000018000f888     libucrt:nlsdata.obj
 0002:000018a0       ??_C@_1BC@FEMKIFH@?$AAD?$AAe?$AAc?$AAe?$AAm?$AAb?$AAe?$AAr?$AA?$AA@ 000000018000f8a0     libucrt:nlsdata.obj
 0002:000018b4       ??_C@_15ODEHAHHF@?$AAA?$AAM?$AA?$AA@ 000000018000f8b4     libucrt:nlsdata.obj
 0002:000018bc       ??_C@_15CLMNNGEL@?$AAP?$AAM?$AA?$AA@ 000000018000f8bc     libucrt:nlsdata.obj
 0002:000018c8       ??_C@_1BC@IEBCMHCM@?$AAM?$AAM?$AA?1?$AAd?$AAd?$AA?1?$AAy?$AAy?$AA?$AA@ 000000018000f8c8     libucrt:nlsdata.obj
 0002:000018e0       ??_C@_1CI@KNAKOEBC@?$AAd?$AAd?$AAd?$AAd?$AA?0?$AA?5?$AAM?$AAM?$AAM?$AAM?$AA?5?$AAd?$AAd?$AA?0?$AA?5?$AAy?$AAy?$AAy?$AAy?$AA?$AA@ 000000018000f8e0     libucrt:nlsdata.obj
 0002:00001908       ??_C@_1BC@GDGBMEMK@?$AAH?$AAH?$AA?3?$AAm?$AAm?$AA?3?$AAs?$AAs?$AA?$AA@ 000000018000f908     libucrt:nlsdata.obj
 0002:00001920       ??_C@_1M@BMHNFIME@?$AAe?$AAn?$AA?9?$AAU?$AAS?$AA?$AA@ 000000018000f920     libucrt:nlsdata.obj
 0002:000019d0       ??_C@_1EG@CNNIPFIM@?$AAa?$AAp?$AAi?$AA?9?$AAm?$AAs?$AA?9?$AAw?$AAi?$AAn?$AA?9?$AAa?$AAp?$AAp?$AAm?$AAo?$AAd?$AAe?$AAl?$AA?9?$AAr?$AAu?$AAn?$AAt?$AAi?$AAm?$AAe?$AA?9?$AAl?$AA1?$AA?9?$AA1@ 000000018000f9d0     libucrt:winapi_thunks.obj
 0002:00001a20       ??_C@_1EA@JGEFHKEI@?$AAa?$AAp?$AAi?$AA?9?$AAm?$AAs?$AA?9?$AAw?$AAi?$AAn?$AA?9?$AAc?$AAo?$AAr?$AAe?$AA?9?$AAd?$AAa?$AAt?$AAe?$AAt?$AAi?$AAm?$AAe?$AA?9?$AAl?$AA1?$AA?9?$AA1?$AA?9?$AA1?$AA?$AA@ 000000018000fa20     libucrt:winapi_thunks.obj
 0002:00001a60       ??_C@_1DI@GCIAAENM@?$AAa?$AAp?$AAi?$AA?9?$AAm?$AAs?$AA?9?$AAw?$AAi?$AAn?$AA?9?$AAc?$AAo?$AAr?$AAe?$AA?9?$AAf?$AAi?$AAl?$AAe?$AA?9?$AAl?$AA2?$AA?9?$AA1?$AA?9?$AA1?$AA?$AA@ 000000018000fa60     libucrt:winapi_thunks.obj
[...]
 0004:000009b4       $pdata$?setSBUpLow@@YAXPEAU__crt_multibyte_data@@@Z 000000018001b9b4     libucrt:mbctype.obj
 0004:000009c0       $pdata$?setmbcp_internal@@YAHH_N@Z 000000018001b9c0     libucrt:mbctype.obj
 0004:000009cc       $pdata$__acrt_initialize_multibyte 000000018001b9cc     libucrt:mbctype.obj
 0004:000009d8       $pdata$__acrt_update_thread_multibyte_data 000000018001b9d8     libucrt:mbctype.obj
 0004:000009e4       $pdata$_setmbcp_nolock     000000018001b9e4     libucrt:mbctype.obj
 0004:000009f0       $pdata$?x_ismbbtype_l@@YAHPEAU__crt_locale_pointers@@IHH@Z 000000018001b9f0     libucrt:ismbbyte.obj
 0004:000009fc       $pdata$__acrt_initialize_command_line 000000018001b9fc     libucrt:argv_data.obj
 0004:00000a08       $pdata$__dcrt_get_narrow_environment_from_os 000000018001ba08     libucrt:get_environment_from_os.obj
 0004:00000a14       $pdata$_recalloc_base      000000018001ba14     libucrt:recalloc.obj
 0004:00000a20       $pdata$__acrt_initialize_heap 000000018001ba20     libucrt:heap_handle.obj
 0004:00000a2c       $pdata$?initialize_inherited_file_handles_nolock@@YAXXZ 000000018001ba2c     libucrt:ioinit.obj
 0004:00000a38       $pdata$?initialize_stdio_handles_nolock@@YAXXZ 000000018001ba38     libucrt:ioinit.obj
 0004:00000a44       $pdata$__acrt_initialize_lowio 000000018001ba44     libucrt:ioinit.obj
 0004:00000a50       $pdata$__acrt_uninitialize_lowio 000000018001ba50     libucrt:ioinit.obj
 0004:00000a5c       $pdata$__acrt_execute_initializers 000000018001ba5c     libucrt:shared_initialization.obj
 0004:00000a68       $pdata$__acrt_execute_uninitializers 000000018001ba68     libucrt:shared_initialization.obj
 0004:00000a74       $pdata$??$?RV<lambda_c36588078e9f5dfd39652860aa6b3aaf>@@AEAV<lambda_ec61778202f4f5fc7e7711acc23c3bca>@@V<lambda_dc9d2797ccde5d239b4a0efae8ebd7db>@@@?$__crt_seh_guarded_call@P6AXH@Z@@QEAAP6AXH@Z$$QEAV<lambda_c36588078e9f5dfd39652860aa6b3aaf>@@AEAV<lambda_ec61778202f4f5fc7e7711acc23c3bca>@@$$QEAV<lambda_dc9d2797ccde5d239b4a0efae8ebd7db>@@@Z 000000018001ba74     libucrt:signal.obj
 0004:00000a80       $pdata$__acrt_get_sigabrt_handler 000000018001ba80     libucrt:signal.obj
 0004:00000a8c       $pdata$raise               000000018001ba8c     libucrt:signal.obj
 0004:00000a98       $pdata$__acrt_invoke_user_matherr 000000018001ba98     libucrt:matherr.obj
 0004:00000aa4       $pdata$_mbtowc_l           000000018001baa4     libucrt:mbtowc.obj
 0004:00000ab0       $pdata$_fileno             000000018001bab0     libucrt:fileno.obj
 0004:00000abc       $pdata$__acrt_initialize_stdio 000000018001babc     libucrt:_file.obj
 0004:00000ac8       $pdata$__acrt_uninitialize_stdio 000000018001bac8     libucrt:_file.obj
 0004:00000ad4       $pdata$__pctype_func       000000018001bad4     libucrt:ctype.obj
 0004:00000ae0       $pdata$_isctype_l          000000018001bae0     libucrt:isctype.obj
 0004:00000aec       $pdata$_isleadbyte_l       000000018001baec     libucrt:_wctype.obj
 0004:00000af8       $pdata$?__acrt_LCMapStringA_stat@@YAHPEAU__crt_locale_pointers@@PEB_WKPEBDHPEADHHH@Z 000000018001baf8     libucrt:lcmapstringa.obj
 0004:00000b04       $pdata$__acrt_LCMapStringA 000000018001bb04     libucrt:lcmapstringa.obj
 0004:00000b10       $pdata$__acrt_free_locale  000000018001bb10     libucrt:locale_refcounting.obj
 0004:00000b1c       $pdata$__acrt_locale_free_lc_time_if_unreferenced 000000018001bb1c     libucrt:locale_refcounting.obj
 0004:00000b28       $pdata$__acrt_release_locale_ref 000000018001bb28     libucrt:locale_refcounting.obj
 0004:00000b34       $pdata$__acrt_update_thread_locale_data 000000018001bb34     libucrt:locale_refcounting.obj
 0004:00000b40       $pdata$_updatetlocinfoEx_nolock 000000018001bb40     libucrt:locale_refcounting.obj
 0004:00000b4c       $pdata$__acrt_locale_free_monetary 000000018001bb4c     libucrt:initmon.obj
 0004:00000b58       $pdata$__acrt_locale_free_numeric 000000018001bb58     libucrt:initnum.obj
 0004:00000b64       $pdata$?free_crt_array_internal@@YAXQEAPEBX_K@Z 000000018001bb64     libucrt:inittime.obj
 0004:00000b70       $pdata$__acrt_locale_free_time 000000018001bb70     libucrt:inittime.obj
 0004:00000b7c       $pdata$__acrt_GetStringTypeA 000000018001bb7c     libucrt:getstringtypea.obj
 0004:00000b88       $pdata$?GetTableIndexFromLocaleName@@YAHPEB_W@Z 000000018001bb88     libucrt:lcidtoname_downlevel.obj
 0004:00000b94       $pdata$__acrt_DownlevelLocaleNameToLCID 000000018001bb94     libucrt:lcidtoname_downlevel.obj
 0004:00000ba0       $pdata$?shortsort@@YAXPEAD0_KP6AHPEBX2@Z@Z 000000018001bba0     libucrt:qsort.obj
 0004:00000bac       $pdata$2$?shortsort@@YAXPEAD0_KP6AHPEBX2@Z@Z 000000018001bbac     libucrt:qsort.obj
 0004:00000bb8       $pdata$3$?shortsort@@YAXPEAD0_KP6AHPEBX2@Z@Z 000000018001bbb8     libucrt:qsort.obj
 0004:00000bc4       $pdata$qsort               000000018001bbc4     libucrt:qsort.obj
 0004:00000bd0       $pdata$4$qsort             000000018001bbd0     libucrt:qsort.obj
 0004:00000bdc       $pdata$5$qsort             000000018001bbdc     libucrt:qsort.obj
 0004:00000be8       $pdata$strncpy_s           000000018001bbe8     libucrt:strncpy_s.obj
 0004:00000bf4       $pdata$strpbrk             000000018001bbf4     libucrt:strpbrk.obj
 0004:00000c00       $pdata$_mbsdec_l           000000018001bc00     libucrt:mbsdec.obj
 0004:00000c0c       $pdata$?initialize_multibyte@@YAHXZ 000000018001bc0c     libucrt:multibyte_initializer.obj
 0004:00000c18       $pdata$_msize              000000018001bc18     libucrt:msize.obj
 0004:00000c24       $pdata$_realloc_base       000000018001bc24     libucrt:realloc_base.obj
 0004:00000c30       $pdata$__acrt_lowio_create_handle_array 000000018001bc30     libucrt:osfinfo.obj
 0004:00000c3c       $pdata$__acrt_lowio_destroy_handle_array 000000018001bc3c     libucrt:osfinfo.obj
 0004:00000c48       $pdata$__acrt_lowio_ensure_fh_exists 000000018001bc48     libucrt:osfinfo.obj
 0004:00000c54       $pdata$_free_osfhnd        000000018001bc54     libucrt:osfinfo.obj
 0004:00000c60       $pdata$_get_osfhandle      000000018001bc60     libucrt:osfinfo.obj
 0004:00000c6c       $pdata$_isatty             000000018001bc6c     libucrt:isatty.obj
 0004:00000c78       $pdata$__acrt_stdio_flush_nolock 000000018001bc78     libucrt:fflush.obj
 0004:00000c84       $pdata$_fflush_nolock      000000018001bc84     libucrt:fflush.obj
 0004:00000c90       $pdata$common_flush_all    000000018001bc90     libucrt:fflush.obj
 0004:00000c9c       $pdata$_fcloseall          000000018001bc9c     libucrt:closeall.obj
 0004:00000ca8       $pdata$__acrt_stdio_free_buffer_nolock 000000018001bca8     libucrt:_freebuf.obj
 0004:00000cb4       $pdata$??$?RV<lambda_b521505b218e5242e90febf6bfebc422>@@AEAV<lambda_6978c1fb23f02e42e1d9e99668cc68aa>@@V<lambda_314360699dd331753a4119843814e9a7>@@@?$__crt_seh_guarded_call@H@@QEAAH$$QEAV<lambda_b521505b218e5242e90febf6bfebc422>@@AEAV<lambda_6978c1fb23f02e42e1d9e99668cc68aa>@@$$QEAV<lambda_314360699dd331753a4119843814e9a7>@@@Z 000000018001bcb4     libucrt:commit.obj
 0004:00000cc0       $pdata$_commit             000000018001bcc0     libucrt:commit.obj
 0004:00000ccc       $pdata$?write_double_translated_ansi_nolock@@YA?AUwrite_result@?A0x9c548279@@HQEBDI@Z 000000018001bccc     libucrt:write.obj
 0004:00000cd8       $pdata$?write_text_ansi_nolock@@YA?AUwrite_result@?A0x9c548279@@HQEBDI@Z 000000018001bcd8     libucrt:write.obj
 0004:00000ce4       $pdata$?write_text_utf16le_nolock@@YA?AUwrite_result@?A0x9c548279@@HQEBDI@Z 000000018001bce4     libucrt:write.obj
 0004:00000cf0       $pdata$?write_text_utf8_nolock@@YA?AUwrite_result@?A0x9c548279@@HQEBDI@Z 000000018001bcf0     libucrt:write.obj
 0004:00000cfc       $pdata$_write              000000018001bcfc     libucrt:write.obj
 0004:00000d08       $pdata$_write_nolock       000000018001bd08     libucrt:write.obj
 0004:00000d20       $pdata$??$common_lseek_nolock@_J@@YA_JH_JH@Z 000000018001bd20     libucrt:lseek.obj
 0004:00000d2c       $pdata$_fclose_nolock      000000018001bd2c     libucrt:fclose.obj
 0004:00000d38       $pdata$fclose              000000018001bd38     libucrt:fclose.obj
 0004:00000d44       $pdata$_putwch_nolock      000000018001bd44     libucrt:putwch.obj
 0004:00000d50       $pdata$_call_matherr       000000018001bd50     libucrt:libm_error.obj
 0004:00000d5c       $pdata$_exception_enabled  000000018001bd5c     libucrt:libm_error.obj
 0004:00000d68       $pdata$_handle_error       000000018001bd68     libucrt:libm_error.obj
 0004:00000d74       $pdata$__acrt_initialize_fma3 000000018001bd74     libucrt:fma3_available.obj
 0004:00000d80       $pdata$_log10_special      000000018001bd80     libucrt:log_special.obj
 0004:00000d8c       $pdata$_log_special_common 000000018001bd8c     libucrt:log_special.obj
 0004:00000d98       $pdata$??$?RV<lambda_bfedae4ebbf01fab1bb6dcc6a9e276e0>@@AEAV<lambda_2fe9b910cf3cbf4a0ab98a02ba45b3ec>@@V<lambda_237c231691f317818eb88cc1d5d642d6>@@@?$__crt_seh_guarded_call@H@@QEAAH$$QEAV<lambda_bfedae4ebbf01fab1bb6dcc6a9e276e0>@@AEAV<lambda_2fe9b910cf3cbf4a0ab98a02ba45b3ec>@@$$QEAV<lambda_237c231691f317818eb88cc1d5d642d6>@@@Z 000000018001bd98     libucrt:close.obj
 0004:00000da4       $pdata$_close              000000018001bda4     libucrt:close.obj
 0004:00000db0       $pdata$_close_nolock       000000018001bdb0     libucrt:close.obj
 0004:00000dbc       $pdata$__dcrt_lowio_initialize_console_output 000000018001bdbc     libucrt:initcon.obj
 0004:00000dc8       $pdata$__dcrt_terminate_console_output 000000018001bdc8     libucrt:initcon.obj
 0004:00000de0       $pdata$_raise_exc          000000018001bde0     libucrt:fpexcept.obj
 0004:00000dec       $pdata$_raise_exc_ex       000000018001bdec     libucrt:fpexcept.obj
 0004:00000df8       $pdata$_set_errno_from_matherr 000000018001bdf8     libucrt:fpexcept.obj
 0004:00000e04       $pdata$_clrfp              000000018001be04     libucrt:fpctrl.obj
 0004:00000e10       $pdata$_ctrlfp             000000018001be10     libucrt:fpctrl.obj
 0004:00000e1c       $pdata$_set_statfp         000000018001be1c     libucrt:fpctrl.obj
 0004:00000e28       $pdata$_statfp             000000018001be28     libucrt:fpctrl.obj
 0004:00000e34       $pdata$?DloadAcquireSectionWriteAccess@@YAXXZ 000000018001be34     DelayImp:delayhlp.obj
 0004:00000e40       $pdata$?DloadGetSRWLockFunctionPointers@@YAEXZ 000000018001be40     DelayImp:delayhlp.obj
 0004:00000e4c       $pdata$?DloadMakePermanentImageCommit@@YAXPEAX_K@Z 000000018001be4c     DelayImp:delayhlp.obj
 0004:00000e58       $pdata$?DloadObtainSection@@YAPEAXPEAK0@Z 000000018001be58     DelayImp:delayhlp.obj
 0004:00000e64       $pdata$?DloadProtectSection@@YAXKPEAK@Z 000000018001be64     DelayImp:delayhlp.obj
 0004:00000e70       $pdata$?DloadReleaseSectionWriteAccess@@YAXXZ 000000018001be70     DelayImp:delayhlp.obj
 0004:00000e7c       $pdata$__delayLoadHelper2  000000018001be7c     DelayImp:delayhlp.obj
 0004:00000e88       $pdata$__GSHandlerCheck    000000018001be88     LIBCMT:_gshandler_.obj
 0004:00000e94       $pdata$__GSHandlerCheckCommon 000000018001be94     LIBCMT:_gshandler_.obj
 0004:00000ea0       $pdata$_IsNonwritableInCurrentImage 000000018001bea0     LIBCMT:pesect.obj
 0004:00000ed0       $pdata$?fin$0@?0??dllmain_crt_process_attach@@YAHQEAUHINSTANCE__@@QEAX@Z@4HA 000000018001bed0     LIBCMT:dll_dllmain.obj
 0004:00000edc       $pdata$?fin$0@?0??dllmain_crt_process_detach@@YAH_N@Z@4HA 000000018001bedc     LIBCMT:dll_dllmain.obj
 0004:00000ee8       $pdata$?filt$0@?0??dllmain_dispatch@@YAHQEAUHINSTANCE__@@KQEAX@Z@4HA 000000018001bee8     LIBCMT:dll_dllmain.obj
 0004:00000ef4       $pdata$__scrt_is_nonwritable_in_current_image$filt$0 000000018001bef4     LIBCMT:utility.obj
 0004:00000f00       $pdata$_query_new_handler$fin$0 000000018001bf00     libucrt:new_handler.obj
 0004:00000f0c       $pdata$?filt$0@?0??common_exit@@YAXHW4_crt_exit_cleanup_mode@@W4_crt_exit_return_mode@@@Z@4HA 000000018001bf0c     libucrt:exit.obj
 0004:00000f18       $pdata$?fin$1@?0??common_exit@@YAXHW4_crt_exit_cleanup_mode@@W4_crt_exit_return_mode@@@Z@4HA 000000018001bf18     libucrt:exit.obj
 0004:00000f24       $pdata$?fin$0@?0???$?RV<lambda_5e887d1dcbef67a5eb4283622ba103bf>@@AEAV<lambda_4466841279450cc726390878d4a41900>@@V<lambda_341c25c0346d94847f1f3c463c57e077>@@@?$__crt_seh_guarded_call@X@@QEAAX$$QEAV<lambda_5e887d1dcbef67a5eb4283622ba103bf>@@AEAV<lambda_4466841279450cc726390878d4a41900>@@$$QEAV<lambda_341c25c0346d94847f1f3c463c57e077>@@@Z@4HA 000000018001bf24     libucrt:per_thread_data.obj
 0004:00000f24       $pdata$?fin$0@?0???$?RV<lambda_b8c45f8f788dd370798f47cfe8ac3a86>@@AEAV<lambda_4e60a939b0d047cfe11ddc22648dfba9>@@V<lambda_332c3edc96d0294ec56c57d38c1cdfd5>@@@?$__crt_seh_guarded_call@H@@QEAAH$$QEAV<lambda_b8c45f8f788dd370798f47cfe8ac3a86>@@AEAV<lambda_4e60a939b0d047cfe11ddc22648dfba9>@@$$QEAV<lambda_332c3edc96d0294ec56c57d38c1cdfd5>@@@Z@4HA 000000018001bf24     libucrt:onexit.obj
 0004:00000f24       $pdata$?fin$0@?0???$?RV<lambda_46352004c1216016012b18bd6f87e700>@@AEAV<lambda_3bd07e1a1191394380780325891bf33f>@@V<lambda_334532d3f185bcaa59b5be82d7d22bff>@@@?$__crt_seh_guarded_call@X@@QEAAX$$QEAV<lambda_46352004c1216016012b18bd6f87e700>@@AEAV<lambda_3bd07e1a1191394380780325891bf33f>@@$$QEAV<lambda_334532d3f185bcaa59b5be82d7d22bff>@@@Z@4HA 000000018001bf24     libucrt:per_thread_data.obj
 0004:00000f24       $pdata$?fin$0@?0???$?RV<lambda_c36588078e9f5dfd39652860aa6b3aaf>@@AEAV<lambda_ec61778202f4f5fc7e7711acc23c3bca>@@V<lambda_dc9d2797ccde5d239b4a0efae8ebd7db>@@@?$__crt_seh_guarded_call@P6AXH@Z@@QEAAP6AXH@Z$$QEAV<lambda_c36588078e9f5dfd39652860aa6b3aaf>@@AEAV<lambda_ec61778202f4f5fc7e7711acc23c3bca>@@$$QEAV<lambda_dc9d2797ccde5d239b4a0efae8ebd7db>@@@Z@4HA 000000018001bf24     libucrt:signal.obj
 0004:00000f24       $pdata$?fin$0@?0???$?RV<lambda_99476a1ad63dd22509b5d3e65b0ffc95>@@AEAV<lambda_ad1ced32f4ac17aa236e5ef05d6b3b7c>@@V<lambda_f7424dd8d45958661754dc4f2697e9c3>@@@?$__crt_seh_guarded_call@X@@QEAAX$$QEAV<lambda_99476a1ad63dd22509b5d3e65b0ffc95>@@AEAV<lambda_ad1ced32f4ac17aa236e5ef05d6b3b7c>@@$$QEAV<lambda_f7424dd8d45958661754dc4f2697e9c3>@@@Z@4HA 000000018001bf24     libucrt:mbctype.obj
 0004:00000f24       $pdata$?fin$0@?0???$?RV<lambda_72d1df2b273a38828b1ce30cbf4cdab5>@@AEAV<lambda_876a65b173b8412d3a47c70a915b0cf4>@@V<lambda_41932305e351933ebe8f8be3ed8bb5dc>@@@?$__crt_seh_guarded_call@X@@QEAAX$$QEAV<lambda_72d1df2b273a38828b1ce30cbf4cdab5>@@AEAV<lambda_876a65b173b8412d3a47c70a915b0cf4>@@$$QEAV<lambda_41932305e351933ebe8f8be3ed8bb5dc>@@@Z@4HA 000000018001bf24     libucrt:per_thread_data.obj
 0004:00000f24       $pdata$?fin$0@?0???$?RV<lambda_fb3a7dec4e47f37f22dae91bb15c9095>@@AEAV<lambda_698284760c8add0bfb0756c19673e34b>@@V<lambda_dfb8eca1e75fef3034a8fb18dd509707>@@@?$__crt_seh_guarded_call@X@@QEAAX$$QEAV<lambda_fb3a7dec4e47f37f22dae91bb15c9095>@@AEAV<lambda_698284760c8add0bfb0756c19673e34b>@@$$QEAV<lambda_dfb8eca1e75fef3034a8fb18dd509707>@@@Z@4HA 000000018001bf24     libucrt:per_thread_data.obj
 0004:00000f30       $pdata$?fin$0@?0???$?RV<lambda_e24bbb7b643b32fcea6fa61b31d4c984>@@AEAV<lambda_275893d493268fdec8709772e3fcec0e>@@V<lambda_9d71df4d7cf3f480f8d633942495c3b0>@@@?$__crt_seh_guarded_call@H@@QEAAH$$QEAV<lambda_e24bbb7b643b32fcea6fa61b31d4c984>@@AEAV<lambda_275893d493268fdec8709772e3fcec0e>@@$$QEAV<lambda_9d71df4d7cf3f480f8d633942495c3b0>@@@Z@4HA 000000018001bf30     libucrt:onexit.obj
 0004:00000f3c       $pdata$__acrt_update_thread_multibyte_data$fin$0 000000018001bf3c     libucrt:mbctype.obj
 0004:00000f48       $pdata$__acrt_initialize_lowio$fin$0 000000018001bf48     libucrt:ioinit.obj
 0004:00000f48       $pdata$__acrt_lowio_ensure_fh_exists$fin$0 000000018001bf48     libucrt:osfinfo.obj
 0004:00000f54       $pdata$raise$fin$0         000000018001bf54     libucrt:signal.obj
 0004:00000f60       $pdata$__acrt_update_thread_locale_data$fin$0 000000018001bf60     libucrt:locale_refcounting.obj
 0004:00000f60       $pdata$__acrt_uninitialize_locale$fin$0 000000018001bf60     libucrt:wsetlocale.obj
 0004:00000f6c       $pdata$common_flush_all$fin$0 000000018001bf6c     libucrt:fflush.obj
 0004:00000f78       $pdata$common_flush_all$fin$1 000000018001bf78     libucrt:fflush.obj
 0004:00000f84       $pdata$_fcloseall$fin$0    000000018001bf84     libucrt:closeall.obj
 0004:00000f90       $pdata$?fin$0@?0???$?RV<lambda_b521505b218e5242e90febf6bfebc422>@@AEAV<lambda_6978c1fb23f02e42e1d9e99668cc68aa>@@V<lambda_314360699dd331753a4119843814e9a7>@@@?$__crt_seh_guarded_call@H@@QEAAH$$QEAV<lambda_b521505b218e5242e90febf6bfebc422>@@AEAV<lambda_6978c1fb23f02e42e1d9e99668cc68aa>@@$$QEAV<lambda_314360699dd331753a4119843814e9a7>@@@Z@4HA 000000018001bf90     libucrt:commit.obj
 0004:00000f90       $pdata$?fin$0@?0???$?RV<lambda_bfedae4ebbf01fab1bb6dcc6a9e276e0>@@AEAV<lambda_2fe9b910cf3cbf4a0ab98a02ba45b3ec>@@V<lambda_237c231691f317818eb88cc1d5d642d6>@@@?$__crt_seh_guarded_call@H@@QEAAH$$QEAV<lambda_bfedae4ebbf01fab1bb6dcc6a9e276e0>@@AEAV<lambda_2fe9b910cf3cbf4a0ab98a02ba45b3ec>@@$$QEAV<lambda_237c231691f317818eb88cc1d5d642d6>@@@Z@4HA 000000018001bf90     libucrt:close.obj
 0004:00000f9c       $pdata$_write$fin$0        000000018001bf9c     libucrt:write.obj
 0004:00000fa8       $pdata$fclose$fin$0        000000018001bfa8     libucrt:fclose.obj
 0004:00000fb4       $pdata$_ctrlfp$filt$0      000000018001bfb4     libucrt:fpctrl.obj
 0004:00000fc0       $pdata$_IsNonwritableInCurrentImage$filt$0 000000018001bfc0     LIBCMT:pesect.obj
 0005:00000000       __guard_fids__             000000018001c000     libucrt:initialization.obj
 0005:00000060       __guard_fids___acrt_initialize_ptd 000000018001c060     libucrt:per_thread_data.obj
 0005:00000064       __guard_fids_??$expand_argument_wildcards@D@@YAHQEAD0AEAV?$argument_list@D@?A0xca0879c4@@@Z 000000018001c064     libucrt:argv_wildcards.obj
 0005:00000068       __guard_fids__             000000018001c068     libucrt:locale_initializer.obj
 0005:0000006c       __guard_fids__             000000018001c06c     libucrt:multibyte_initializer.obj
 0005:00000070       __guard_fids__             000000018001c070     libucrt:stdio_initializer.obj
 0005:00000074       __guard_fids__             000000018001c074     libucrt:stdio_initializer.obj
 0005:00000078       __guard_fids__             000000018001c078     libucrt:fma3_initializer.obj
 0005:0000007c       __guard_fids__             000000018001c07c     libucrt:console_output_initializer.obj
 0005:00000080       __guard_fids_?dllmain_crt_process_attach@@YAHQEAUHINSTANCE__@@QEAX@Z 000000018001c080     LIBCMT:dll_dllmain.obj
 0005:00000088       __guard_fids_?dllmain_dispatch@@YAHQEAUHINSTANCE__@@KQEAX@Z 000000018001c088     LIBCMT:dll_dllmain.obj
 0005:0000008c       __guard_fids__             000000018001c08c     LIBCMT:throw_bad_alloc.obj
 0005:00000094       __guard_fids__             000000018001c094     LIBCMT:throw_bad_alloc.obj
 0005:0000009c       __guard_fids__             000000018001c09c     LIBCMT:throw_bad_alloc.obj
 0005:000000a4       __guard_fids__             000000018001c0a4     LIBCMT:std_type_info_static.obj
 0005:000000a8       __guard_fids__             000000018001c0a8     LIBCMT:guard_support.obj
 0005:000000ac       __guard_fids__             000000018001c0ac     libvcruntime:telemetry.obj
 0005:000000b0       __guard_fids_?TraceLoggingRegister@__vcrt_trace_logging_provider@@YAJPEBU_TlgProvider_t@1@PEBU_GUID@@P6AX1KE_K2PEAU_EVENT_FILTER_DESCRIPTOR@@PEAX@Z4@Z 000000018001c0b0     libvcruntime:telemetry.obj
 0005:000000b4       __guard_fids___vcrt_initialize_ptd 000000018001c0b4     libvcruntime:per_thread_data.obj
 0006:00000060       $R000000                   000000018001d060     * linker generated manifest res *

 Exports

  ordinal    name

        1    _register_screen_
