 screen

 Timestamp is 5ad5d63b (Tue Apr 17 19:10:51 2018)

 Preferred load address is 0000000180000000

 Start         Length     Name                   Class
 0001:00000000 000001e0H .text                   CODE
 0001:000001e0 00011be0H .text$mn                CODE
 0001:00011dc0 00000020H .text$mn$00             CODE
 0001:00011de0 00000270H .text$x                 CODE
 0002:00000000 00000298H .idata$5                DATA
 0002:00000298 00000010H .00cfg                  DATA
 0002:000002a8 00000008H .CRT$XCA                DATA
 0002:000002b0 00000008H .CRT$XCU                DATA
 0002:000002b8 00000008H .CRT$XCZ                DATA
 0002:000002c0 00000008H .CRT$XIA                DATA
 0002:000002c8 00000018H .CRT$XIC                DATA
 0002:000002e0 00000008H .CRT$XIZ                DATA
 0002:000002e8 00000008H .CRT$XPA                DATA
 0002:000002f0 00000010H .CRT$XPX                DATA
 0002:00000300 00000008H .CRT$XPXA               DATA
 0002:00000308 00000008H .CRT$XPZ                DATA
 0002:00000310 00000008H .CRT$XTA                DATA
 0002:00000318 00000008H .CRT$XTZ                DATA
 0002:00000320 00007e88H .rdata                  DATA
 0002:000081a8 000001f8H .rdata$r                DATA
 0002:000083a0 00000010H .rdata$zETW0            DATA
 0002:000083b0 00000077H .rdata$zETW1            DATA
 0002:00008427 0000002cH .rdata$zETW2            DATA
 0002:00008453 00000001H .rdata$zETW9            DATA
 0002:00008454 0000044cH .rdata$zzzdbg           DATA
 0002:000088a0 00000008H .rtc$IAA                DATA
 0002:000088a8 00000008H .rtc$IZZ                DATA
 0002:000088b0 00000008H .rtc$TAA                DATA
 0002:000088b8 00000008H .rtc$TZZ                DATA
 0002:000088c0 00000ed8H .xdata                  DATA
 0002:00009798 000000ecH .xdata$x                DATA
 0002:00009884 00000020H .didat$2                DATA
 0002:000098a4 00000024H .didat$3                DATA
 0002:000098c8 00000170H .didat$4                DATA
 0002:00009a38 00000a98H .didat$6                DATA
 0002:0000a4d0 00000170H .didat$7                DATA
 0002:0000a640 00000050H .edata                  DATA
 0002:0000a690 0000003cH .idata$2                DATA
 0002:0000a6cc 00000014H .idata$3                DATA
 0002:0000a6e0 00000298H .idata$4                DATA
 0002:0000a978 00000604H .idata$6                DATA
 0003:00000000 000009d8H .data                   DATA
 0003:000009d8 000000a0H .data$r                 DATA
 0003:00000a78 00000178H .didat$5                DATA
 0003:00000bf0 00001210H .bss                    DATA
 0004:00000000 000012d8H .pdata                  DATA
 0005:00000000 00000080H .gfids$x                DATA
 0005:00000080 00000038H .gfids$y                DATA
 0006:00000000 00000060H .rsrc$01                DATA
 0006:00000060 00000180H .rsrc$02                DATA

  Address         Publics by Value              Rva+Base               Lib:Object

 0000:00000000       __guard_iat_table          0000000000000000     <absolute>
 0000:00000000       __dynamic_value_reloc_table 0000000000000000     <absolute>
 0000:00000000       __guard_iat_count          0000000000000000     <absolute>
 0000:00000000       __guard_longjmp_table      0000000000000000     <absolute>
 0000:00000000       __guard_longjmp_count      0000000000000000     <absolute>
 0000:00000000       __guard_fids_count         0000000000000000     <absolute>
 0000:00000000       ___safe_se_handler_table   0000000000000000     <absolute>
 0000:00000000       ___safe_se_handler_count   0000000000000000     <absolute>
 0000:00000000       __guard_fids_table         0000000000000000     <absolute>
 0000:00000100       __guard_flags              0000000000000100     <absolute>
 0000:00000000       __ImageBase                0000000180000000     <linker-defined>
 0001:00000000       ?TraceLoggingRegister@__vcrt_trace_logging_provider@@YAJPEBU_TlgProvider_t@1@PEBU_GUID@@P6AX1KE_K2PEAU_EVENT_FILTER_DESCRIPTOR@@PEAX@Z4@Z 0000000180001000 f i libvcruntime:telemetry.obj
 0001:0000007c       ?_TlgEnableCallback@__vcrt_trace_logging_provider@@YAXPEBU_GUID@@KE_K1PEAU_EVENT_FILTER_DESCRIPTOR@@PEAX@Z 000000018000107c f i libvcruntime:telemetry.obj
 0001:00000140       ?_TlgWrite@__vcrt_trace_logging_provider@@YAJPEBU_TlgProvider_t@1@PEFBXPEBU_GUID@@2IPEAU_EVENT_DATA_DESCRIPTOR@@@Z 0000000180001140 f i libvcruntime:telemetry.obj
 0001:000001e0       ?setHandle@IScreen@@UEAAXPEAVScreenHandle@@@Z 00000001800011e0 f   IScreen.obj
 0001:000002c0       ?New@?$Factory@VFunctionTemplate@v8@@@imp@Nan@@SA?AV?$Local@VFunctionTemplate@v8@@@v8@@P6AXAEBV?$FunctionCallbackInfo@VValue@v8@@@3@@ZV?$Local@VValue@v8@@@5@V?$Local@VSignature@v8@@@5@@Z 00000001800012c0 f i screen.obj
 0001:000004a0       ?Call@Callback@Nan@@QEBA?AV?$MaybeLocal@VValue@v8@@@v8@@HQEAV?$Local@VValue@v8@@@4@PEAVAsyncResource@2@@Z 00000001800014a0 f i screen.obj
 0001:000005a0       ??0AsyncWorker@Nan@@QEAA@PEAVCallback@1@PEBD@Z 00000001800015a0 f i screen.obj
 0001:00000670       ??1AsyncWorker@Nan@@UEAA@XZ 0000000180001670 f i screen.obj
 0001:00000730       ?WorkComplete@AsyncWorker@Nan@@UEAAXXZ 0000000180001730 f i screen.obj
 0001:00000810       ?Destroy@AsyncWorker@Nan@@UEAAXXZ 0000000180001810 f i screen.obj
 0001:00000830       ?HandleOKCallback@AsyncWorker@Nan@@MEAAXXZ 0000000180001830 f i screen.obj
 0001:00000880       ?HandleErrorCallback@AsyncWorker@Nan@@MEAAXXZ 0000000180001880 f i screen.obj
 0001:000009f0       ??_GAsyncWorker@Nan@@UEAAPEAXI@Z 00000001800019f0 f i screen.obj
 0001:000009f0       ??_EAsyncWorker@Nan@@UEAAPEAXI@Z 00000001800019f0 f i * CIL library *:* CIL module *
 0001:00000a30       ?Destroy@AsyncBareProgressWorkerBase@Nan@@UEAAXXZ 0000000180001a30 f i screen.obj
 0001:00000a50       ?AsyncProgress_@AsyncBareProgressWorkerBase@Nan@@CAXPEAUuv_async_s@@@Z 0000000180001a50 f i screen.obj
 0001:00000a60       ?AsyncClose_@AsyncBareProgressWorkerBase@Nan@@CAXPEAUuv_handle_s@@@Z 0000000180001a60 f i screen.obj
 0001:00000a80       ??_GAsyncBareProgressWorkerBase@Nan@@UEAAPEAXI@Z 0000000180001a80 f i screen.obj
 0001:00000a80       ??_EAsyncBareProgressWorkerBase@Nan@@UEAAPEAXI@Z 0000000180001a80 f i * CIL library *:* CIL module *
 0001:00000ac0       ?AsyncExecute@Nan@@YAXPEAUuv_work_s@@@Z 0000000180001ac0 f i screen.obj
 0001:00000b10       ?AsyncExecuteComplete@Nan@@YAXPEAUuv_work_s@@@Z 0000000180001b10 f i screen.obj
 0001:00000b40       ??0ScreenHook@@QEAA@PEAVCallback@Nan@@00@Z 0000000180001b40 f i screen.obj
 0001:00000c00       ??1ScreenHook@@UEAA@XZ     0000000180001c00 f i screen.obj
 0001:00000cc0       ?Execute@ScreenHook@@UEAAXAEBVExecutionProgress@?$AsyncBareProgressWorker@D@Nan@@@Z 0000000180001cc0 f i screen.obj
 0001:00000ce0       ?onShapeUpdate@ScreenHook@@UEAAXHH@Z 0000000180001ce0 f i screen.obj
 0001:00000da0       ?onMouseMove@ScreenHook@@UEAAXMM@Z 0000000180001da0 f i screen.obj
 0001:00000e60       ?HandleProgressCallback@ScreenHook@@UEAAXPEBD_K@Z 0000000180001e60 f i screen.obj
 0001:000011a0       ??_EScreenHook@@UEAAPEAXI@Z 00000001800021a0 f i * CIL library *:* CIL module *
 0001:000011a0       ??_GScreenHook@@UEAAPEAXI@Z 00000001800021a0 f i screen.obj
 0001:000011e0       ?getShape@@YAXAEBV?$FunctionCallbackInfo@VValue@v8@@@Nan@@@Z 00000001800021e0 f   screen.obj
 0001:00001480       ?start@@YAXAEBV?$FunctionCallbackInfo@VValue@v8@@@Nan@@@Z 0000000180002480 f   screen.obj
 0001:00001640       _guard_check_icall_nop     0000000180002640 f   LIBCMT:guard_support.obj
 0001:00001640       ?setCursorVisible@MSScreen@@UEAAX_N@Z 0000000180002640 f   MSScreen.obj
 0001:00001640       ?stop@@YAXAEBV?$FunctionCallbackInfo@VValue@v8@@@Nan@@@Z 0000000180002640 f   screen.obj
 0001:00001640       ?stop@MSScreen@@UEAAXXZ    0000000180002640 f   MSScreen.obj
 0001:00001640       __except_validate_context_record 0000000180002640 f   libvcruntime:jbcxrval.obj
 0001:00001640       ?warpCursor@MSScreen@@UEAAXHH@Z 0000000180002640 f   MSScreen.obj
 0001:00001640       ?getCursorPos@MSScreen@@UEBAXAEAH0@Z 0000000180002640 f   MSScreen.obj
 0001:00001650       ?setCursorVisible@@YAXAEBV?$FunctionCallbackInfo@VValue@v8@@@Nan@@@Z 0000000180002650 f   screen.obj
 0001:00001690       ?warpCursor@@YAXAEBV?$FunctionCallbackInfo@VValue@v8@@@Nan@@@Z 0000000180002690 f   screen.obj
 0001:00001700       ?InitAll@@YAXV?$Local@VObject@v8@@@v8@@@Z 0000000180002700 f   screen.obj
 0001:00001af0       ?Execute@?$AsyncBareProgressWorker@D@Nan@@EEAAXXZ 0000000180002af0 f i screen.obj
 0001:00001b20       ?SendProgress_@?$AsyncProgressWorkerBase@D@Nan@@EEAAXPEBD_K@Z 0000000180002b20 f i screen.obj
 0001:00001bc0       ?WorkProgress@?$AsyncProgressWorkerBase@D@Nan@@UEAAXXZ 0000000180002bc0 f i screen.obj
 0001:00001c40       ??_G?$AsyncProgressWorkerBase@D@Nan@@UEAAPEAXI@Z 0000000180002c40 f i screen.obj
 0001:00001c40       ??_E?$AsyncProgressWorkerBase@D@Nan@@UEAAPEAXI@Z 0000000180002c40 f i * CIL library *:* CIL module *
 0001:00001cb0       ??_GIScreen@@UEAAPEAXI@Z   0000000180002cb0 f i MSScreen.obj
 0001:00001cb0       ??_EIScreen@@UEAAPEAXI@Z   0000000180002cb0 f i * CIL library *:* CIL module *
 0001:00001ce0       __local_stdio_printf_options 0000000180002ce0 f i MSScreen.obj
 0001:00001cf0       printf                     0000000180002cf0 f i MSScreen.obj
 0001:00001d50       ?mouseProc@@YA_JH_K_J@Z    0000000180002d50 f   MSScreen.obj
 0001:00001dc0       ??_GMSScreen@@UEAAPEAXI@Z  0000000180002dc0 f i MSScreen.obj
 0001:00001dc0       ??_EMSScreen@@UEAAPEAXI@Z  0000000180002dc0 f i * CIL library *:* CIL module *
 0001:00001df0       ?getShape@MSScreen@@UEBAXAEAH0@Z 0000000180002df0 f   MSScreen.obj
 0001:00001e00       ?run@MSScreen@@UEAAXXZ     0000000180002e00 f   MSScreen.obj
 0001:00001ecc       __imp_load_uv_mutex_unlock 0000000180002ecc f   node:node.exe
 0001:00001ed8       __tailMerge_node_exe       0000000180002ed8 f i node:node.exe
 0001:00001f51       __imp_load_uv_queue_work   0000000180002f51 f   node:node.exe
 0001:00001f5d       __imp_load_?Global@Context@v8@@QEAA?AV?$Local@VObject@v8@@@2@XZ 0000000180002f5d f   node:node.exe
 0001:00001f69       __imp_load_?Value@External@v8@@QEBAPEAXXZ 0000000180002f69 f   node:node.exe
 0001:00001f75       __imp_load_?New@External@v8@@SA?AV?$Local@VExternal@v8@@@2@PEAVIsolate@2@PEAX@Z 0000000180002f75 f   node:node.exe
 0001:00001f81       __imp_load_?NewFromUnsigned@Integer@v8@@SA?AV?$Local@VInteger@v8@@@2@PEAVIsolate@2@I@Z 0000000180002f81 f   node:node.exe
 0001:00001f8d       __imp_load_?New@Integer@v8@@SA?AV?$Local@VInteger@v8@@@2@PEAVIsolate@2@H@Z 0000000180002f8d f   node:node.exe
 0001:00001f99       __imp_load_?GetCurrentContext@Isolate@v8@@QEAA?AV?$Local@VContext@v8@@@2@XZ 0000000180002f99 f   node:node.exe
 0001:00001fa5       __imp_load_?GetCurrent@Isolate@v8@@SAPEAV12@XZ 0000000180002fa5 f   node:node.exe
 0001:00001fb1       __imp_load_?CreateHandle@HandleScope@v8@@KAPEAPEAVObject@internal@2@PEAVIsolate@42@PEAV342@@Z 0000000180002fb1 f   node:node.exe
 0001:00001fbd       __imp_load_?CreateHandle@HandleScope@v8@@CAPEAPEAVObject@internal@2@PEAVHeapObject@42@PEAV342@@Z 0000000180002fbd f   node:node.exe
 0001:00001fc9       __imp_load_??1HandleScope@v8@@QEAA@XZ 0000000180002fc9 f   node:node.exe
 0001:00001fd5       __imp_load_??0HandleScope@v8@@QEAA@PEAVIsolate@1@@Z 0000000180002fd5 f   node:node.exe
 0001:00001fe1       __imp_load_?Error@Exception@v8@@SA?AV?$Local@VValue@v8@@@2@V?$Local@VString@v8@@@2@@Z 0000000180002fe1 f   node:node.exe
 0001:00001fed       __imp_load_?GetFunction@FunctionTemplate@v8@@QEAA?AV?$Local@VFunction@v8@@@2@XZ 0000000180002fed f   node:node.exe
 0001:00001ff9       __imp_load_?GetFunction@FunctionTemplate@v8@@QEAA?AV?$MaybeLocal@VFunction@v8@@@2@V?$Local@VContext@v8@@@2@@Z 0000000180002ff9 f   node:node.exe
 0001:00002005       __imp_load_?New@FunctionTemplate@v8@@SA?AV?$Local@VFunctionTemplate@v8@@@2@PEAVIsolate@2@P6AXAEBV?$FunctionCallbackInfo@VValue@v8@@@2@@ZV?$Local@VValue@v8@@@2@V?$Local@VSignature@v8@@@2@HW4ConstructorBehavior@2@@Z 0000000180003005 f   node:node.exe
 0001:00002011       __imp_load_?ToLocalEmpty@V8@v8@@CAXXZ 0000000180003011 f   node:node.exe
 0001:0000201d       __imp_load_?DisposeGlobal@V8@v8@@CAXPEAPEAVObject@internal@2@@Z 000000018000301d f   node:node.exe
 0001:00002029       __imp_load_?GlobalizeReference@V8@v8@@CAPEAPEAVObject@internal@2@PEAVIsolate@42@PEAPEAV342@@Z 0000000180003029 f   node:node.exe
 0001:00002035       __imp_load_?Int32Value@Value@v8@@QEBAHXZ 0000000180003035 f   node:node.exe
 0001:00002041       __imp_load_?BooleanValue@Value@v8@@QEBA_NXZ 0000000180003041 f   node:node.exe
 0001:0000204d       __imp_load_?ToInt32@Value@v8@@QEBA?AV?$MaybeLocal@VInt32@v8@@@2@V?$Local@VContext@v8@@@2@@Z 000000018000304d f   node:node.exe
 0001:00002059       __imp_load_?ToUint32@Value@v8@@QEBA?AV?$MaybeLocal@VUint32@v8@@@2@V?$Local@VContext@v8@@@2@@Z 0000000180003059 f   node:node.exe
 0001:00002065       __imp_load_?IsFunction@Value@v8@@QEBA_NXZ 0000000180003065 f   node:node.exe
 0001:00002071       __imp_load_?Escape@EscapableHandleScope@v8@@AEAAPEAPEAVObject@internal@2@PEAPEAV342@@Z 0000000180003071 f   node:node.exe
 0001:0000207d       __imp_load_??0EscapableHandleScope@v8@@QEAA@PEAVIsolate@1@@Z 000000018000307d f   node:node.exe
 0001:00002089       __imp_load_?NewFromUtf8@String@v8@@SA?AV?$MaybeLocal@VString@v8@@@2@PEAVIsolate@2@PEBDW4NewStringType@2@H@Z 0000000180003089 f   node:node.exe
 0001:00002095       __imp_load_?New@Number@v8@@SA?AV?$Local@VNumber@v8@@@2@PEAVIsolate@2@N@Z 0000000180003095 f   node:node.exe
 0001:000020a1       __imp_load_?SlowGetInternalField@Object@v8@@AEAA?AV?$Local@VValue@v8@@@2@H@Z 00000001800030a1 f   node:node.exe
 0001:000020ad       __imp_load_?New@Object@v8@@SA?AV?$Local@VObject@v8@@@2@PEAVIsolate@2@@Z 00000001800030ad f   node:node.exe
 0001:000020b9       __imp_load_?SetInternalField@Object@v8@@QEAAXHV?$Local@VValue@v8@@@2@@Z 00000001800030b9 f   node:node.exe
 0001:000020c5       __imp_load_?Set@Object@v8@@QEAA?AV?$Maybe@_N@2@V?$Local@VContext@v8@@@2@V?$Local@VValue@v8@@@2@1@Z 00000001800030c5 f   node:node.exe
 0001:000020d1       __imp_load_?SetInternalFieldCount@ObjectTemplate@v8@@QEAAXH@Z 00000001800030d1 f   node:node.exe
 0001:000020dd       __imp_load_?NewInstance@ObjectTemplate@v8@@QEAA?AV?$MaybeLocal@VObject@v8@@@2@V?$Local@VContext@v8@@@2@@Z 00000001800030dd f   node:node.exe
 0001:000020e9       __imp_load_?New@ObjectTemplate@v8@@SA?AV?$Local@VObjectTemplate@v8@@@2@PEAVIsolate@2@V?$Local@VFunctionTemplate@v8@@@2@@Z 00000001800030e9 f   node:node.exe
 0001:000020f5       __imp_load_uv_mutex_lock   00000001800030f5 f   node:node.exe
 0001:00002101       __imp_load_uv_close        0000000180003101 f   node:node.exe
 0001:0000210d       __imp_load_node_module_register 000000018000310d f   node:node.exe
 0001:00002119       __imp_load_?MakeCallback@node@@YA?AV?$Local@VValue@v8@@@v8@@PEAVIsolate@3@V?$Local@VObject@v8@@@3@V?$Local@VFunction@v8@@@3@HPEAV23@@Z 0000000180003119 f   node:node.exe
 0001:00002125       __imp_load_uv_mutex_destroy 0000000180003125 f   node:node.exe
 0001:00002131       __imp_load_uv_mutex_init   0000000180003131 f   node:node.exe
 0001:0000213d       __imp_load_uv_async_send   000000018000313d f   node:node.exe
 0001:00002149       __imp_load_uv_async_init   0000000180003149 f   node:node.exe
 0001:00002155       __imp_load_uv_default_loop 0000000180003155 f   node:node.exe
 0001:00002180       __security_check_cookie    0000000180003180 f   LIBCMT:_amdsecgs_.obj
 0001:000021a4       ??_V@YAXPEAX@Z             00000001800031a4 f   LIBCMT:delete_array.obj
 0001:000021a4       ??3@YAXPEAX_K@Z            00000001800031a4 f   LIBCMT:delete_scalar_size.obj
 0001:000021ac       ??2@YAPEAX_K@Z             00000001800031ac f   LIBCMT:new_scalar.obj
 0001:000021e8       ??_U@YAPEAX_K@Z            00000001800031e8 f   LIBCMT:new_array.obj
 0001:00002560       _DllMainCRTStartup         0000000180003560 f   LIBCMT:dll_dllmain.obj
 0001:000025a0       __raise_securityfailure    00000001800035a0 f   LIBCMT:gs_report.obj
 0001:000025d4       __report_gsfailure         00000001800035d4 f   LIBCMT:gs_report.obj
 0001:000026a8       __report_rangecheckfailure 00000001800036a8 f   LIBCMT:gs_report.obj
 0001:000026bc       __report_securityfailure   00000001800036bc f   LIBCMT:gs_report.obj
 0001:0000283c       ??3@YAXPEAX@Z              000000018000383c f   LIBCMT:delete_scalar.obj
 0001:00002844       ??0bad_alloc@std@@QEAA@AEBV01@@Z 0000000180003844 f i LIBCMT:throw_bad_alloc.obj
 0001:00002884       ??0bad_alloc@std@@QEAA@XZ  0000000180003884 f i LIBCMT:throw_bad_alloc.obj
 0001:000028a4       ??0bad_array_new_length@std@@QEAA@AEBV01@@Z 00000001800038a4 f i LIBCMT:throw_bad_alloc.obj
 0001:000028e4       ??0bad_array_new_length@std@@QEAA@XZ 00000001800038e4 f i LIBCMT:throw_bad_alloc.obj
 0001:00002904       ??0exception@std@@QEAA@AEBV01@@Z 0000000180003904 f i LIBCMT:throw_bad_alloc.obj
 0001:0000293c       ??1bad_alloc@std@@UEAA@XZ  000000018000393c f i LIBCMT:throw_bad_alloc.obj
 0001:0000293c       ??1bad_array_new_length@std@@UEAA@XZ 000000018000393c f i LIBCMT:throw_bad_alloc.obj
 0001:00002950       ??_Eexception@std@@UEAAPEAXI@Z 0000000180003950 f i LIBCMT:throw_bad_alloc.obj
 0001:00002950       ??_Gexception@std@@UEAAPEAXI@Z 0000000180003950 f i LIBCMT:throw_bad_alloc.obj
 0001:00002950       ??_Gbad_alloc@std@@UEAAPEAXI@Z 0000000180003950 f i LIBCMT:throw_bad_alloc.obj
 0001:00002950       ??_Ebad_array_new_length@std@@UEAAPEAXI@Z 0000000180003950 f i LIBCMT:throw_bad_alloc.obj
 0001:00002950       ??_Gbad_array_new_length@std@@UEAAPEAXI@Z 0000000180003950 f i LIBCMT:throw_bad_alloc.obj
 0001:00002950       ??_Ebad_alloc@std@@UEAAPEAXI@Z 0000000180003950 f i LIBCMT:throw_bad_alloc.obj
 0001:00002994       ?__scrt_throw_std_bad_alloc@@YAXXZ 0000000180003994 f   LIBCMT:throw_bad_alloc.obj
 0001:000029b4       ?__scrt_throw_std_bad_array_new_length@@YAXXZ 00000001800039b4 f   LIBCMT:throw_bad_alloc.obj
 0001:000029d4       ?what@exception@std@@UEBAPEBDXZ 00000001800039d4 f i LIBCMT:throw_bad_alloc.obj
 0001:000029e8       __scrt_acquire_startup_lock 00000001800039e8 f   LIBCMT:utility.obj
 0001:00002a24       __scrt_dllmain_after_initialize_c 0000000180003a24 f   LIBCMT:utility.obj
 0001:00002a58       __scrt_dllmain_before_initialize_c 0000000180003a58 f   LIBCMT:utility.obj
 0001:00002a70       __scrt_dllmain_crt_thread_attach 0000000180003a70 f   LIBCMT:utility.obj
 0001:00002a98       __scrt_dllmain_crt_thread_detach 0000000180003a98 f   LIBCMT:utility.obj
 0001:00002ab0       __scrt_dllmain_exception_filter 0000000180003ab0 f   LIBCMT:utility.obj
 0001:00002b14       __scrt_dllmain_uninitialize_c 0000000180003b14 f   LIBCMT:utility.obj
 0001:00002b44       __scrt_dllmain_uninitialize_critical 0000000180003b44 f   LIBCMT:utility.obj
 0001:00002b58       __scrt_initialize_crt      0000000180003b58 f   LIBCMT:utility.obj
 0001:00002ba4       __scrt_initialize_onexit_tables 0000000180003ba4 f   LIBCMT:utility.obj
 0001:00002c70       __scrt_is_nonwritable_in_current_image 0000000180003c70 f   LIBCMT:utility.obj
 0001:00002d0c       __scrt_release_startup_lock 0000000180003d0c f   LIBCMT:utility.obj
 0001:00002d30       __scrt_uninitialize_crt    0000000180003d30 f   LIBCMT:utility.obj
 0001:00002d5c       _onexit                    0000000180003d5c f   LIBCMT:utility.obj
 0001:00002dac       atexit                     0000000180003dac f   LIBCMT:utility.obj
 0001:00002dc4       __security_init_cookie     0000000180003dc4 f   LIBCMT:gs_support.obj
 0001:00002e70       _get_startup_argv_mode     0000000180003e70 f   LIBCMT:argv_mode.obj
 0001:00002e70       DllMain                    0000000180003e70 f   LIBCMT:dll_dllmain_stub.obj
 0001:00002e78       ?__scrt_initialize_type_info@@YAXXZ 0000000180003e78 f   LIBCMT:tncleanup.obj
 0001:00002e88       ?__scrt_uninitialize_type_info@@YAXXZ 0000000180003e88 f   LIBCMT:tncleanup.obj
 0001:00002e94       __local_stdio_scanf_options 0000000180003e94 f i LIBCMT:default_local_stdio_options.obj
 0001:00002e9c       __scrt_initialize_default_local_stdio_options 0000000180003e9c f   LIBCMT:default_local_stdio_options.obj
 0001:00002eb8       __scrt_get_dyn_tls_init_callback 0000000180003eb8 f   LIBCMT:dyn_tls_init.obj
 0001:00002ec0       __crt_debugger_hook        0000000180003ec0 f   LIBCMT:utility_desktop.obj
 0001:00002ec8       __scrt_fastfail            0000000180003ec8 f   LIBCMT:utility_desktop.obj
 0001:00003010       _RTC_Initialize            0000000180004010 f   LIBCMT:_initsect_.obj
 0001:0000305c       _RTC_Terminate             000000018000405c f   LIBCMT:_initsect_.obj
 0001:000030a8       _guard_check_icall         00000001800040a8 f i LIBCMT:checkcfg.obj
 0001:000030b0       ??_Gtype_info@@UEAAPEAXI@Z 00000001800040b0 f i LIBCMT:std_type_info_static.obj
 0001:000030b0       ??_Etype_info@@UEAAPEAXI@Z 00000001800040b0 f i LIBCMT:std_type_info_static.obj
 0001:000030dc       __isa_available_init       00000001800040dc f   LIBCMT:_cpu_disp_.obj
 0001:000032a0       __scrt_is_ucrt_dll_in_use  00000001800042a0 f   LIBCMT:ucrt_detection.obj
 0001:000032c0       memmove                    00000001800042c0 f   libvcruntime:memcpy.obj
 0001:000032c0       memcpy                     00000001800042c0 f   libvcruntime:memcpy.obj
 0001:000036f8       _purecall                  00000001800046f8 f   libvcruntime:purevirt.obj
 0001:00003738       __telemetry_main_invoke_trigger 0000000180004738 f   libvcruntime:telemetry.obj
 0001:00003850       __telemetry_main_return_trigger 0000000180004850 f   libvcruntime:telemetry.obj
 0001:00003968       __vcrt_initialize_telemetry_provider 0000000180004968 f   libvcruntime:telemetry.obj
 0001:0000397c       __vcrt_uninitialize_telemetry_provider 000000018000497c f   libvcruntime:telemetry.obj
 0001:0000399c       __C_specific_handler       000000018000499c f   libvcruntime:_chandler_.obj
 0001:00003b98       __std_exception_copy       0000000180004b98 f   libvcruntime:std_exception.obj
 0001:00003c28       __std_exception_destroy    0000000180004c28 f   libvcruntime:std_exception.obj
 0001:00003c50       _CxxThrowException         0000000180004c50 f   libvcruntime:throw.obj
 0001:00003d28       __vcrt_initialize          0000000180004d28 f   libvcruntime:initialization.obj
 0001:00003d60       __vcrt_thread_attach       0000000180004d60 f   libvcruntime:initialization.obj
 0001:00003d74       __vcrt_thread_detach       0000000180004d74 f   libvcruntime:initialization.obj
 0001:00003d88       __vcrt_uninitialize        0000000180004d88 f   libvcruntime:initialization.obj
 0001:00003db4       __vcrt_uninitialize_critical 0000000180004db4 f   libvcruntime:initialization.obj
 0001:00003dc4       __std_type_info_destroy_list 0000000180004dc4 f   libvcruntime:std_type_info.obj
 0001:00003e00       memset                     0000000180004e00 f   libvcruntime:memset.obj
 0001:00003fa0       __vcrt_initialize_pure_virtual_call_handler 0000000180004fa0 f   libvcruntime:purevirt_data.obj
 0001:0000418c       __vcrt_EventRegister       000000018000518c f   libvcruntime:winapi_downlevel.obj
 0001:00004210       __vcrt_EventSetInformation 0000000180005210 f   libvcruntime:winapi_downlevel.obj
 0001:00004294       __vcrt_EventUnregister     0000000180005294 f   libvcruntime:winapi_downlevel.obj
 0001:000042e8       __vcrt_EventWriteTransfer  00000001800052e8 f   libvcruntime:winapi_downlevel.obj
 0001:00004380       __vcrt_FlsAlloc            0000000180005380 f   libvcruntime:winapi_downlevel.obj
 0001:000043d4       __vcrt_FlsFree             00000001800053d4 f   libvcruntime:winapi_downlevel.obj
 0001:00004428       __vcrt_FlsGetValue         0000000180005428 f   libvcruntime:winapi_downlevel.obj
 0001:0000447c       __vcrt_FlsSetValue         000000018000547c f   libvcruntime:winapi_downlevel.obj
 0001:000044e4       __vcrt_InitializeCriticalSectionEx 00000001800054e4 f   libvcruntime:winapi_downlevel.obj
 0001:0000455c       __vcrt_initialize_winapi_thunks 000000018000555c f   libvcruntime:winapi_downlevel.obj
 0001:00004594       __vcrt_uninitialize_winapi_thunks 0000000180005594 f   libvcruntime:winapi_downlevel.obj
 0001:000045f0       _local_unwind              00000001800055f0 f   libvcruntime:_jmpuwind_.obj
 0001:00004620       _NLG_Notify                0000000180005620 f   libvcruntime:_jmpuwind_.obj
 0001:00004640       __NLG_Dispatch2            0000000180005640 f   libvcruntime:_jmpuwind_.obj
 0001:00004650       __NLG_Return2              0000000180005650 f   libvcruntime:_jmpuwind_.obj
 0001:00004654       __vcrt_freefls             0000000180005654 f   libvcruntime:per_thread_data.obj
 0001:00004674       __vcrt_freeptd             0000000180005674 f   libvcruntime:per_thread_data.obj
 0001:000046c4       __vcrt_getptd_noexit       00000001800056c4 f   libvcruntime:per_thread_data.obj
 0001:0000477c       __vcrt_initialize_ptd      000000018000577c f   libvcruntime:per_thread_data.obj
 0001:000047bc       __vcrt_uninitialize_ptd    00000001800057bc f   libvcruntime:per_thread_data.obj
 0001:000047e0       __vcrt_initialize_locks    00000001800057e0 f   libvcruntime:locks.obj
 0001:00004828       __vcrt_uninitialize_locks  0000000180005828 f   libvcruntime:locks.obj
 0001:00004860       __acrt_initialize_stdio    0000000180005860 f   libucrt:_file.obj
 0001:00004980       __acrt_iob_func            0000000180005980 f   libucrt:_file.obj
 0001:00004994       __acrt_uninitialize_stdio  0000000180005994 f   libucrt:_file.obj
 0001:000049f0       _lock_file                 00000001800059f0 f   libucrt:_file.obj
 0001:000049fc       _unlock_file               00000001800059fc f   libucrt:_file.obj
 0001:00004a08       ??$?RV<lambda_aa279a7bcb127014629d5b1d62c7325d>@@AEAV<lambda_0a64b6a4deda75c01876f29c44fc5eb3>@@V<lambda_3323e69fbefe9d1a11713e670d47cdfa>@@@?$__crt_seh_guarded_call@H@@QEAAH$$QEAV<lambda_aa279a7bcb127014629d5b1d62c7325d>@@AEAV<lambda_0a64b6a4deda75c01876f29c44fc5eb3>@@$$QEAV<lambda_3323e69fbefe9d1a11713e670d47cdfa>@@@Z 0000000180005a08 f i libucrt:output.obj
 0001:00004a48       ??$ensure_buffer_is_big_enough@D@formatting_buffer@__crt_stdio_output@@QEAA_N_K@Z 0000000180005a48 f i libucrt:output.obj
 0001:00004af4       ??$is_wide_character_specifier@D@__crt_stdio_output@@YA_N_KDW4length_modifier@0@@Z 0000000180005af4 f i libucrt:output.obj
 0001:00004b24       ??$type_case_integer_parse_into_buffer@I@?$output_processor@DV?$stream_output_adapter@D@__crt_stdio_output@@V?$standard_base@DV?$stream_output_adapter@D@__crt_stdio_output@@@2@@__crt_stdio_output@@AEAAXII_N@Z 0000000180005b24 f i libucrt:output.obj
 0001:00004bc0       ??$type_case_integer_parse_into_buffer@_K@?$output_processor@DV?$stream_output_adapter@D@__crt_stdio_output@@V?$standard_base@DV?$stream_output_adapter@D@__crt_stdio_output@@@2@@__crt_stdio_output@@AEAAX_KI_N@Z 0000000180005bc0 f i libucrt:output.obj
 0001:00004c5c       ??$write_multiple_characters@V?$stream_output_adapter@D@__crt_stdio_output@@D@__crt_stdio_output@@YAXAEBV?$stream_output_adapter@D@0@DHQEAH@Z 0000000180005c5c f i libucrt:output.obj
 0001:00004ce0       ??0?$output_processor@DV?$stream_output_adapter@D@__crt_stdio_output@@V?$standard_base@DV?$stream_output_adapter@D@__crt_stdio_output@@@2@@__crt_stdio_output@@QEAA@AEBV?$stream_output_adapter@D@1@_KQEBDQEAU__crt_locale_pointers@@QEAD@Z 0000000180005ce0 f i libucrt:output.obj
 0001:00004d5c       ??0_LocaleUpdate@@QEAA@QEAU__crt_locale_pointers@@@Z 0000000180005d5c f i libucrt:output.obj
 0001:00004edc       ?force_decimal_point@__crt_stdio_output@@YAXPEADQEAU__crt_locale_pointers@@@Z 0000000180005edc f i libucrt:output.obj
 0001:00004f4c       ?parse_int_from_format_string@?$output_processor@DV?$stream_output_adapter@D@__crt_stdio_output@@V?$standard_base@DV?$stream_output_adapter@D@__crt_stdio_output@@@2@@__crt_stdio_output@@AEAA_NQEAH@Z 0000000180005f4c f i libucrt:output.obj
 0001:00004fd0       ?process@?$output_processor@DV?$stream_output_adapter@D@__crt_stdio_output@@V?$standard_base@DV?$stream_output_adapter@D@__crt_stdio_output@@@2@@__crt_stdio_output@@QEAAHXZ 0000000180005fd0 f i libucrt:output.obj
 0001:000051e0       ?state_case_normal@?$output_processor@DV?$stream_output_adapter@D@__crt_stdio_output@@V?$standard_base@DV?$stream_output_adapter@D@__crt_stdio_output@@@2@@__crt_stdio_output@@AEAA_NXZ 00000001800061e0 f i libucrt:output.obj
 0001:00005250       ?state_case_normal_tchar@?$output_processor@DV?$stream_output_adapter@D@__crt_stdio_output@@V?$standard_base@DV?$stream_output_adapter@D@__crt_stdio_output@@@2@@__crt_stdio_output@@AEAA_ND@Z 0000000180006250 f i libucrt:output.obj
 0001:000052e4       ?state_case_size@?$output_processor@DV?$stream_output_adapter@D@__crt_stdio_output@@V?$standard_base@DV?$stream_output_adapter@D@__crt_stdio_output@@@2@@__crt_stdio_output@@AEAA_NXZ 00000001800062e4 f i libucrt:output.obj
 0001:00005460       ?state_case_type@?$output_processor@DV?$stream_output_adapter@D@__crt_stdio_output@@V?$standard_base@DV?$stream_output_adapter@D@__crt_stdio_output@@@2@@__crt_stdio_output@@AEAA_NXZ 0000000180006460 f i libucrt:output.obj
 0001:000056dc       ?type_case_Z@?$output_processor@DV?$stream_output_adapter@D@__crt_stdio_output@@V?$standard_base@DV?$stream_output_adapter@D@__crt_stdio_output@@@2@@__crt_stdio_output@@AEAA_NXZ 00000001800066dc f i libucrt:output.obj
 0001:0000575c       ?type_case_a@?$output_processor@DV?$stream_output_adapter@D@__crt_stdio_output@@V?$standard_base@DV?$stream_output_adapter@D@__crt_stdio_output@@@2@@__crt_stdio_output@@AEAA_NXZ 000000018000675c f i libucrt:output.obj
 0001:00005978       ?type_case_c_tchar@?$output_processor@DV?$stream_output_adapter@D@__crt_stdio_output@@V?$standard_base@DV?$stream_output_adapter@D@__crt_stdio_output@@@2@@__crt_stdio_output@@AEAA_ND@Z 0000000180006978 f i libucrt:output.obj
 0001:00005a2c       ?type_case_integer@?$output_processor@DV?$stream_output_adapter@D@__crt_stdio_output@@V?$standard_base@DV?$stream_output_adapter@D@__crt_stdio_output@@@2@@__crt_stdio_output@@AEAA_NI_N@Z 0000000180006a2c f i libucrt:output.obj
 0001:00005bcc       ?type_case_n@?$output_processor@DV?$stream_output_adapter@D@__crt_stdio_output@@V?$standard_base@DV?$stream_output_adapter@D@__crt_stdio_output@@@2@@__crt_stdio_output@@AEAA_NXZ 0000000180006bcc f i libucrt:output.obj
 0001:00005ca8       ?type_case_s@?$output_processor@DV?$stream_output_adapter@D@__crt_stdio_output@@V?$standard_base@DV?$stream_output_adapter@D@__crt_stdio_output@@@2@@__crt_stdio_output@@AEAA_NXZ 0000000180006ca8 f i libucrt:output.obj
 0001:00005d38       ?validate_stream_is_ansi_if_required@?$__acrt_stdio_char_traits@D@@SA_NQEAU_iobuf@@@Z 0000000180006d38 f i libucrt:output.obj
 0001:00005dc4       ?write_stored_string_tchar@?$output_processor@DV?$stream_output_adapter@D@__crt_stdio_output@@V?$standard_base@DV?$stream_output_adapter@D@__crt_stdio_output@@@2@@__crt_stdio_output@@AEAA_ND@Z 0000000180006dc4 f i libucrt:output.obj
 0001:00005e9c       ?write_string@?$stream_output_adapter@D@__crt_stdio_output@@QEBAXQEBDHQEAH1@Z 0000000180006e9c f i libucrt:output.obj
 0001:00005f94       __stdio_common_vfprintf    0000000180006f94 f   libucrt:output.obj
 0001:00006020       __ascii_stricmp            0000000180007020 f   libucrt:stricmp.obj
 0001:0000605c       _stricmp                   000000018000705c f   libucrt:stricmp.obj
 0001:000060a4       _stricmp_l                 00000001800070a4 f   libucrt:stricmp.obj
 0001:00006158       __acrt_initialize_new_handler 0000000180007158 f   libucrt:new_handler.obj
 0001:00006160       _callnewh                  0000000180007160 f   libucrt:new_handler.obj
 0001:000061a0       _query_new_handler         00000001800071a0 f   libucrt:new_handler.obj
 0001:000061d4       malloc                     00000001800071d4 f   libucrt:malloc.obj
 0001:000061dc       _initterm                  00000001800071dc f   libucrt:initterm.obj
 0001:00006254       _initterm_e                0000000180007254 f   libucrt:initterm.obj
 0001:000062a0       free                       00000001800072a0 f   libucrt:free.obj
 0001:000062a8       _seh_filter_dll            00000001800072a8 f   libucrt:exception_filter.obj
 0001:000062bc       _seh_filter_exe            00000001800072bc f   libucrt:exception_filter.obj
 0001:0000667c       __acrt_initialize_thread_local_exit_callback 000000018000767c f   libucrt:exit.obj
 0001:00006684       _cexit                     0000000180007684 f   libucrt:exit.obj
 0001:00006694       _exit                      0000000180007694 f   libucrt:exit.obj
 0001:000066a0       _is_c_termination_complete 00000001800076a0 f   libucrt:exit.obj
 0001:00006864       __acrt_allocate_buffer_for_argv 0000000180007864 f   libucrt:argv_parsing.obj
 0001:000068c8       _configure_narrow_argv     00000001800078c8 f   libucrt:argv_parsing.obj
 0001:00006c24       __dcrt_uninitialize_environments_nolock 0000000180007c24 f   libucrt:environment_initialization.obj
 0001:00006c5c       _initialize_narrow_environment 0000000180007c5c f   libucrt:environment_initialization.obj
 0001:00006c64       ??$?RV<lambda_b8c45f8f788dd370798f47cfe8ac3a86>@@AEAV<lambda_4e60a939b0d047cfe11ddc22648dfba9>@@V<lambda_332c3edc96d0294ec56c57d38c1cdfd5>@@@?$__crt_seh_guarded_call@H@@QEAAH$$QEAV<lambda_b8c45f8f788dd370798f47cfe8ac3a86>@@AEAV<lambda_4e60a939b0d047cfe11ddc22648dfba9>@@$$QEAV<lambda_332c3edc96d0294ec56c57d38c1cdfd5>@@@Z 0000000180007c64 f i libucrt:onexit.obj
 0001:00006ca0       ??$?RV<lambda_e24bbb7b643b32fcea6fa61b31d4c984>@@AEAV<lambda_275893d493268fdec8709772e3fcec0e>@@V<lambda_9d71df4d7cf3f480f8d633942495c3b0>@@@?$__crt_seh_guarded_call@H@@QEAAH$$QEAV<lambda_e24bbb7b643b32fcea6fa61b31d4c984>@@AEAV<lambda_275893d493268fdec8709772e3fcec0e>@@$$QEAV<lambda_9d71df4d7cf3f480f8d633942495c3b0>@@@Z 0000000180007ca0 f i libucrt:onexit.obj
 0001:0000701c       _crt_atexit                000000018000801c f   libucrt:onexit.obj
 0001:0000702c       _execute_onexit_table      000000018000802c f   libucrt:onexit.obj
 0001:00007068       _initialize_onexit_table   0000000180008068 f   libucrt:onexit.obj
 0001:000070a8       _register_onexit_function  00000001800080a8 f   libucrt:onexit.obj
 0001:00007128       __acrt_uninitialize_command_line 0000000180008128 f   libucrt:argv_data.obj
 0001:00007228       __acrt_initialize          0000000180008228 f   libucrt:initialization.obj
 0001:0000723c       __acrt_thread_attach       000000018000823c f   libucrt:initialization.obj
 0001:00007250       __acrt_thread_detach       0000000180008250 f   libucrt:initialization.obj
 0001:00007260       __acrt_uninitialize        0000000180008260 f   libucrt:initialization.obj
 0001:00007274       __acrt_uninitialize_critical 0000000180008274 f   libucrt:initialization.obj
 0001:00007284       terminate                  0000000180008284 f   libucrt:terminate.obj
 0001:000072ac       abort                      00000001800082ac f   libucrt:abort.obj
 0001:00007304       strcpy_s                   0000000180008304 f   libucrt:strcpy_s.obj
 0001:00007364       _free_base                 0000000180008364 f   libucrt:free_base.obj
 0001:000073a4       _malloc_base               00000001800083a4 f   libucrt:malloc_base.obj
 0001:00007404       _calloc_base               0000000180008404 f   libucrt:calloc_base.obj
 0001:0000747c       ??$is_overflow_condition@K@__crt_strtox@@YA_NIK@Z 000000018000847c f i libucrt:atox.obj
 0001:000074a8       ??$parse_integer@KV?$c_string_character_source@D@__crt_strtox@@@__crt_strtox@@YAKQEAU__crt_locale_pointers@@V?$c_string_character_source@D@0@H_N@Z 00000001800084a8 f i libucrt:atox.obj
 0001:000077bc       __acrt_call_reportfault    00000001800087bc f   libucrt:invalid_parameter.obj
 0001:00007918       __acrt_initialize_invalid_parameter_handler 0000000180008918 f   libucrt:invalid_parameter.obj
 0001:00007920       _invalid_parameter         0000000180008920 f   libucrt:invalid_parameter.obj
 0001:000079c8       _invalid_parameter_noinfo  00000001800089c8 f   libucrt:invalid_parameter.obj
 0001:000079e8       _invoke_watson             00000001800089e8 f   libucrt:invalid_parameter.obj
 0001:00007a30       __acrt_errno_from_os_error 0000000180008a30 f   libucrt:errno.obj
 0001:00007a78       __acrt_errno_map_os_error  0000000180008a78 f   libucrt:errno.obj
 0001:00007ac8       __doserrno                 0000000180008ac8 f   libucrt:errno.obj
 0001:00007ae8       _errno                     0000000180008ae8 f   libucrt:errno.obj
 0001:00007ca8       __acrt_FlsAlloc            0000000180008ca8 f   libucrt:winapi_thunks.obj
 0001:00007d00       __acrt_FlsFree             0000000180008d00 f   libucrt:winapi_thunks.obj
 0001:00007d58       __acrt_FlsGetValue         0000000180008d58 f   libucrt:winapi_thunks.obj
 0001:00007db0       __acrt_FlsSetValue         0000000180008db0 f   libucrt:winapi_thunks.obj
 0001:00007e18       __acrt_InitializeCriticalSectionEx 0000000180008e18 f   libucrt:winapi_thunks.obj
 0001:00007e90       __acrt_LCMapStringEx       0000000180008e90 f   libucrt:winapi_thunks.obj
 0001:00007f80       __acrt_LocaleNameToLCID    0000000180008f80 f   libucrt:winapi_thunks.obj
 0001:00007fe8       __acrt_initialize_winapi_thunks 0000000180008fe8 f   libucrt:winapi_thunks.obj
 0001:00008020       __acrt_is_packaged_app     0000000180009020 f   libucrt:winapi_thunks.obj
 0001:000080a8       __acrt_uninitialize_winapi_thunks 00000001800090a8 f   libucrt:winapi_thunks.obj
 0001:000080ec       _fcloseall                 00000001800090ec f   libucrt:closeall.obj
 0001:000081a0       __acrt_stdio_flush_nolock  00000001800091a0 f   libucrt:fflush.obj
 0001:00008218       _fflush_nolock             0000000180009218 f   libucrt:fflush.obj
 0001:00008264       _flushall                  0000000180009264 f   libucrt:fflush.obj
 0001:00008354       __acrt_stdio_free_buffer_nolock 0000000180009354 f   libucrt:_freebuf.obj
 0001:0000857c       __acrt_initialize_lowio    000000018000957c f   libucrt:ioinit.obj
 0001:000085b8       __acrt_uninitialize_lowio  00000001800095b8 f   libucrt:ioinit.obj
 0001:000085f8       isdigit                    00000001800095f8 f i libucrt:_ctype.obj
 0001:000086bc       _tolower_l                 00000001800096bc f   libucrt:tolower_toupper.obj
 0001:000087fc       tolower                    00000001800097fc f   libucrt:tolower_toupper.obj
 0001:00008828       ??$make_c_string_character_source@DPEAPEAD@__crt_strtox@@YA?AV?$c_string_character_source@D@0@QEBDQEAPEAD@Z 0000000180009828 f i libucrt:strtox.obj
 0001:0000883c       strtol                     000000018000983c f   libucrt:strtox.obj
 0001:0000886c       _mbtowc_l                  000000018000986c f   libucrt:mbtowc.obj
 0001:000089b4       mbtowc                     00000001800099b4 f   libucrt:mbtowc.obj
 0001:000089bc       _wctomb_s_l                00000001800099bc f   libucrt:wctomb.obj
 0001:00008b40       wctomb_s                   0000000180009b40 f   libucrt:wctomb.obj
 0001:00008b54       strnlen                    0000000180009b54 f   libucrt:strnlen.obj
 0001:00008cb0       wcsnlen                    0000000180009cb0 f   libucrt:strnlen.obj
 0001:00008ea0       ??$?RV<lambda_46352004c1216016012b18bd6f87e700>@@AEAV<lambda_3bd07e1a1191394380780325891bf33f>@@V<lambda_334532d3f185bcaa59b5be82d7d22bff>@@@?$__crt_seh_guarded_call@X@@QEAAX$$QEAV<lambda_46352004c1216016012b18bd6f87e700>@@AEAV<lambda_3bd07e1a1191394380780325891bf33f>@@$$QEAV<lambda_334532d3f185bcaa59b5be82d7d22bff>@@@Z 0000000180009ea0 f i libucrt:per_thread_data.obj
 0001:00008f00       ??$?RV<lambda_5e887d1dcbef67a5eb4283622ba103bf>@@AEAV<lambda_4466841279450cc726390878d4a41900>@@V<lambda_341c25c0346d94847f1f3c463c57e077>@@@?$__crt_seh_guarded_call@X@@QEAAX$$QEAV<lambda_5e887d1dcbef67a5eb4283622ba103bf>@@AEAV<lambda_4466841279450cc726390878d4a41900>@@$$QEAV<lambda_341c25c0346d94847f1f3c463c57e077>@@@Z 0000000180009f00 f i libucrt:per_thread_data.obj
 0001:00008f48       ??$?RV<lambda_72d1df2b273a38828b1ce30cbf4cdab5>@@AEAV<lambda_876a65b173b8412d3a47c70a915b0cf4>@@V<lambda_41932305e351933ebe8f8be3ed8bb5dc>@@@?$__crt_seh_guarded_call@X@@QEAAX$$QEAV<lambda_72d1df2b273a38828b1ce30cbf4cdab5>@@AEAV<lambda_876a65b173b8412d3a47c70a915b0cf4>@@$$QEAV<lambda_41932305e351933ebe8f8be3ed8bb5dc>@@@Z 0000000180009f48 f i libucrt:per_thread_data.obj
 0001:00008f88       ??$?RV<lambda_fb3a7dec4e47f37f22dae91bb15c9095>@@AEAV<lambda_698284760c8add0bfb0756c19673e34b>@@V<lambda_dfb8eca1e75fef3034a8fb18dd509707>@@@?$__crt_seh_guarded_call@X@@QEAAX$$QEAV<lambda_fb3a7dec4e47f37f22dae91bb15c9095>@@AEAV<lambda_698284760c8add0bfb0756c19673e34b>@@$$QEAV<lambda_dfb8eca1e75fef3034a8fb18dd509707>@@@Z 0000000180009f88 f i libucrt:per_thread_data.obj
 0001:00009218       __acrt_freeptd             000000018000a218 f   libucrt:per_thread_data.obj
 0001:0000925c       __acrt_getptd              000000018000a25c f   libucrt:per_thread_data.obj
 0001:000092f0       __acrt_getptd_noexit       000000018000a2f0 f   libucrt:per_thread_data.obj
 0001:00009390       __acrt_initialize_ptd      000000018000a390 f   libucrt:per_thread_data.obj
 0001:000093cc       __acrt_uninitialize_ptd    000000018000a3cc f   libucrt:per_thread_data.obj
 0001:000093f0       __acrt_update_locale_info  000000018000a3f0 f   libucrt:locale_update.obj
 0001:00009424       __acrt_update_multibyte_info 000000018000a424 f   libucrt:locale_update.obj
 0001:00009458       ?__acrt_fp_classify@@YA?AW4__acrt_fp_class@@AEBN@Z 000000018000a458 f i libucrt:cvt.obj
 0001:00009e90       __acrt_fp_format           000000018000ae90 f   libucrt:cvt.obj
 0001:0000a0d4       _fileno                    000000018000b0d4 f   libucrt:fileno.obj
 0001:0000a0fc       _fputc_nolock              000000018000b0fc f   libucrt:fputc.obj
 0001:0000a114       _get_printf_count_output   000000018000b114 f   libucrt:printf_count_output.obj
 0001:0000a12c       __acrt_stdio_begin_temporary_buffering_nolock 000000018000b12c f   libucrt:_sftbuf.obj
 0001:0000a1fc       __acrt_stdio_end_temporary_buffering_nolock 000000018000b1fc f   libucrt:_sftbuf.obj
 0001:0000a238       __acrt_set_locale_changed  000000018000b238 f   libucrt:wsetlocale.obj
 0001:0000a244       __acrt_uninitialize_locale 000000018000b244 f   libucrt:wsetlocale.obj
 0001:0000a28c       __acrt_initialize_locks    000000018000b28c f   libucrt:locks.obj
 0001:0000a2d4       __acrt_lock                000000018000b2d4 f   libucrt:locks.obj
 0001:0000a2f0       __acrt_uninitialize_locks  000000018000b2f0 f   libucrt:locks.obj
 0001:0000a328       __acrt_unlock              000000018000b328 f   libucrt:locks.obj
 0001:0000a820       ?expand_if_necessary@?$argument_list@D@?A0xca0879c4@@AEAAHXZ 000000018000b820 f i libucrt:argv_wildcards.obj
 0001:0000a8e8       __acrt_expand_narrow_argv_wildcards 000000018000b8e8 f   libucrt:argv_wildcards.obj
 0001:0000a8f0       ??$?RV<lambda_99476a1ad63dd22509b5d3e65b0ffc95>@@AEAV<lambda_ad1ced32f4ac17aa236e5ef05d6b3b7c>@@V<lambda_f7424dd8d45958661754dc4f2697e9c3>@@@?$__crt_seh_guarded_call@X@@QEAAX$$QEAV<lambda_99476a1ad63dd22509b5d3e65b0ffc95>@@AEAV<lambda_ad1ced32f4ac17aa236e5ef05d6b3b7c>@@$$QEAV<lambda_f7424dd8d45958661754dc4f2697e9c3>@@@Z 000000018000b8f0 f i libucrt:mbctype.obj
 0001:0000afec       __acrt_initialize_multibyte 000000018000bfec f   libucrt:mbctype.obj
 0001:0000b014       __acrt_update_thread_multibyte_data 000000018000c014 f   libucrt:mbctype.obj
 0001:0000b0d4       _setmbcp_nolock            000000018000c0d4 f   libucrt:mbctype.obj
 0001:0000b3f4       _ismbblead                 000000018000c3f4 f   libucrt:ismbbyte.obj
 0001:0000b408       __acrt_initialize_command_line 000000018000c408 f   libucrt:argv_data.obj
 0001:0000b430       __dcrt_get_narrow_environment_from_os 000000018000c430 f   libucrt:get_environment_from_os.obj
 0001:0000b534       _recalloc                  000000018000c534 f   libucrt:recalloc.obj
 0001:0000b53c       _recalloc_base             000000018000c53c f   libucrt:recalloc.obj
 0001:0000b5d4       __acrt_initialize_heap     000000018000c5d4 f   libucrt:heap_handle.obj
 0001:0000b5f0       __acrt_uninitialize_heap   000000018000c5f0 f   libucrt:heap_handle.obj
 0001:0000b5fc       __acrt_execute_initializers 000000018000c5fc f   libucrt:shared_initialization.obj
 0001:0000b690       __acrt_execute_uninitializers 000000018000c690 f   libucrt:shared_initialization.obj
 0001:0000b6e0       ??$?RV<lambda_c36588078e9f5dfd39652860aa6b3aaf>@@AEAV<lambda_ec61778202f4f5fc7e7711acc23c3bca>@@V<lambda_dc9d2797ccde5d239b4a0efae8ebd7db>@@@?$__crt_seh_guarded_call@P6AXH@Z@@QEAAP6AXH@Z$$QEAV<lambda_c36588078e9f5dfd39652860aa6b3aaf>@@AEAV<lambda_ec61778202f4f5fc7e7711acc23c3bca>@@$$QEAV<lambda_dc9d2797ccde5d239b4a0efae8ebd7db>@@@Z 000000018000c6e0 f i libucrt:signal.obj
 0001:0000b728       __acrt_get_sigabrt_handler 000000018000c728 f   libucrt:signal.obj
 0001:0000b758       __acrt_initialize_signal_handlers 000000018000c758 f   libucrt:signal.obj
 0001:0000b778       raise                      000000018000c778 f   libucrt:signal.obj
 0001:0000ba14       __acrt_has_user_matherr    000000018000ca14 f   libucrt:matherr.obj
 0001:0000ba34       __acrt_initialize_user_matherr 000000018000ca34 f   libucrt:matherr.obj
 0001:0000ba3c       __acrt_invoke_user_matherr 000000018000ca3c f   libucrt:matherr.obj
 0001:0000ba84       _query_new_mode            000000018000ca84 f   libucrt:new_mode.obj
 0001:0000ba8c       __pctype_func              000000018000ca8c f   libucrt:ctype.obj
 0001:0000babc       _isctype_l                 000000018000cabc f   libucrt:isctype.obj
 0001:0000bc94       __acrt_DownlevelLocaleNameToLCID 000000018000cc94 f   libucrt:lcidtoname_downlevel.obj
 0001:0000bcc8       _fclose_nolock             000000018000ccc8 f   libucrt:fclose.obj
 0001:0000bd4c       fclose                     000000018000cd4c f   libucrt:fclose.obj
 0001:0000bdb8       ??$?RV<lambda_b521505b218e5242e90febf6bfebc422>@@AEAV<lambda_6978c1fb23f02e42e1d9e99668cc68aa>@@V<lambda_314360699dd331753a4119843814e9a7>@@@?$__crt_seh_guarded_call@H@@QEAAH$$QEAV<lambda_b521505b218e5242e90febf6bfebc422>@@AEAV<lambda_6978c1fb23f02e42e1d9e99668cc68aa>@@$$QEAV<lambda_314360699dd331753a4119843814e9a7>@@@Z 000000018000cdb8 f i libucrt:commit.obj
 0001:0000be44       _commit                    000000018000ce44 f   libucrt:commit.obj
 0001:0000c478       _write                     000000018000d478 f   libucrt:write.obj
 0001:0000c564       _write_nolock              000000018000d564 f   libucrt:write.obj
 0001:0000c848       __acrt_lowio_create_handle_array 000000018000d848 f   libucrt:osfinfo.obj
 0001:0000c8e0       __acrt_lowio_destroy_handle_array 000000018000d8e0 f   libucrt:osfinfo.obj
 0001:0000c930       __acrt_lowio_ensure_fh_exists 000000018000d930 f   libucrt:osfinfo.obj
 0001:0000c9e8       __acrt_lowio_lock_fh       000000018000d9e8 f   libucrt:osfinfo.obj
 0001:0000ca0c       __acrt_lowio_unlock_fh     000000018000da0c f   libucrt:osfinfo.obj
 0001:0000ca30       _free_osfhnd               000000018000da30 f   libucrt:osfinfo.obj
 0001:0000caec       _get_osfhandle             000000018000daec f   libucrt:osfinfo.obj
 0001:0000cb64       _isleadbyte_l              000000018000db64 f i libucrt:_wctype.obj
 0001:0000cf00       __acrt_LCMapStringA        000000018000df00 f   libucrt:lcmapstringa.obj
 0001:0000cf98       __acrt_add_locale_ref      000000018000df98 f   libucrt:locale_refcounting.obj
 0001:0000d024       __acrt_free_locale         000000018000e024 f   libucrt:locale_refcounting.obj
 0001:0000d19c       __acrt_locale_add_lc_time_reference 000000018000e19c f   libucrt:locale_refcounting.obj
 0001:0000d1c4       __acrt_locale_free_lc_time_if_unreferenced 000000018000e1c4 f   libucrt:locale_refcounting.obj
 0001:0000d1fc       __acrt_locale_release_lc_time_reference 000000018000e1fc f   libucrt:locale_refcounting.obj
 0001:0000d224       __acrt_release_locale_ref  000000018000e224 f   libucrt:locale_refcounting.obj
 0001:0000d2cc       __acrt_update_thread_locale_data 000000018000e2cc f   libucrt:locale_refcounting.obj
 0001:0000d33c       _updatetlocinfoEx_nolock   000000018000e33c f   libucrt:locale_refcounting.obj
 0001:0000d3a4       __acrt_fp_strflt_to_string 000000018000e3a4 f   libucrt:_fptostr.obj
 0001:0000d470       ?divide@__crt_strtox@@YA_KAEAUbig_integer@1@AEBU21@@Z 000000018000e470 f i libucrt:cfout.obj
 0001:0000d940       __acrt_fltout              000000018000e940 f   libucrt:cfout.obj
 0001:0000ee38       __acrt_stdio_flush_and_write_narrow_nolock 000000018000fe38 f   libucrt:_flsbuf.obj
 0001:0000ef20       _isatty                    000000018000ff20 f   libucrt:isatty.obj
 0001:0000ef80       __acrt_locale_free_monetary 000000018000ff80 f   libucrt:initmon.obj
 0001:0000f08c       __acrt_locale_free_numeric 000000018001008c f   libucrt:initnum.obj
 0001:0000f150       __acrt_locale_free_time    0000000180010150 f   libucrt:inittime.obj
 0001:0000f258       __acrt_GetStringTypeA      0000000180010258 f   libucrt:getstringtypea.obj
 0001:0000f4e0       qsort                      00000001800104e0 f   libucrt:qsort.obj
 0001:0000f814       strncpy_s                  0000000180010814 f   libucrt:strncpy_s.obj
 0001:0000f8e8       strpbrk                    00000001800108e8 f   libucrt:strpbrk.obj
 0001:0000f988       _mbsdec                    0000000180010988 f   libucrt:mbsdec.obj
 0001:0000f990       _mbsdec_l                  0000000180010990 f   libucrt:mbsdec.obj
 0001:0000fa40       _msize                     0000000180010a40 f   libucrt:msize.obj
 0001:0000fa7c       _realloc_base              0000000180010a7c f   libucrt:realloc_base.obj
 0001:0000fb00       ??$?RV<lambda_bfedae4ebbf01fab1bb6dcc6a9e276e0>@@AEAV<lambda_2fe9b910cf3cbf4a0ab98a02ba45b3ec>@@V<lambda_237c231691f317818eb88cc1d5d642d6>@@@?$__crt_seh_guarded_call@H@@QEAAH$$QEAV<lambda_bfedae4ebbf01fab1bb6dcc6a9e276e0>@@AEAV<lambda_2fe9b910cf3cbf4a0ab98a02ba45b3ec>@@$$QEAV<lambda_237c231691f317818eb88cc1d5d642d6>@@@Z 0000000180010b00 f i libucrt:close.obj
 0001:0000fb74       _close                     0000000180010b74 f   libucrt:close.obj
 0001:0000fc18       _close_nolock              0000000180010c18 f   libucrt:close.obj
 0001:0000fcd4       ?__acrt_stdio_free_stream@@YAXV__crt_stdio_stream@@@Z 0000000180010cd4 f   libucrt:stream.obj
 0001:0000fea4       _lseeki64                  0000000180010ea4 f   libucrt:lseek.obj
 0001:0000feac       _lseeki64_nolock           0000000180010eac f   libucrt:lseek.obj
 0001:0000feb4       _putwch_nolock             0000000180010eb4 f   libucrt:putwch.obj
 0001:0000ff10       _query_app_type            0000000180010f10 f   libucrt:report_runtime_error.obj
 0001:0000ff18       __strncnt                  0000000180010f18 f   libucrt:strncnt.obj
 0001:0000ff30       fegetenv                   0000000180010f30 f   libucrt:fegetenv.obj
 0001:0000ff50       fesetenv                   0000000180010f50 f   libucrt:fesetenv.obj
 0001:0000ff9c       feholdexcept               0000000180010f9c f   libucrt:feholdexcept.obj
 0001:0000ffec       ceil                       0000000180010fec f   libucrt:ceil.obj
 0001:000100b0       log10                      00000001800110b0 f   libucrt:log10.obj
 0001:0001065c       __acrt_stdio_allocate_buffer_nolock 000000018001165c f   libucrt:_getbuf.obj
 0001:000106c0       __dcrt_lowio_initialize_console_output 00000001800116c0 f   libucrt:initcon.obj
 0001:000106fc       __dcrt_terminate_console_output 00000001800116fc f   libucrt:initcon.obj
 0001:0001071c       _getfpcontrolword          000000018001171c f   libucrt:_fenvutils.obj
 0001:00010734       _getfpstatusword           0000000180011734 f   libucrt:_fenvutils.obj
 0001:00010748       _setfpcontrolword          0000000180011748 f   libucrt:_fenvutils.obj
 0001:00010754       _setfpstatusword           0000000180011754 f   libucrt:_fenvutils.obj
 0001:000107a4       _clearfp                   00000001800117a4 f   libucrt:ieee.obj
 0001:000107f8       _controlfp                 00000001800117f8 f   libucrt:ieee.obj
 0001:00010804       _statusfp                  0000000180011804 f   libucrt:ieee.obj
 0001:00010c08       _handle_error              0000000180011c08 f   libucrt:libm_error.obj
 0001:00010d30       _handle_nan                0000000180011d30 f   libucrt:libm_error.obj
 0001:00010d50       __acrt_initialize_fma3     0000000180011d50 f   libucrt:fma3_available.obj
 0001:00010dc0       _log10_special             0000000180011dc0 f   libucrt:log_special.obj
 0001:00010e90       _get_fpsr                  0000000180011e90 f   libucrt:fpsr.obj
 0001:00010ea0       _set_fpsr                  0000000180011ea0 f   libucrt:fpsr.obj
 0001:00010eaa       _fclrf                     0000000180011eaa f   libucrt:fpsr.obj
 0001:00010ebe       _frnd                      0000000180011ebe f   libucrt:fpsr.obj
 0001:00010ee0       _raise_exc                 0000000180011ee0 f   libucrt:fpexcept.obj
 0001:00010f08       _raise_exc_ex              0000000180011f08 f   libucrt:fpexcept.obj
 0001:00011210       _set_errno_from_matherr    0000000180012210 f   libucrt:fpexcept.obj
 0001:00011240       _clrfp                     0000000180012240 f   libucrt:fpctrl.obj
 0001:00011260       _ctrlfp                    0000000180012260 f   libucrt:fpctrl.obj
 0001:000112dc       _set_statfp                00000001800122dc f   libucrt:fpctrl.obj
 0001:000112fc       _statfp                    00000001800122fc f   libucrt:fpctrl.obj
 0001:0001130e       IsProcessorFeaturePresent  000000018001230e f   kernel32:KERNEL32.dll
 0001:00011314       RtlUnwindEx                0000000180012314 f   kernel32:KERNEL32.dll
 0001:0001131a       SystemFunction036          000000018001231a f   advapi32:ADVAPI32.dll
 0001:00011320       ?DloadAcquireSectionWriteAccess@@YAXXZ 0000000180012320 f i DelayImp:delayhlp.obj
 0001:000113dc       ?DloadGetSRWLockFunctionPointers@@YAEXZ 00000001800123dc f i DelayImp:delayhlp.obj
 0001:00011478       ?DloadMakePermanentImageCommit@@YAXPEAX_K@Z 0000000180012478 f i DelayImp:delayhlp.obj
 0001:00011510       ?DloadObtainSection@@YAPEAXPEAK0@Z 0000000180012510 f i DelayImp:delayhlp.obj
 0001:000115a8       ?DloadProtectSection@@YAXKPEAK@Z 00000001800125a8 f i DelayImp:delayhlp.obj
 0001:00011638       ?DloadReleaseSectionWriteAccess@@YAXXZ 0000000180012638 f i DelayImp:delayhlp.obj
 0001:000116dc       __delayLoadHelper2         00000001800126dc f   DelayImp:delayhlp.obj
 0001:000119e4       __GSHandlerCheck           00000001800129e4 f   LIBCMT:_gshandler_.obj
 0001:00011a04       __GSHandlerCheckCommon     0000000180012a04 f   LIBCMT:_gshandler_.obj
 0001:00011a60       _FindPESection             0000000180012a60 f   LIBCMT:pesect.obj
 0001:00011ab0       _IsNonwritableInCurrentImage 0000000180012ab0 f   LIBCMT:pesect.obj
 0001:00011b00       _ValidateImageBase         0000000180012b00 f   LIBCMT:pesect.obj
 0001:00011b40       _alloca_probe              0000000180012b40 f   LIBCMT:_chkstk_.obj
 0001:00011b40       __chkstk                   0000000180012b40 f   LIBCMT:_chkstk_.obj
 0001:00011b94       strrchr                    0000000180012b94 f   libvcruntime:strrchr.obj
 0001:00011cf0       memcmp                     0000000180012cf0 f   libvcruntime:memcmp.obj
 0001:00011dd0       _guard_dispatch_icall_nop  0000000180012dd0 f   LIBCMT:_guard_dispatch_.obj
 0002:00000000       __imp_SystemFunction036    0000000180014000     advapi32:ADVAPI32.dll
 0002:00000008       \177ADVAPI32_NULL_THUNK_DATA 0000000180014008     advapi32:ADVAPI32.dll
 0002:00000010       __imp_VirtualProtect       0000000180014010     kernel32:KERNEL32.dll
 0002:00000018       __imp_GetSystemInfo        0000000180014018     kernel32:KERNEL32.dll
 0002:00000020       __imp_VirtualQuery         0000000180014020     kernel32:KERNEL32.dll
 0002:00000028       __imp_GetModuleHandleA     0000000180014028     kernel32:KERNEL32.dll
 0002:00000030       __imp_RtlCaptureContext    0000000180014030     kernel32:KERNEL32.dll
 0002:00000038       __imp_RtlLookupFunctionEntry 0000000180014038     kernel32:KERNEL32.dll
 0002:00000040       __imp_RtlVirtualUnwind     0000000180014040     kernel32:KERNEL32.dll
 0002:00000048       __imp_UnhandledExceptionFilter 0000000180014048     kernel32:KERNEL32.dll
 0002:00000050       __imp_SetUnhandledExceptionFilter 0000000180014050     kernel32:KERNEL32.dll
 0002:00000058       __imp_GetCurrentProcess    0000000180014058     kernel32:KERNEL32.dll
 0002:00000060       __imp_TerminateProcess     0000000180014060     kernel32:KERNEL32.dll
 0002:00000068       __imp_IsProcessorFeaturePresent 0000000180014068     kernel32:KERNEL32.dll
 0002:00000070       __imp_QueryPerformanceCounter 0000000180014070     kernel32:KERNEL32.dll
 0002:00000078       __imp_GetCurrentProcessId  0000000180014078     kernel32:KERNEL32.dll
 0002:00000080       __imp_GetCurrentThreadId   0000000180014080     kernel32:KERNEL32.dll
 0002:00000088       __imp_GetSystemTimeAsFileTime 0000000180014088     kernel32:KERNEL32.dll
 0002:00000090       __imp_InitializeSListHead  0000000180014090     kernel32:KERNEL32.dll
 0002:00000098       __imp_IsDebuggerPresent    0000000180014098     kernel32:KERNEL32.dll
 0002:000000a0       __imp_GetStartupInfoW      00000001800140a0     kernel32:KERNEL32.dll
 0002:000000a8       __imp_GetModuleHandleW     00000001800140a8     kernel32:KERNEL32.dll
 0002:000000b0       __imp_GetLastError         00000001800140b0     kernel32:KERNEL32.dll
 0002:000000b8       __imp_GetModuleFileNameW   00000001800140b8     kernel32:KERNEL32.dll
 0002:000000c0       __imp_RtlUnwindEx          00000001800140c0     kernel32:KERNEL32.dll
 0002:000000c8       __imp_RtlPcToFileHeader    00000001800140c8     kernel32:KERNEL32.dll
 0002:000000d0       __imp_RaiseException       00000001800140d0     kernel32:KERNEL32.dll
 0002:000000d8       __imp_InterlockedFlushSList 00000001800140d8     kernel32:KERNEL32.dll
 0002:000000e0       __imp_InitializeCriticalSectionAndSpinCount 00000001800140e0     kernel32:KERNEL32.dll
 0002:000000e8       __imp_TlsAlloc             00000001800140e8     kernel32:KERNEL32.dll
 0002:000000f0       __imp_TlsGetValue          00000001800140f0     kernel32:KERNEL32.dll
 0002:000000f8       __imp_TlsSetValue          00000001800140f8     kernel32:KERNEL32.dll
 0002:00000100       __imp_TlsFree              0000000180014100     kernel32:KERNEL32.dll
 0002:00000108       __imp_FreeLibrary          0000000180014108     kernel32:KERNEL32.dll
 0002:00000110       __imp_GetProcAddress       0000000180014110     kernel32:KERNEL32.dll
 0002:00000118       __imp_LoadLibraryExW       0000000180014118     kernel32:KERNEL32.dll
 0002:00000120       __imp_SetLastError         0000000180014120     kernel32:KERNEL32.dll
 0002:00000128       __imp_EnterCriticalSection 0000000180014128     kernel32:KERNEL32.dll
 0002:00000130       __imp_LeaveCriticalSection 0000000180014130     kernel32:KERNEL32.dll
 0002:00000138       __imp_DeleteCriticalSection 0000000180014138     kernel32:KERNEL32.dll
 0002:00000140       __imp_ExitProcess          0000000180014140     kernel32:KERNEL32.dll
 0002:00000148       __imp_GetModuleHandleExW   0000000180014148     kernel32:KERNEL32.dll
 0002:00000150       __imp_GetModuleFileNameA   0000000180014150     kernel32:KERNEL32.dll
 0002:00000158       __imp_MultiByteToWideChar  0000000180014158     kernel32:KERNEL32.dll
 0002:00000160       __imp_WideCharToMultiByte  0000000180014160     kernel32:KERNEL32.dll
 0002:00000168       __imp_HeapFree             0000000180014168     kernel32:KERNEL32.dll
 0002:00000170       __imp_HeapAlloc            0000000180014170     kernel32:KERNEL32.dll
 0002:00000178       __imp_LCMapStringW         0000000180014178     kernel32:KERNEL32.dll
 0002:00000180       __imp_GetStdHandle         0000000180014180     kernel32:KERNEL32.dll
 0002:00000188       __imp_GetFileType          0000000180014188     kernel32:KERNEL32.dll
 0002:00000190       __imp_GetACP               0000000180014190     kernel32:KERNEL32.dll
 0002:00000198       __imp_FindClose            0000000180014198     kernel32:KERNEL32.dll
 0002:000001a0       __imp_FindFirstFileExA     00000001800141a0     kernel32:KERNEL32.dll
 0002:000001a8       __imp_FindNextFileA        00000001800141a8     kernel32:KERNEL32.dll
 0002:000001b0       __imp_IsValidCodePage      00000001800141b0     kernel32:KERNEL32.dll
 0002:000001b8       __imp_GetOEMCP             00000001800141b8     kernel32:KERNEL32.dll
 0002:000001c0       __imp_GetCPInfo            00000001800141c0     kernel32:KERNEL32.dll
 0002:000001c8       __imp_GetCommandLineA      00000001800141c8     kernel32:KERNEL32.dll
 0002:000001d0       __imp_GetCommandLineW      00000001800141d0     kernel32:KERNEL32.dll
 0002:000001d8       __imp_GetEnvironmentStringsW 00000001800141d8     kernel32:KERNEL32.dll
 0002:000001e0       __imp_FreeEnvironmentStringsW 00000001800141e0     kernel32:KERNEL32.dll
 0002:000001e8       __imp_GetProcessHeap       00000001800141e8     kernel32:KERNEL32.dll
 0002:000001f0       __imp_GetStringTypeW       00000001800141f0     kernel32:KERNEL32.dll
 0002:000001f8       __imp_FlushFileBuffers     00000001800141f8     kernel32:KERNEL32.dll
 0002:00000200       __imp_WriteFile            0000000180014200     kernel32:KERNEL32.dll
 0002:00000208       __imp_GetConsoleCP         0000000180014208     kernel32:KERNEL32.dll
 0002:00000210       __imp_GetConsoleMode       0000000180014210     kernel32:KERNEL32.dll
 0002:00000218       __imp_SetStdHandle         0000000180014218     kernel32:KERNEL32.dll
 0002:00000220       __imp_HeapSize             0000000180014220     kernel32:KERNEL32.dll
 0002:00000228       __imp_HeapReAlloc          0000000180014228     kernel32:KERNEL32.dll
 0002:00000230       __imp_CloseHandle          0000000180014230     kernel32:KERNEL32.dll
 0002:00000238       __imp_SetFilePointerEx     0000000180014238     kernel32:KERNEL32.dll
 0002:00000240       __imp_WriteConsoleW        0000000180014240     kernel32:KERNEL32.dll
 0002:00000248       __imp_CreateFileW          0000000180014248     kernel32:KERNEL32.dll
 0002:00000250       __imp_LoadLibraryExA       0000000180014250     kernel32:KERNEL32.dll
 0002:00000258       \177KERNEL32_NULL_THUNK_DATA 0000000180014258     kernel32:KERNEL32.dll
 0002:00000260       __imp_DispatchMessageA     0000000180014260     user32:USER32.dll
 0002:00000268       __imp_CallNextHookEx       0000000180014268     user32:USER32.dll
 0002:00000270       __imp_SetWindowsHookExA    0000000180014270     user32:USER32.dll
 0002:00000278       __imp_UnhookWindowsHookEx  0000000180014278     user32:USER32.dll
 0002:00000280       __imp_TranslateMessage     0000000180014280     user32:USER32.dll
 0002:00000288       __imp_GetMessageA          0000000180014288     user32:USER32.dll
 0002:00000290       \177USER32_NULL_THUNK_DATA 0000000180014290     user32:USER32.dll
 0002:00000298       __guard_check_icall_fptr   0000000180014298     LIBCMT:guard_support.obj
 0002:000002a0       __guard_dispatch_icall_fptr 00000001800142a0     LIBCMT:guard_support.obj
 0002:000002a8       __xc_a                     00000001800142a8     LIBCMT:initializers.obj
 0002:000002b0       _register_screen_          00000001800142b0     screen.obj
 0002:000002b8       __xc_z                     00000001800142b8     LIBCMT:initializers.obj
 0002:000002c0       __xi_a                     00000001800142c0     LIBCMT:initializers.obj
 0002:000002c8       __acrt_stdio_initializer   00000001800142c8     libucrt:stdio_initializer.obj
 0002:000002d0       __acrt_multibyte_initializer 00000001800142d0     libucrt:multibyte_initializer.obj
 0002:000002d8       __acrt_tran_fma3_initializer 00000001800142d8     libucrt:fma3_initializer.obj
 0002:000002e0       __xi_z                     00000001800142e0     LIBCMT:initializers.obj
 0002:000002e8       __xp_a                     00000001800142e8     LIBCMT:initializers.obj
 0002:000002f0       __acrt_locale_terminator   00000001800142f0     libucrt:locale_initializer.obj
 0002:000002f8       __dcrt_console_output_terminator 00000001800142f8     libucrt:console_output_initializer.obj
 0002:00000300       __acrt_stdio_terminator    0000000180014300     libucrt:stdio_initializer.obj
 0002:00000308       __xp_z                     0000000180014308     LIBCMT:initializers.obj
 0002:00000310       __xt_a                     0000000180014310     LIBCMT:initializers.obj
 0002:00000318       __xt_z                     0000000180014318     LIBCMT:initializers.obj
 0002:00000320       __sz_node_exe              0000000180014320     node:node.exe
 0002:00000330       _pDefaultRawDllMain        0000000180014330     LIBCMT:dll_dllmain.obj
 0002:00000330       _pRawDllMain               0000000180014330     LIBCMT:dll_dllmain.obj
 0002:00000350       ??_7exception@std@@6B@     0000000180014350     LIBCMT:throw_bad_alloc.obj
 0002:00000360       ??_C@_0BC@EOODALEL@Unknown?5exception?$AA@ 0000000180014360     LIBCMT:throw_bad_alloc.obj
 0002:00000380       ??_7bad_alloc@std@@6B@     0000000180014380     LIBCMT:throw_bad_alloc.obj
 0002:00000390       ??_C@_0P@GHFPNOJB@bad?5allocation?$AA@ 0000000180014390     LIBCMT:throw_bad_alloc.obj
 0002:000003a8       ??_7bad_array_new_length@std@@6B@ 00000001800143a8     LIBCMT:throw_bad_alloc.obj
 0002:000003b8       ??_C@_0BF@KINCDENJ@bad?5array?5new?5length?$AA@ 00000001800143b8     LIBCMT:throw_bad_alloc.obj
 0002:000003d8       ??_7type_info@@6B@         00000001800143d8     LIBCMT:std_type_info_static.obj
 0002:000003e0       _Microsoft_CRTProvider     00000001800143e0     libvcruntime:telemetry.obj
 0002:000003e8       ??_C@_00CNPNBAHC@?$AA@     00000001800143e8     libvcruntime:telemetry.obj
 0002:000003ec       ??_C@_11LOCGONAA@?$AA?$AA@ 00000001800143ec     libvcruntime:telemetry.obj
 0002:000003f0       ??_C@_0O@JEOPJOMI@Main?5Invoked?4?$AA@ 00000001800143f0     libvcruntime:telemetry.obj
 0002:00000400       ??_C@_0P@NEAEIBDO@Main?5Returned?4?$AA@ 0000000180014400     libvcruntime:telemetry.obj
 0002:00000470       ??_C@_1BC@DNHGCMLG@?$AAa?$AAd?$AAv?$AAa?$AAp?$AAi?$AA3?$AA2?$AA?$AA@ 0000000180014470     libvcruntime:winapi_downlevel.obj
 0002:00000488       ??_C@_1DM@KHCHBNEB@?$AAa?$AAp?$AAi?$AA?9?$AAm?$AAs?$AA?9?$AAw?$AAi?$AAn?$AA?9?$AAc?$AAo?$AAr?$AAe?$AA?9?$AAf?$AAi?$AAb?$AAe?$AAr?$AAs?$AA?9?$AAl?$AA1?$AA?9?$AA1?$AA?9?$AA1?$AA?$AA@ 0000000180014488     libvcruntime:winapi_downlevel.obj
 0002:000004c8       ??_C@_1DK@LPPGFMPP@?$AAa?$AAp?$AAi?$AA?9?$AAm?$AAs?$AA?9?$AAw?$AAi?$AAn?$AA?9?$AAc?$AAo?$AAr?$AAe?$AA?9?$AAs?$AAy?$AAn?$AAc?$AAh?$AA?9?$AAl?$AA1?$AA?9?$AA2?$AA?9?$AA0?$AA?$AA@ 00000001800144c8     libvcruntime:winapi_downlevel.obj
 0002:00000508       ??_C@_1BC@GDMECMAK@?$AAk?$AAe?$AAr?$AAn?$AAe?$AAl?$AA3?$AA2?$AA?$AA@ 0000000180014508     libvcruntime:winapi_downlevel.obj
 0002:00000520       ??_C@_0O@BAMBGLIE@EventRegister?$AA@ 0000000180014520     libvcruntime:winapi_downlevel.obj
 0002:00000538       ??_C@_0BE@BJEEGHGK@EventSetInformation?$AA@ 0000000180014538     libvcruntime:winapi_downlevel.obj
 0002:00000550       ??_C@_0BA@FAKLIPIC@EventUnregister?$AA@ 0000000180014550     libvcruntime:winapi_downlevel.obj
 0002:00000568       ??_C@_0BD@PKLHJPHD@EventWriteTransfer?$AA@ 0000000180014568     libvcruntime:winapi_downlevel.obj
 0002:00000588       ??_C@_08KNHFBNJ@FlsAlloc?$AA@ 0000000180014588     libvcruntime:winapi_downlevel.obj
 0002:000005a0       ??_C@_07PEJMOBNF@FlsFree?$AA@ 00000001800145a0     libvcruntime:winapi_downlevel.obj
 0002:000005b0       ??_C@_0M@GDNOONDI@FlsGetValue?$AA@ 00000001800145b0     libvcruntime:winapi_downlevel.obj
 0002:000005c8       ??_C@_0M@JCPCPOEF@FlsSetValue?$AA@ 00000001800145c8     libvcruntime:winapi_downlevel.obj
 0002:000005e0       ??_C@_0BM@HCFOFFN@InitializeCriticalSectionEx?$AA@ 00000001800145e0     libvcruntime:winapi_downlevel.obj
 0002:00000920       ??_C@_08EHJDFFNH@__based?$CI?$AA@ 0000000180014920     libvcruntime:undname.obj
 0002:00000930       ??_C@_07KOLFKCDI@__cdecl?$AA@ 0000000180014930     libvcruntime:undname.obj
 0002:00000938       ??_C@_08GHMPAG@__pascal?$AA@ 0000000180014938     libvcruntime:undname.obj
 0002:00000948       ??_C@_09IFJBGAPI@__stdcall?$AA@ 0000000180014948     libvcruntime:undname.obj
 0002:00000958       ??_C@_0L@NPHFGOKO@__thiscall?$AA@ 0000000180014958     libvcruntime:undname.obj
 0002:00000968       ??_C@_0L@JMKHOMEK@__fastcall?$AA@ 0000000180014968     libvcruntime:undname.obj
 0002:00000978       ??_C@_0N@BCKKPABJ@__vectorcall?$AA@ 0000000180014978     libvcruntime:undname.obj
 0002:00000988       ??_C@_09HIJEGCPM@__clrcall?$AA@ 0000000180014988     libvcruntime:undname.obj
 0002:00000994       ??_C@_06GHPCKEAG@__eabi?$AA@ 0000000180014994     libvcruntime:undname.obj
 0002:000009a0       ??_C@_07JOMMBBKO@__ptr64?$AA@ 00000001800149a0     libvcruntime:undname.obj
 0002:000009a8       ??_C@_0L@PILCLIHE@__restrict?$AA@ 00000001800149a8     libvcruntime:undname.obj
 0002:000009b8       ??_C@_0M@GFIIJFMG@__unaligned?$AA@ 00000001800149b8     libvcruntime:undname.obj
 0002:000009c8       ??_C@_09DHDLOLLB@restrict?$CI?$AA@ 00000001800149c8     libvcruntime:undname.obj
 0002:000009d4       ??_C@_04NIHEBCM@?5new?$AA@ 00000001800149d4     libvcruntime:undname.obj
 0002:000009e0       ??_C@_07FPCDHGMM@?5delete?$AA@ 00000001800149e0     libvcruntime:undname.obj
 0002:000009e8       ??_C@_01NEMOKFLO@?$DN?$AA@ 00000001800149e8     libvcruntime:undname.obj
 0002:000009ec       ??_C@_02GPIOPFAK@?$DO?$DO?$AA@ 00000001800149ec     libvcruntime:undname.obj
 0002:000009f0       ??_C@_02FODMEDOG@?$DM?$DM?$AA@ 00000001800149f0     libvcruntime:undname.obj
 0002:000009f4       ??_C@_01DCLJPIOD@?$CB?$AA@ 00000001800149f4     libvcruntime:undname.obj
 0002:000009f8       ??_C@_02EGOFBIJA@?$DN?$DN?$AA@ 00000001800149f8     libvcruntime:undname.obj
 0002:000009fc       ??_C@_02FDNJECIE@?$CB?$DN?$AA@ 00000001800149fc     libvcruntime:undname.obj
 0002:00000a00       ??_C@_02GPECMEKF@?$FL?$FN?$AA@ 0000000180014a00     libvcruntime:undname.obj
 0002:00000a08       ??_C@_08LHJFAFGD@operator?$AA@ 0000000180014a08     libvcruntime:undname.obj
 0002:00000a14       ??_C@_02HBOOOICD@?9?$DO?$AA@ 0000000180014a14     libvcruntime:undname.obj
 0002:00000a18       ??_C@_01NBENCBCI@?$CK?$AA@ 0000000180014a18     libvcruntime:undname.obj
 0002:00000a1c       ??_C@_02ECNGHCIF@?$CL?$CL?$AA@ 0000000180014a1c     libvcruntime:undname.obj
 0002:00000a20       ??_C@_02BAABKJLB@?9?9?$AA@ 0000000180014a20     libvcruntime:undname.obj
 0002:00000a24       ??_C@_01JOAMLHOP@?9?$AA@   0000000180014a24     libvcruntime:undname.obj
 0002:00000a28       ??_C@_01MIFGBAGJ@?$CL?$AA@ 0000000180014a28     libvcruntime:undname.obj
 0002:00000a2c       ??_C@_01HNPIGOCE@?$CG?$AA@ 0000000180014a2c     libvcruntime:undname.obj
 0002:00000a30       ??_C@_03MNHNFDLC@?9?$DO?$CK?$AA@ 0000000180014a30     libvcruntime:undname.obj
 0002:00000a34       ??_C@_01KMDKNFGN@?1?$AA@   0000000180014a34     libvcruntime:undname.obj
 0002:00000a38       ??_C@_01FGNFDNOH@?$CF?$AA@ 0000000180014a38     libvcruntime:undname.obj
 0002:00000a3c       ??_C@_01MNNFJEPP@?$DM?$AA@ 0000000180014a3c     libvcruntime:undname.obj
 0002:00000a40       ??_C@_02EHCHHCKH@?$DM?$DN?$AA@ 0000000180014a40     libvcruntime:undname.obj
 0002:00000a44       ??_C@_01PPODPGHN@?$DO?$AA@ 0000000180014a44     libvcruntime:undname.obj
 0002:00000a48       ??_C@_02EEKDKGMJ@?$DO?$DN?$AA@ 0000000180014a48     libvcruntime:undname.obj
 0002:00000a4c       ??_C@_01IHBHIGKO@?0?$AA@   0000000180014a4c     libvcruntime:undname.obj
 0002:00000a50       ??_C@_02HCKGKOFO@?$CI?$CJ?$AA@ 0000000180014a50     libvcruntime:undname.obj
 0002:00000a54       ??_C@_01PJKLJHI@?$HO?$AA@  0000000180014a54     libvcruntime:undname.obj
 0002:00000a58       ??_C@_01JKBOJNNK@?$FO?$AA@ 0000000180014a58     libvcruntime:undname.obj
 0002:00000a5c       ??_C@_01DNKMNLPK@?$HM?$AA@ 0000000180014a5c     libvcruntime:undname.obj
 0002:00000a60       ??_C@_02PPKAJPJL@?$CG?$CG?$AA@ 0000000180014a60     libvcruntime:undname.obj
 0002:00000a64       ??_C@_02NONPIBCD@?$HM?$HM?$AA@ 0000000180014a64     libvcruntime:undname.obj
 0002:00000a68       ??_C@_02FPIMKNGF@?$CK?$DN?$AA@ 0000000180014a68     libvcruntime:undname.obj
 0002:00000a6c       ??_C@_02FOEOMHFC@?$CL?$DN?$AA@ 0000000180014a6c     libvcruntime:undname.obj
 0002:00000a70       ??_C@_02FKMDLLOA@?9?$DN?$AA@ 0000000180014a70     libvcruntime:undname.obj
 0002:00000a74       ??_C@_02FJEHGPIO@?1?$DN?$AA@ 0000000180014a74     libvcruntime:undname.obj
 0002:00000a78       ??_C@_02FENAOKFI@?$CF?$DN?$AA@ 0000000180014a78     libvcruntime:undname.obj
 0002:00000a7c       ??_C@_03IKFCCPFF@?$DO?$DO?$DN?$AA@ 0000000180014a7c     libvcruntime:undname.obj
 0002:00000a80       ??_C@_03CDNPDDLA@?$DM?$DM?$DN?$AA@ 0000000180014a80     libvcruntime:undname.obj
 0002:00000a84       ??_C@_02FGJGFEAB@?$CG?$DN?$AA@ 0000000180014a84     libvcruntime:undname.obj
 0002:00000a88       ??_C@_02DHLNPPGH@?$HM?$DN?$AA@ 0000000180014a88     libvcruntime:undname.obj
 0002:00000a8c       ??_C@_02MHEGNOJ@?$FO?$DN?$AA@ 0000000180014a8c     libvcruntime:undname.obj
 0002:00000a90       ??_C@_09IFPLHPGF@?$GAvftable?8?$AA@ 0000000180014a90     libvcruntime:undname.obj
 0002:00000aa0       ??_C@_09BLBHBJP@?$GAvbtable?8?$AA@ 0000000180014aa0     libvcruntime:undname.obj
 0002:00000ab0       ??_C@_07FEEIOKP@?$GAvcall?8?$AA@ 0000000180014ab0     libvcruntime:undname.obj
 0002:00000ab8       ??_C@_08LLFFHHDJ@?$GAtypeof?8?$AA@ 0000000180014ab8     libvcruntime:undname.obj
 0002:00000ac8       ??_C@_0BF@KDPPACIK@?$GAlocal?5static?5guard?8?$AA@ 0000000180014ac8     libvcruntime:undname.obj
 0002:00000ae0       ??_C@_08OBABFOLI@?$GAstring?8?$AA@ 0000000180014ae0     libvcruntime:undname.obj
 0002:00000af0       ??_C@_0BD@JDLKDPAB@?$GAvbase?5destructor?8?$AA@ 0000000180014af0     libvcruntime:undname.obj
 0002:00000b08       ??_C@_0BN@DEGPLNFK@?$GAvector?5deleting?5destructor?8?$AA@ 0000000180014b08     libvcruntime:undname.obj
 0002:00000b28       ??_C@_0BO@OBMKPJIG@?$GAdefault?5constructor?5closure?8?$AA@ 0000000180014b28     libvcruntime:undname.obj
 0002:00000b48       ??_C@_0BN@IMDCHIKM@?$GAscalar?5deleting?5destructor?8?$AA@ 0000000180014b48     libvcruntime:undname.obj
 0002:00000b68       ??_C@_0BO@PFGOCPJJ@?$GAvector?5constructor?5iterator?8?$AA@ 0000000180014b68     libvcruntime:undname.obj
 0002:00000b88       ??_C@_0BN@LFPFMEDL@?$GAvector?5destructor?5iterator?8?$AA@ 0000000180014b88     libvcruntime:undname.obj
 0002:00000ba8       ??_C@_0CE@IKBNEHA@?$GAvector?5vbase?5constructor?5iterat@ 0000000180014ba8     libvcruntime:undname.obj
 0002:00000bd0       ??_C@_0BL@NILFHHPC@?$GAvirtual?5displacement?5map?8?$AA@ 0000000180014bd0     libvcruntime:undname.obj
 0002:00000bf0       ??_C@_0CB@JONCMFFK@?$GAeh?5vector?5constructor?5iterator?8@ 0000000180014bf0     libvcruntime:undname.obj
 0002:00000c18       ??_C@_0CA@GCEOPDGL@?$GAeh?5vector?5destructor?5iterator?8?$AA@ 0000000180014c18     libvcruntime:undname.obj
 0002:00000c38       ??_C@_0CH@OOJPLCPH@?$GAeh?5vector?5vbase?5constructor?5ite@ 0000000180014c38     libvcruntime:undname.obj
 0002:00000c60       ??_C@_0BL@LLKPOHJI@?$GAcopy?5constructor?5closure?8?$AA@ 0000000180014c60     libvcruntime:undname.obj
 0002:00000c80       ??_C@_0BA@KBCDOMBN@?$GAudt?5returning?8?$AA@ 0000000180014c80     libvcruntime:undname.obj
 0002:00000c90       ??_C@_03KLGMFNMG@?$GAEH?$AA@ 0000000180014c90     libvcruntime:undname.obj
 0002:00000c94       ??_C@_05KHLCHHI@?$GARTTI?$AA@ 0000000180014c94     libvcruntime:undname.obj
 0002:00000ca0       ??_C@_0BA@KKLDJDLB@?$GAlocal?5vftable?8?$AA@ 0000000180014ca0     libvcruntime:undname.obj
 0002:00000cb0       ??_C@_0CE@IIHCMGGL@?$GAlocal?5vftable?5constructor?5closu@ 0000000180014cb0     libvcruntime:undname.obj
 0002:00000cd4       ??_C@_06FHBGPFGH@?5new?$FL?$FN?$AA@ 0000000180014cd4     libvcruntime:undname.obj
 0002:00000ce0       ??_C@_09LBNFPBCA@?5delete?$FL?$FN?$AA@ 0000000180014ce0     libvcruntime:undname.obj
 0002:00000cf0       ??_C@_0P@HJKNJFNN@?$GAomni?5callsig?8?$AA@ 0000000180014cf0     libvcruntime:undname.obj
 0002:00000d00       ??_C@_0BL@CNOONJFP@?$GAplacement?5delete?5closure?8?$AA@ 0000000180014d00     libvcruntime:undname.obj
 0002:00000d20       ??_C@_0BN@CKNJLHMB@?$GAplacement?5delete?$FL?$FN?5closure?8?$AA@ 0000000180014d20     libvcruntime:undname.obj
 0002:00000d40       ??_C@_0CG@CFDHKGGD@?$GAmanaged?5vector?5constructor?5iter@ 0000000180014d40     libvcruntime:undname.obj
 0002:00000d68       ??_C@_0CF@IMGKMJNO@?$GAmanaged?5vector?5destructor?5itera@ 0000000180014d68     libvcruntime:undname.obj
 0002:00000d90       ??_C@_0CG@HLDDJMAG@?$GAeh?5vector?5copy?5constructor?5iter@ 0000000180014d90     libvcruntime:undname.obj
 0002:00000db8       ??_C@_0CM@FCBBDIGB@?$GAeh?5vector?5vbase?5copy?5constructo@ 0000000180014db8     libvcruntime:undname.obj
 0002:00000de8       ??_C@_0BL@CLIPGLGB@?$GAdynamic?5initializer?5for?5?8?$AA@ 0000000180014de8     libvcruntime:undname.obj
 0002:00000e08       ??_C@_0CB@PDBIFEP@?$GAdynamic?5atexit?5destructor?5for?5?8@ 0000000180014e08     libvcruntime:undname.obj
 0002:00000e30       ??_C@_0CD@CGAJBKEJ@?$GAvector?5copy?5constructor?5iterato@ 0000000180014e30     libvcruntime:undname.obj
 0002:00000e58       ??_C@_0CJ@GJELGAMM@?$GAvector?5vbase?5copy?5constructor?5i@ 0000000180014e58     libvcruntime:undname.obj
 0002:00000e88       ??_C@_0CL@FGIJHLCE@?$GAmanaged?5vector?5copy?5constructor@ 0000000180014e88     libvcruntime:undname.obj
 0002:00000eb8       ??_C@_0BM@PMGGMLDN@?$GAlocal?5static?5thread?5guard?8?$AA@ 0000000180014eb8     libvcruntime:undname.obj
 0002:00000ed8       ??_C@_0N@BDNMDMOL@operator?5?$CC?$CC?5?$AA@ 0000000180014ed8     libvcruntime:undname.obj
 0002:00000ee8       ??_C@_0BC@DAFEJGAK@?5Type?5Descriptor?8?$AA@ 0000000180014ee8     libvcruntime:undname.obj
 0002:00000f00       ??_C@_0BM@LDKODKLH@?5Base?5Class?5Descriptor?5at?5?$CI?$AA@ 0000000180014f00     libvcruntime:undname.obj
 0002:00000f20       ??_C@_0BD@LGICGFMM@?5Base?5Class?5Array?8?$AA@ 0000000180014f20     libvcruntime:undname.obj
 0002:00000f38       ??_C@_0BN@MECKDCOJ@?5Class?5Hierarchy?5Descriptor?8?$AA@ 0000000180014f38     libvcruntime:undname.obj
 0002:00000f58       ??_C@_0BK@CFCOFLF@?5Complete?5Object?5Locator?8?$AA@ 0000000180014f58     libvcruntime:undname.obj
 0002:00000f80       standard_lookup_table      0000000180014f80     libucrt:output.obj
 0002:00000fdc       ??_C@_06OJHGLDPL@?$CInull?$CJ?$AA@ 0000000180014fdc     libucrt:output.obj
 0002:00000fe8       ??_C@_1O@CEDCILHN@?$AA?$CI?$AAn?$AAu?$AAl?$AAl?$AA?$CJ?$AA?$AA@ 0000000180014fe8     libucrt:output.obj
 0002:00001000       __acrt_exception_action_table 0000000180015000     libucrt:exception_filter.obj
 0002:000010c0       __acrt_signal_action_table_count 00000001800150c0     libucrt:exception_filter.obj
 0002:000010c8       __acrt_signal_action_first_fpe_index 00000001800150c8     libucrt:exception_filter.obj
 0002:000010d0       __acrt_signal_action_fpe_count 00000001800150d0     libucrt:exception_filter.obj
[...]
 0004:00000cfc       $pdata$??$?RV<lambda_c36588078e9f5dfd39652860aa6b3aaf>@@AEAV<lambda_ec61778202f4f5fc7e7711acc23c3bca>@@V<lambda_dc9d2797ccde5d239b4a0efae8ebd7db>@@@?$__crt_seh_guarded_call@P6AXH@Z@@QEAAP6AXH@Z$$QEAV<lambda_c36588078e9f5dfd39652860aa6b3aaf>@@AEAV<lambda_ec61778202f4f5fc7e7711acc23c3bca>@@$$QEAV<lambda_dc9d2797ccde5d239b4a0efae8ebd7db>@@@Z 0000000180021cfc     libucrt:signal.obj
 0004:00000d08       $pdata$__acrt_get_sigabrt_handler 0000000180021d08     libucrt:signal.obj
 0004:00000d14       $pdata$raise               0000000180021d14     libucrt:signal.obj
 0004:00000d20       $pdata$__acrt_invoke_user_matherr 0000000180021d20     libucrt:matherr.obj
 0004:00000d2c       $pdata$__pctype_func       0000000180021d2c     libucrt:ctype.obj
 0004:00000d38       $pdata$_isctype_l          0000000180021d38     libucrt:isctype.obj
 0004:00000d44       $pdata$?GetTableIndexFromLocaleName@@YAHPEB_W@Z 0000000180021d44     libucrt:lcidtoname_downlevel.obj
 0004:00000d50       $pdata$__acrt_DownlevelLocaleNameToLCID 0000000180021d50     libucrt:lcidtoname_downlevel.obj
 0004:00000d5c       $pdata$_fclose_nolock      0000000180021d5c     libucrt:fclose.obj
 0004:00000d68       $pdata$fclose              0000000180021d68     libucrt:fclose.obj
 0004:00000d74       $pdata$??$?RV<lambda_b521505b218e5242e90febf6bfebc422>@@AEAV<lambda_6978c1fb23f02e42e1d9e99668cc68aa>@@V<lambda_314360699dd331753a4119843814e9a7>@@@?$__crt_seh_guarded_call@H@@QEAAH$$QEAV<lambda_b521505b218e5242e90febf6bfebc422>@@AEAV<lambda_6978c1fb23f02e42e1d9e99668cc68aa>@@$$QEAV<lambda_314360699dd331753a4119843814e9a7>@@@Z 0000000180021d74     libucrt:commit.obj
 0004:00000d80       $pdata$_commit             0000000180021d80     libucrt:commit.obj
 0004:00000d8c       $pdata$?write_double_translated_ansi_nolock@@YA?AUwrite_result@?A0x9c548279@@HQEBDI@Z 0000000180021d8c     libucrt:write.obj
 0004:00000d98       $pdata$?write_text_ansi_nolock@@YA?AUwrite_result@?A0x9c548279@@HQEBDI@Z 0000000180021d98     libucrt:write.obj
 0004:00000da4       $pdata$?write_text_utf16le_nolock@@YA?AUwrite_result@?A0x9c548279@@HQEBDI@Z 0000000180021da4     libucrt:write.obj
 0004:00000db0       $pdata$?write_text_utf8_nolock@@YA?AUwrite_result@?A0x9c548279@@HQEBDI@Z 0000000180021db0     libucrt:write.obj
 0004:00000dbc       $pdata$_write              0000000180021dbc     libucrt:write.obj
 0004:00000dc8       $pdata$_write_nolock       0000000180021dc8     libucrt:write.obj
 0004:00000dd4       $pdata$__acrt_lowio_create_handle_array 0000000180021dd4     libucrt:osfinfo.obj
 0004:00000de0       $pdata$__acrt_lowio_destroy_handle_array 0000000180021de0     libucrt:osfinfo.obj
 0004:00000dec       $pdata$__acrt_lowio_ensure_fh_exists 0000000180021dec     libucrt:osfinfo.obj
 0004:00000df8       $pdata$_free_osfhnd        0000000180021df8     libucrt:osfinfo.obj
 0004:00000e04       $pdata$_get_osfhandle      0000000180021e04     libucrt:osfinfo.obj
 0004:00000e10       $pdata$_isleadbyte_l       0000000180021e10     libucrt:_wctype.obj
 0004:00000e1c       $pdata$?__acrt_LCMapStringA_stat@@YAHPEAU__crt_locale_pointers@@PEB_WKPEBDHPEADHHH@Z 0000000180021e1c     libucrt:lcmapstringa.obj
 0004:00000e28       $pdata$__acrt_LCMapStringA 0000000180021e28     libucrt:lcmapstringa.obj
 0004:00000e34       $pdata$__acrt_free_locale  0000000180021e34     libucrt:locale_refcounting.obj
 0004:00000e40       $pdata$__acrt_locale_free_lc_time_if_unreferenced 0000000180021e40     libucrt:locale_refcounting.obj
 0004:00000e4c       $pdata$__acrt_release_locale_ref 0000000180021e4c     libucrt:locale_refcounting.obj
 0004:00000e58       $pdata$__acrt_update_thread_locale_data 0000000180021e58     libucrt:locale_refcounting.obj
 0004:00000e64       $pdata$_updatetlocinfoEx_nolock 0000000180021e64     libucrt:locale_refcounting.obj
 0004:00000e70       $pdata$__acrt_fp_strflt_to_string 0000000180021e70     libucrt:_fptostr.obj
 0004:00000e7c       $pdata$?divide@__crt_strtox@@YA_KAEAUbig_integer@1@AEBU21@@Z 0000000180021e7c     libucrt:cfout.obj
 0004:00000e88       $pdata$5$?divide@__crt_strtox@@YA_KAEAUbig_integer@1@AEBU21@@Z 0000000180021e88     libucrt:cfout.obj
 0004:00000e94       $pdata$6$?divide@__crt_strtox@@YA_KAEAUbig_integer@1@AEBU21@@Z 0000000180021e94     libucrt:cfout.obj
 0004:00000ea0       $pdata$__acrt_fltout       0000000180021ea0     libucrt:cfout.obj
 0004:00000eac       $pdata$memcpy_s            0000000180021eac     libucrt:cfout.obj
 0004:00000eb8       $pdata$??$write_buffer_nolock@D@@YA_NDV__crt_stdio_stream@@@Z 0000000180021eb8     libucrt:_flsbuf.obj
 0004:00000ec4       $pdata$__acrt_stdio_flush_and_write_narrow_nolock 0000000180021ec4     libucrt:_flsbuf.obj
 0004:00000ed0       $pdata$_isatty             0000000180021ed0     libucrt:isatty.obj
 0004:00000edc       $pdata$__acrt_locale_free_monetary 0000000180021edc     libucrt:initmon.obj
 0004:00000ee8       $pdata$__acrt_locale_free_numeric 0000000180021ee8     libucrt:initnum.obj
 0004:00000ef4       $pdata$?free_crt_array_internal@@YAXQEAPEBX_K@Z 0000000180021ef4     libucrt:inittime.obj
 0004:00000f00       $pdata$__acrt_locale_free_time 0000000180021f00     libucrt:inittime.obj
 0004:00000f0c       $pdata$__acrt_GetStringTypeA 0000000180021f0c     libucrt:getstringtypea.obj
 0004:00000f18       $pdata$?shortsort@@YAXPEAD0_KP6AHPEBX2@Z@Z 0000000180021f18     libucrt:qsort.obj
 0004:00000f24       $pdata$2$?shortsort@@YAXPEAD0_KP6AHPEBX2@Z@Z 0000000180021f24     libucrt:qsort.obj
 0004:00000f30       $pdata$3$?shortsort@@YAXPEAD0_KP6AHPEBX2@Z@Z 0000000180021f30     libucrt:qsort.obj
 0004:00000f3c       $pdata$qsort               0000000180021f3c     libucrt:qsort.obj
 0004:00000f48       $pdata$4$qsort             0000000180021f48     libucrt:qsort.obj
 0004:00000f54       $pdata$5$qsort             0000000180021f54     libucrt:qsort.obj
 0004:00000f60       $pdata$strncpy_s           0000000180021f60     libucrt:strncpy_s.obj
 0004:00000f6c       $pdata$strpbrk             0000000180021f6c     libucrt:strpbrk.obj
 0004:00000f78       $pdata$_mbsdec_l           0000000180021f78     libucrt:mbsdec.obj
 0004:00000f84       $pdata$?initialize_multibyte@@YAHXZ 0000000180021f84     libucrt:multibyte_initializer.obj
 0004:00000f90       $pdata$_msize              0000000180021f90     libucrt:msize.obj
 0004:00000f9c       $pdata$_realloc_base       0000000180021f9c     libucrt:realloc_base.obj
 0004:00000fa8       $pdata$??$?RV<lambda_bfedae4ebbf01fab1bb6dcc6a9e276e0>@@AEAV<lambda_2fe9b910cf3cbf4a0ab98a02ba45b3ec>@@V<lambda_237c231691f317818eb88cc1d5d642d6>@@@?$__crt_seh_guarded_call@H@@QEAAH$$QEAV<lambda_bfedae4ebbf01fab1bb6dcc6a9e276e0>@@AEAV<lambda_2fe9b910cf3cbf4a0ab98a02ba45b3ec>@@$$QEAV<lambda_237c231691f317818eb88cc1d5d642d6>@@@Z 0000000180021fa8     libucrt:close.obj
 0004:00000fb4       $pdata$_close              0000000180021fb4     libucrt:close.obj
 0004:00000fc0       $pdata$_close_nolock       0000000180021fc0     libucrt:close.obj
 0004:00000fcc       $pdata$??$common_lseek@_J@@YA_JH_JH@Z 0000000180021fcc     libucrt:lseek.obj
 0004:00000fd8       $pdata$??$common_lseek_nolock@_J@@YA_JH_JH@Z 0000000180021fd8     libucrt:lseek.obj
 0004:00000fe4       $pdata$_putwch_nolock      0000000180021fe4     libucrt:putwch.obj
 0004:00000ff0       $pdata$fegetenv            0000000180021ff0     libucrt:fegetenv.obj
 0004:00000ffc       $pdata$fesetenv            0000000180021ffc     libucrt:fesetenv.obj
 0004:00001008       $pdata$feholdexcept        0000000180022008     libucrt:feholdexcept.obj
 0004:00001020       $pdata$__acrt_stdio_allocate_buffer_nolock 0000000180022020     libucrt:_getbuf.obj
 0004:0000102c       $pdata$__dcrt_lowio_initialize_console_output 000000018002202c     libucrt:initcon.obj
 0004:00001038       $pdata$__dcrt_terminate_console_output 0000000180022038     libucrt:initcon.obj
 0004:00001044       $pdata$_getfpcontrolword   0000000180022044     libucrt:_fenvutils.obj
 0004:00001050       $pdata$_getfpstatusword    0000000180022050     libucrt:_fenvutils.obj
 0004:0000105c       $pdata$_setfpstatusword    000000018002205c     libucrt:_fenvutils.obj
 0004:00001068       $pdata$_clearfp            0000000180022068     libucrt:ieee.obj
 0004:00001074       $pdata$common_control87    0000000180022074     libucrt:ieee.obj
 0004:00001080       $pdata$_call_matherr       0000000180022080     libucrt:libm_error.obj
 0004:0000108c       $pdata$_exception_enabled  000000018002208c     libucrt:libm_error.obj
 0004:00001098       $pdata$_handle_error       0000000180022098     libucrt:libm_error.obj
 0004:000010a4       $pdata$__acrt_initialize_fma3 00000001800220a4     libucrt:fma3_available.obj
 0004:000010b0       $pdata$_log10_special      00000001800220b0     libucrt:log_special.obj
 0004:000010bc       $pdata$_log_special_common 00000001800220bc     libucrt:log_special.obj
 0004:000010d4       $pdata$_raise_exc          00000001800220d4     libucrt:fpexcept.obj
 0004:000010e0       $pdata$_raise_exc_ex       00000001800220e0     libucrt:fpexcept.obj
 0004:000010ec       $pdata$_set_errno_from_matherr 00000001800220ec     libucrt:fpexcept.obj
 0004:000010f8       $pdata$_clrfp              00000001800220f8     libucrt:fpctrl.obj
 0004:00001104       $pdata$_ctrlfp             0000000180022104     libucrt:fpctrl.obj
 0004:00001110       $pdata$_set_statfp         0000000180022110     libucrt:fpctrl.obj
 0004:0000111c       $pdata$_statfp             000000018002211c     libucrt:fpctrl.obj
 0004:00001128       $pdata$?DloadAcquireSectionWriteAccess@@YAXXZ 0000000180022128     DelayImp:delayhlp.obj
 0004:00001134       $pdata$?DloadGetSRWLockFunctionPointers@@YAEXZ 0000000180022134     DelayImp:delayhlp.obj
 0004:00001140       $pdata$?DloadMakePermanentImageCommit@@YAXPEAX_K@Z 0000000180022140     DelayImp:delayhlp.obj
 0004:0000114c       $pdata$?DloadObtainSection@@YAPEAXPEAK0@Z 000000018002214c     DelayImp:delayhlp.obj
 0004:00001158       $pdata$?DloadProtectSection@@YAXKPEAK@Z 0000000180022158     DelayImp:delayhlp.obj
 0004:00001164       $pdata$?DloadReleaseSectionWriteAccess@@YAXXZ 0000000180022164     DelayImp:delayhlp.obj
 0004:00001170       $pdata$__delayLoadHelper2  0000000180022170     DelayImp:delayhlp.obj
 0004:0000117c       $pdata$__GSHandlerCheck    000000018002217c     LIBCMT:_gshandler_.obj
 0004:00001188       $pdata$__GSHandlerCheckCommon 0000000180022188     LIBCMT:_gshandler_.obj
 0004:00001194       $pdata$_IsNonwritableInCurrentImage 0000000180022194     LIBCMT:pesect.obj
 0004:000011ac       $pdata$strrchr             00000001800221ac     libvcruntime:strrchr.obj
 0004:000011d0       $pdata$?fin$0@?0??dllmain_crt_process_attach@@YAHQEAUHINSTANCE__@@QEAX@Z@4HA 00000001800221d0     LIBCMT:dll_dllmain.obj
 0004:000011dc       $pdata$?fin$0@?0??dllmain_crt_process_detach@@YAH_N@Z@4HA 00000001800221dc     LIBCMT:dll_dllmain.obj
 0004:000011e8       $pdata$?filt$0@?0??dllmain_dispatch@@YAHQEAUHINSTANCE__@@KQEAX@Z@4HA 00000001800221e8     LIBCMT:dll_dllmain.obj
 0004:000011f4       $pdata$__scrt_is_nonwritable_in_current_image$filt$0 00000001800221f4     LIBCMT:utility.obj
 0004:00001200       $pdata$?fin$0@?0???$?RV<lambda_aa279a7bcb127014629d5b1d62c7325d>@@AEAV<lambda_0a64b6a4deda75c01876f29c44fc5eb3>@@V<lambda_3323e69fbefe9d1a11713e670d47cdfa>@@@?$__crt_seh_guarded_call@H@@QEAAH$$QEAV<lambda_aa279a7bcb127014629d5b1d62c7325d>@@AEAV<lambda_0a64b6a4deda75c01876f29c44fc5eb3>@@$$QEAV<lambda_3323e69fbefe9d1a11713e670d47cdfa>@@@Z@4HA 0000000180022200     libucrt:output.obj
 0004:0000120c       $pdata$_query_new_handler$fin$0 000000018002220c     libucrt:new_handler.obj
 0004:00001218       $pdata$?filt$0@?0??common_exit@@YAXHW4_crt_exit_cleanup_mode@@W4_crt_exit_return_mode@@@Z@4HA 0000000180022218     libucrt:exit.obj
 0004:00001224       $pdata$?fin$1@?0??common_exit@@YAXHW4_crt_exit_cleanup_mode@@W4_crt_exit_return_mode@@@Z@4HA 0000000180022224     libucrt:exit.obj
 0004:00001230       $pdata$?fin$0@?0???$?RV<lambda_e24bbb7b643b32fcea6fa61b31d4c984>@@AEAV<lambda_275893d493268fdec8709772e3fcec0e>@@V<lambda_9d71df4d7cf3f480f8d633942495c3b0>@@@?$__crt_seh_guarded_call@H@@QEAAH$$QEAV<lambda_e24bbb7b643b32fcea6fa61b31d4c984>@@AEAV<lambda_275893d493268fdec8709772e3fcec0e>@@$$QEAV<lambda_9d71df4d7cf3f480f8d633942495c3b0>@@@Z@4HA 0000000180022230     libucrt:onexit.obj
 0004:0000123c       $pdata$_fcloseall$fin$0    000000018002223c     libucrt:closeall.obj
 0004:00001248       $pdata$common_flush_all$fin$0 0000000180022248     libucrt:fflush.obj
 0004:00001254       $pdata$common_flush_all$fin$1 0000000180022254     libucrt:fflush.obj
 0004:00001260       $pdata$?fin$0@?0???$?RV<lambda_72d1df2b273a38828b1ce30cbf4cdab5>@@AEAV<lambda_876a65b173b8412d3a47c70a915b0cf4>@@V<lambda_41932305e351933ebe8f8be3ed8bb5dc>@@@?$__crt_seh_guarded_call@X@@QEAAX$$QEAV<lambda_72d1df2b273a38828b1ce30cbf4cdab5>@@AEAV<lambda_876a65b173b8412d3a47c70a915b0cf4>@@$$QEAV<lambda_41932305e351933ebe8f8be3ed8bb5dc>@@@Z@4HA 0000000180022260     libucrt:per_thread_data.obj
 0004:00001260       $pdata$?fin$0@?0???$?RV<lambda_5e887d1dcbef67a5eb4283622ba103bf>@@AEAV<lambda_4466841279450cc726390878d4a41900>@@V<lambda_341c25c0346d94847f1f3c463c57e077>@@@?$__crt_seh_guarded_call@X@@QEAAX$$QEAV<lambda_5e887d1dcbef67a5eb4283622ba103bf>@@AEAV<lambda_4466841279450cc726390878d4a41900>@@$$QEAV<lambda_341c25c0346d94847f1f3c463c57e077>@@@Z@4HA 0000000180022260     libucrt:per_thread_data.obj
 0004:00001260       $pdata$?fin$0@?0???$?RV<lambda_c36588078e9f5dfd39652860aa6b3aaf>@@AEAV<lambda_ec61778202f4f5fc7e7711acc23c3bca>@@V<lambda_dc9d2797ccde5d239b4a0efae8ebd7db>@@@?$__crt_seh_guarded_call@P6AXH@Z@@QEAAP6AXH@Z$$QEAV<lambda_c36588078e9f5dfd39652860aa6b3aaf>@@AEAV<lambda_ec61778202f4f5fc7e7711acc23c3bca>@@$$QEAV<lambda_dc9d2797ccde5d239b4a0efae8ebd7db>@@@Z@4HA 0000000180022260     libucrt:signal.obj
 0004:00001260       $pdata$?fin$0@?0???$?RV<lambda_46352004c1216016012b18bd6f87e700>@@AEAV<lambda_3bd07e1a1191394380780325891bf33f>@@V<lambda_334532d3f185bcaa59b5be82d7d22bff>@@@?$__crt_seh_guarded_call@X@@QEAAX$$QEAV<lambda_46352004c1216016012b18bd6f87e700>@@AEAV<lambda_3bd07e1a1191394380780325891bf33f>@@$$QEAV<lambda_334532d3f185bcaa59b5be82d7d22bff>@@@Z@4HA 0000000180022260     libucrt:per_thread_data.obj
 0004:00001260       $pdata$?fin$0@?0???$?RV<lambda_fb3a7dec4e47f37f22dae91bb15c9095>@@AEAV<lambda_698284760c8add0bfb0756c19673e34b>@@V<lambda_dfb8eca1e75fef3034a8fb18dd509707>@@@?$__crt_seh_guarded_call@X@@QEAAX$$QEAV<lambda_fb3a7dec4e47f37f22dae91bb15c9095>@@AEAV<lambda_698284760c8add0bfb0756c19673e34b>@@$$QEAV<lambda_dfb8eca1e75fef3034a8fb18dd509707>@@@Z@4HA 0000000180022260     libucrt:per_thread_data.obj
 0004:00001260       $pdata$?fin$0@?0???$?RV<lambda_b8c45f8f788dd370798f47cfe8ac3a86>@@AEAV<lambda_4e60a939b0d047cfe11ddc22648dfba9>@@V<lambda_332c3edc96d0294ec56c57d38c1cdfd5>@@@?$__crt_seh_guarded_call@H@@QEAAH$$QEAV<lambda_b8c45f8f788dd370798f47cfe8ac3a86>@@AEAV<lambda_4e60a939b0d047cfe11ddc22648dfba9>@@$$QEAV<lambda_332c3edc96d0294ec56c57d38c1cdfd5>@@@Z@4HA 0000000180022260     libucrt:onexit.obj
 0004:00001260       $pdata$?fin$0@?0???$?RV<lambda_99476a1ad63dd22509b5d3e65b0ffc95>@@AEAV<lambda_ad1ced32f4ac17aa236e5ef05d6b3b7c>@@V<lambda_f7424dd8d45958661754dc4f2697e9c3>@@@?$__crt_seh_guarded_call@X@@QEAAX$$QEAV<lambda_99476a1ad63dd22509b5d3e65b0ffc95>@@AEAV<lambda_ad1ced32f4ac17aa236e5ef05d6b3b7c>@@$$QEAV<lambda_f7424dd8d45958661754dc4f2697e9c3>@@@Z@4HA 0000000180022260     libucrt:mbctype.obj
 0004:0000126c       $pdata$__acrt_update_thread_locale_data$fin$0 000000018002226c     libucrt:locale_refcounting.obj
 0004:0000126c       $pdata$__acrt_uninitialize_locale$fin$0 000000018002226c     libucrt:wsetlocale.obj
 0004:00001278       $pdata$__acrt_update_thread_multibyte_data$fin$0 0000000180022278     libucrt:mbctype.obj
 0004:00001284       $pdata$raise$fin$0         0000000180022284     libucrt:signal.obj
 0004:00001290       $pdata$fclose$fin$0        0000000180022290     libucrt:fclose.obj
 0004:0000129c       $pdata$__acrt_lowio_ensure_fh_exists$fin$0 000000018002229c     libucrt:osfinfo.obj
 0004:0000129c       $pdata$__acrt_initialize_lowio$fin$0 000000018002229c     libucrt:ioinit.obj
 0004:000012a8       $pdata$?fin$0@?0???$?RV<lambda_b521505b218e5242e90febf6bfebc422>@@AEAV<lambda_6978c1fb23f02e42e1d9e99668cc68aa>@@V<lambda_314360699dd331753a4119843814e9a7>@@@?$__crt_seh_guarded_call@H@@QEAAH$$QEAV<lambda_b521505b218e5242e90febf6bfebc422>@@AEAV<lambda_6978c1fb23f02e42e1d9e99668cc68aa>@@$$QEAV<lambda_314360699dd331753a4119843814e9a7>@@@Z@4HA 00000001800222a8     libucrt:commit.obj
 0004:000012a8       $pdata$?fin$0@?0???$?RV<lambda_bfedae4ebbf01fab1bb6dcc6a9e276e0>@@AEAV<lambda_2fe9b910cf3cbf4a0ab98a02ba45b3ec>@@V<lambda_237c231691f317818eb88cc1d5d642d6>@@@?$__crt_seh_guarded_call@H@@QEAAH$$QEAV<lambda_bfedae4ebbf01fab1bb6dcc6a9e276e0>@@AEAV<lambda_2fe9b910cf3cbf4a0ab98a02ba45b3ec>@@$$QEAV<lambda_237c231691f317818eb88cc1d5d642d6>@@@Z@4HA 00000001800222a8     libucrt:close.obj
 0004:000012b4       $pdata$_write$fin$0        00000001800222b4     libucrt:write.obj
 0004:000012b4       $pdata$?fin$0@?0???$common_lseek@_J@@YA_JH_JH@Z@4HA 00000001800222b4     libucrt:lseek.obj
 0004:000012c0       $pdata$_ctrlfp$filt$0      00000001800222c0     libucrt:fpctrl.obj
 0004:000012c0       $pdata$common_control87$filt$0 00000001800222c0     libucrt:ieee.obj
 0004:000012cc       $pdata$_IsNonwritableInCurrentImage$filt$0 00000001800222cc     LIBCMT:pesect.obj
 0005:00000000       __guard_fids__             0000000180023000     libucrt:initialization.obj
 0005:00000060       __guard_fids__             0000000180023060     libucrt:stdio_initializer.obj
 0005:00000064       __guard_fids__             0000000180023064     libucrt:stdio_initializer.obj
 0005:00000068       __guard_fids___acrt_initialize_ptd 0000000180023068     libucrt:per_thread_data.obj
 0005:0000006c       __guard_fids_??$expand_argument_wildcards@D@@YAHQEAD0AEAV?$argument_list@D@?A0xca0879c4@@@Z 000000018002306c     libucrt:argv_wildcards.obj
 0005:00000070       __guard_fids__             0000000180023070     libucrt:locale_initializer.obj
 0005:00000074       __guard_fids__             0000000180023074     libucrt:multibyte_initializer.obj
 0005:00000078       __guard_fids__             0000000180023078     libucrt:console_output_initializer.obj
 0005:0000007c       __guard_fids__             000000018002307c     libucrt:fma3_initializer.obj
 0005:00000080       __guard_fids_?dllmain_crt_process_attach@@YAHQEAUHINSTANCE__@@QEAX@Z 0000000180023080     LIBCMT:dll_dllmain.obj
 0005:00000088       __guard_fids_?dllmain_dispatch@@YAHQEAUHINSTANCE__@@KQEAX@Z 0000000180023088     LIBCMT:dll_dllmain.obj
 0005:0000008c       __guard_fids__             000000018002308c     LIBCMT:throw_bad_alloc.obj
 0005:00000094       __guard_fids__             0000000180023094     LIBCMT:throw_bad_alloc.obj
 0005:0000009c       __guard_fids__             000000018002309c     LIBCMT:throw_bad_alloc.obj
 0005:000000a4       __guard_fids__             00000001800230a4     LIBCMT:std_type_info_static.obj
 0005:000000a8       __guard_fids__             00000001800230a8     LIBCMT:guard_support.obj
 0005:000000ac       __guard_fids__             00000001800230ac     libvcruntime:telemetry.obj
 0005:000000b0       __guard_fids_?TraceLoggingRegister@__vcrt_trace_logging_provider@@YAJPEBU_TlgProvider_t@1@PEBU_GUID@@P6AX1KE_K2PEAU_EVENT_FILTER_DESCRIPTOR@@PEAX@Z4@Z 00000001800230b0     libvcruntime:telemetry.obj
 0005:000000b4       __guard_fids___vcrt_initialize_ptd 00000001800230b4     libvcruntime:per_thread_data.obj
 0006:00000060       $R000000                   0000000180024060     * linker generated manifest res *

 Exports

  ordinal    name

        1    _register_screen_
